Archive member included to satisfy reference by file (symbol)

c:/st/stm32cubeide_1.10.1/stm32cubeide/plugins/com.st.stm32cube.ide.mcu.externaltools.gnu-tools-for-stm32.10.3-2021.10.win32_1.0.0.202111181127/tools/bin/../lib/gcc/arm-none-eabi/10.3.1/../../../../arm-none-eabi/lib/thumb/v7e-m/nofp\libc_nano.a(lib_a-exit.o)
                              c:/st/stm32cubeide_1.10.1/stm32cubeide/plugins/com.st.stm32cube.ide.mcu.externaltools.gnu-tools-for-stm32.10.3-2021.10.win32_1.0.0.202111181127/tools/bin/../lib/gcc/arm-none-eabi/10.3.1/../../../../arm-none-eabi/lib/thumb/v7e-m/nofp/crt0.o (exit)
c:/st/stm32cubeide_1.10.1/stm32cubeide/plugins/com.st.stm32cube.ide.mcu.externaltools.gnu-tools-for-stm32.10.3-2021.10.win32_1.0.0.202111181127/tools/bin/../lib/gcc/arm-none-eabi/10.3.1/../../../../arm-none-eabi/lib/thumb/v7e-m/nofp\libc_nano.a(lib_a-impure.o)
                              c:/st/stm32cubeide_1.10.1/stm32cubeide/plugins/com.st.stm32cube.ide.mcu.externaltools.gnu-tools-for-stm32.10.3-2021.10.win32_1.0.0.202111181127/tools/bin/../lib/gcc/arm-none-eabi/10.3.1/../../../../arm-none-eabi/lib/thumb/v7e-m/nofp\libc_nano.a(lib_a-exit.o) (_global_impure_ptr)
c:/st/stm32cubeide_1.10.1/stm32cubeide/plugins/com.st.stm32cube.ide.mcu.externaltools.gnu-tools-for-stm32.10.3-2021.10.win32_1.0.0.202111181127/tools/bin/../lib/gcc/arm-none-eabi/10.3.1/../../../../arm-none-eabi/lib/thumb/v7e-m/nofp\libc_nano.a(lib_a-init.o)
                              c:/st/stm32cubeide_1.10.1/stm32cubeide/plugins/com.st.stm32cube.ide.mcu.externaltools.gnu-tools-for-stm32.10.3-2021.10.win32_1.0.0.202111181127/tools/bin/../lib/gcc/arm-none-eabi/10.3.1/../../../../arm-none-eabi/lib/thumb/v7e-m/nofp/crt0.o (__libc_init_array)
c:/st/stm32cubeide_1.10.1/stm32cubeide/plugins/com.st.stm32cube.ide.mcu.externaltools.gnu-tools-for-stm32.10.3-2021.10.win32_1.0.0.202111181127/tools/bin/../lib/gcc/arm-none-eabi/10.3.1/../../../../arm-none-eabi/lib/thumb/v7e-m/nofp\libc_nano.a(lib_a-memset.o)
                              c:/st/stm32cubeide_1.10.1/stm32cubeide/plugins/com.st.stm32cube.ide.mcu.externaltools.gnu-tools-for-stm32.10.3-2021.10.win32_1.0.0.202111181127/tools/bin/../lib/gcc/arm-none-eabi/10.3.1/../../../../arm-none-eabi/lib/thumb/v7e-m/nofp/crt0.o (memset)
c:/st/stm32cubeide_1.10.1/stm32cubeide/plugins/com.st.stm32cube.ide.mcu.externaltools.gnu-tools-for-stm32.10.3-2021.10.win32_1.0.0.202111181127/tools/bin/../lib/gcc/arm-none-eabi/10.3.1/../../../../arm-none-eabi/lib/thumb/v7e-m/nofp\libc_nano.a(lib_a-sprintf.o)
                              ./app/src/main.o (sprintf)
c:/st/stm32cubeide_1.10.1/stm32cubeide/plugins/com.st.stm32cube.ide.mcu.externaltools.gnu-tools-for-stm32.10.3-2021.10.win32_1.0.0.202111181127/tools/bin/../lib/gcc/arm-none-eabi/10.3.1/../../../../arm-none-eabi/lib/thumb/v7e-m/nofp\libc_nano.a(lib_a-nano-svfprintf.o)
                              c:/st/stm32cubeide_1.10.1/stm32cubeide/plugins/com.st.stm32cube.ide.mcu.externaltools.gnu-tools-for-stm32.10.3-2021.10.win32_1.0.0.202111181127/tools/bin/../lib/gcc/arm-none-eabi/10.3.1/../../../../arm-none-eabi/lib/thumb/v7e-m/nofp\libc_nano.a(lib_a-sprintf.o) (_svfprintf_r)
c:/st/stm32cubeide_1.10.1/stm32cubeide/plugins/com.st.stm32cube.ide.mcu.externaltools.gnu-tools-for-stm32.10.3-2021.10.win32_1.0.0.202111181127/tools/bin/../lib/gcc/arm-none-eabi/10.3.1/../../../../arm-none-eabi/lib/thumb/v7e-m/nofp\libc_nano.a(lib_a-nano-vfprintf_i.o)
                              c:/st/stm32cubeide_1.10.1/stm32cubeide/plugins/com.st.stm32cube.ide.mcu.externaltools.gnu-tools-for-stm32.10.3-2021.10.win32_1.0.0.202111181127/tools/bin/../lib/gcc/arm-none-eabi/10.3.1/../../../../arm-none-eabi/lib/thumb/v7e-m/nofp\libc_nano.a(lib_a-nano-svfprintf.o) (_printf_i)
c:/st/stm32cubeide_1.10.1/stm32cubeide/plugins/com.st.stm32cube.ide.mcu.externaltools.gnu-tools-for-stm32.10.3-2021.10.win32_1.0.0.202111181127/tools/bin/../lib/gcc/arm-none-eabi/10.3.1/../../../../arm-none-eabi/lib/thumb/v7e-m/nofp\libc_nano.a(lib_a-memchr.o)
                              c:/st/stm32cubeide_1.10.1/stm32cubeide/plugins/com.st.stm32cube.ide.mcu.externaltools.gnu-tools-for-stm32.10.3-2021.10.win32_1.0.0.202111181127/tools/bin/../lib/gcc/arm-none-eabi/10.3.1/../../../../arm-none-eabi/lib/thumb/v7e-m/nofp\libc_nano.a(lib_a-nano-svfprintf.o) (memchr)
c:/st/stm32cubeide_1.10.1/stm32cubeide/plugins/com.st.stm32cube.ide.mcu.externaltools.gnu-tools-for-stm32.10.3-2021.10.win32_1.0.0.202111181127/tools/bin/../lib/gcc/arm-none-eabi/10.3.1/../../../../arm-none-eabi/lib/thumb/v7e-m/nofp\libc_nano.a(lib_a-memcpy-stub.o)
                              c:/st/stm32cubeide_1.10.1/stm32cubeide/plugins/com.st.stm32cube.ide.mcu.externaltools.gnu-tools-for-stm32.10.3-2021.10.win32_1.0.0.202111181127/tools/bin/../lib/gcc/arm-none-eabi/10.3.1/../../../../arm-none-eabi/lib/thumb/v7e-m/nofp\libc_nano.a(lib_a-nano-svfprintf.o) (memcpy)
[...]
Memory Configuration

Name             Origin             Length             Attributes
FLASH            0x0000000008000000 0x0000000000080000 xr
RAM              0x0000000020000000 0x0000000000010000 xrw
CCMRAM           0x0000000010000000 0x0000000000004000 rw
*default*        0x0000000000000000 0xffffffffffffffff

Linker script and memory map

LOAD c:/st/stm32cubeide_1.10.1/stm32cubeide/plugins/com.st.stm32cube.ide.mcu.externaltools.gnu-tools-for-stm32.10.3-2021.10.win32_1.0.0.202111181127/tools/bin/../lib/gcc/arm-none-eabi/10.3.1/thumb/v7e-m/nofp/crti.o
LOAD c:/st/stm32cubeide_1.10.1/stm32cubeide/plugins/com.st.stm32cube.ide.mcu.externaltools.gnu-tools-for-stm32.10.3-2021.10.win32_1.0.0.202111181127/tools/bin/../lib/gcc/arm-none-eabi/10.3.1/thumb/v7e-m/nofp/crtbegin.o
LOAD c:/st/stm32cubeide_1.10.1/stm32cubeide/plugins/com.st.stm32cube.ide.mcu.externaltools.gnu-tools-for-stm32.10.3-2021.10.win32_1.0.0.202111181127/tools/bin/../lib/gcc/arm-none-eabi/10.3.1/../../../../arm-none-eabi/lib/thumb/v7e-m/nofp/crt0.o
LOAD ./app/src/main.o
LOAD ./app/statup_stm32f303re.o
LOAD ./display/display.o
LOAD ./display/fonts.o
LOAD ./driver/src/gpio.o
LOAD ./driver/src/i2c.o
LOAD ./keypad/keypad.o
LOAD ./rtc/rtc.o
START GROUP
LOAD c:/st/stm32cubeide_1.10.1/stm32cubeide/plugins/com.st.stm32cube.ide.mcu.externaltools.gnu-tools-for-stm32.10.3-2021.10.win32_1.0.0.202111181127/tools/bin/../lib/gcc/arm-none-eabi/10.3.1/../../../../arm-none-eabi/lib/thumb/v7e-m/nofp\libc_nano.a
LOAD c:/st/stm32cubeide_1.10.1/stm32cubeide/plugins/com.st.stm32cube.ide.mcu.externaltools.gnu-tools-for-stm32.10.3-2021.10.win32_1.0.0.202111181127/tools/bin/../lib/gcc/arm-none-eabi/10.3.1/../../../../arm-none-eabi/lib/thumb/v7e-m/nofp\libm.a
END GROUP
START GROUP
LOAD c:/st/stm32cubeide_1.10.1/stm32cubeide/plugins/com.st.stm32cube.ide.mcu.externaltools.gnu-tools-for-stm32.10.3-2021.10.win32_1.0.0.202111181127/tools/bin/../lib/gcc/arm-none-eabi/10.3.1/thumb/v7e-m/nofp\libgcc.a
LOAD c:/st/stm32cubeide_1.10.1/stm32cubeide/plugins/com.st.stm32cube.ide.mcu.externaltools.gnu-tools-for-stm32.10.3-2021.10.win32_1.0.0.202111181127/tools/bin/../lib/gcc/arm-none-eabi/10.3.1/../../../../arm-none-eabi/lib/thumb/v7e-m/nofp\libc_nano.a
END GROUP
START GROUP
LOAD c:/st/stm32cubeide_1.10.1/stm32cubeide/plugins/com.st.stm32cube.ide.mcu.externaltools.gnu-tools-for-stm32.10.3-2021.10.win32_1.0.0.202111181127/tools/bin/../lib/gcc/arm-none-eabi/10.3.1/thumb/v7e-m/nofp\libgcc.a
LOAD c:/st/stm32cubeide_1.10.1/stm32cubeide/plugins/com.st.stm32cube.ide.mcu.externaltools.gnu-tools-for-stm32.10.3-2021.10.win32_1.0.0.202111181127/tools/bin/../lib/gcc/arm-none-eabi/10.3.1/../../../../arm-none-eabi/lib/thumb/v7e-m/nofp\libc_nano.a
LOAD c:/st/stm32cubeide_1.10.1/stm32cubeide/plugins/com.st.stm32cube.ide.mcu.externaltools.gnu-tools-for-stm32.10.3-2021.10.win32_1.0.0.202111181127/tools/bin/../lib/gcc/arm-none-eabi/10.3.1/../../../../arm-none-eabi/lib/thumb/v7e-m/nofp\libnosys.a
END GROUP
START GROUP
LOAD c:/st/stm32cubeide_1.10.1/stm32cubeide/plugins/com.st.stm32cube.ide.mcu.externaltools.gnu-tools-for-stm32.10.3-2021.10.win32_1.0.0.202111181127/tools/bin/../lib/gcc/arm-none-eabi/10.3.1/thumb/v7e-m/nofp\libgcc.a
LOAD c:/st/stm32cubeide_1.10.1/stm32cubeide/plugins/com.st.stm32cube.ide.mcu.externaltools.gnu-tools-for-stm32.10.3-2021.10.win32_1.0.0.202111181127/tools/bin/../lib/gcc/arm-none-eabi/10.3.1/../../../../arm-none-eabi/lib/thumb/v7e-m/nofp\libc_nano.a
LOAD c:/st/stm32cubeide_1.10.1/stm32cubeide/plugins/com.st.stm32cube.ide.mcu.externaltools.gnu-tools-for-stm32.10.3-2021.10.win32_1.0.0.202111181127/tools/bin/../lib/gcc/arm-none-eabi/10.3.1/../../../../arm-none-eabi/lib/thumb/v7e-m/nofp\libnosys.a
END GROUP
LOAD c:/st/stm32cubeide_1.10.1/stm32cubeide/plugins/com.st.stm32cube.ide.mcu.externaltools.gnu-tools-for-stm32.10.3-2021.10.win32_1.0.0.202111181127/tools/bin/../lib/gcc/arm-none-eabi/10.3.1/thumb/v7e-m/nofp/crtend.o
LOAD c:/st/stm32cubeide_1.10.1/stm32cubeide/plugins/com.st.stm32cube.ide.mcu.externaltools.gnu-tools-for-stm32.10.3-2021.10.win32_1.0.0.202111181127/tools/bin/../lib/gcc/arm-none-eabi/10.3.1/thumb/v7e-m/nofp/crtn.o
                0x0000000020010000                _estack = 0x20010000
                0x0000000000000200                _Min_Heap_Size = 0x200
                0x0000000000000400                _Min_Stack_Size = 0x400

.isr_vector     0x0000000008000000      0x194
                0x0000000008000000                . = ALIGN (0x4)
 *(.isr_vector)
 .isr_vector    0x0000000008000000      0x194 ./app/statup_stm32f303re.o
                0x0000000008000000                g_pfnVectors
                0x0000000008000194                . = ALIGN (0x4)

.text           0x00000000080001a0     0x1efc
                0x00000000080001a0                . = ALIGN (0x4)
 *(.text)
 .text          0x00000000080001a0       0x40 c:/st/stm32cubeide_1.10.1/stm32cubeide/plugins/com.st.stm32cube.ide.mcu.externaltools.gnu-tools-for-stm32.10.3-2021.10.win32_1.0.0.202111181127/tools/bin/../lib/gcc/arm-none-eabi/10.3.1/thumb/v7e-m/nofp/crtbegin.o
 .text          0x00000000080001e0       0xa0 c:/st/stm32cubeide_1.10.1/stm32cubeide/plugins/com.st.stm32cube.ide.mcu.externaltools.gnu-tools-for-stm32.10.3-2021.10.win32_1.0.0.202111181127/tools/bin/../lib/gcc/arm-none-eabi/10.3.1/../../../../arm-none-eabi/lib/thumb/v7e-m/nofp\libc_nano.a(lib_a-memchr.o)
                0x00000000080001e0                memchr
 *(.text*)
 .text.__NVIC_SetPriority
                0x0000000008000280       0x54 ./app/src/main.o
 .text.main     0x00000000080002d4      0x1f0 ./app/src/main.o
                0x00000000080002d4                main
 .text.systick_enable
                0x00000000080004c4       0x3c ./app/src/main.o
                0x00000000080004c4                systick_enable
 .text.SysTick_Handler
                0x0000000008000500       0x1c ./app/src/main.o
                0x0000000008000500                SysTick_Handler
 .text.delay_ms
                0x000000000800051c       0x2a ./app/src/main.o
                0x000000000800051c                delay_ms
 *fill*         0x0000000008000546        0x2 
 .text.get_mtick
                0x0000000008000548       0x14 ./app/src/main.o
                0x0000000008000548                get_mtick
 .text.Reset_Handler
                0x000000000800055c       0x4c ./app/statup_stm32f303re.o
                0x000000000800055c                Reset_Handler
 .text.Default_Handler
                0x00000000080005a8        0x2 ./app/statup_stm32f303re.o
                0x00000000080005a8                RTC_Alarm_IRQHandler
                0x00000000080005a8                TIM8_TRG_COM_IRQHandler
                0x00000000080005a8                TIM8_CC_IRQHandler
                0x00000000080005a8                DebugMon_Handler
                0x00000000080005a8                SPI4_IRQHandler
                0x00000000080005a8                TIM1_CC_IRQHandler
                0x00000000080005a8                HardFault_Handler
                0x00000000080005a8                USB_HP_IRQHandler
                0x00000000080005a8                PVD_IRQHandler
                0x00000000080005a8                TAMP_STAMP_IRQHandler
                0x00000000080005a8                PendSV_Handler
                0x00000000080005a8                NMI_Handler
                0x00000000080005a8                EXTI3_IRQHandler
                0x00000000080005a8                I2C3_ER_IRQHandler
                0x00000000080005a8                USB_HP_CAN_TX_IRQHandler
                0x00000000080005a8                EXTI0_IRQHandler
                0x00000000080005a8                I2C2_EV_IRQHandler
                0x00000000080005a8                FPU_IRQHandler
                0x00000000080005a8                TIM1_UP_TIM16_IRQHandler
                0x00000000080005a8                UsageFault_Handler
                0x00000000080005a8                ADC1_2_IRQHandler
                0x00000000080005a8                SPI1_IRQHandler
                0x00000000080005a8                CAN_SCE_IRQHandler
                0x00000000080005a8                TIM6_DAC_IRQHandler
                0x00000000080005a8                TIM8_UP_IRQHandler
                0x00000000080005a8                DMA2_Channel2_IRQHandler
                0x00000000080005a8                DMA1_Channel4_IRQHandler
                0x00000000080005a8                TIM20_TRG_COM_IRQHandler
                0x00000000080005a8                USART3_IRQHandler
                0x00000000080005a8                DMA1_Channel7_IRQHandler
                0x00000000080005a8                UART5_IRQHandler
                0x00000000080005a8                ADC3_IRQHandler
                0x00000000080005a8                TIM4_IRQHandler
                0x00000000080005a8                CAN_RX1_IRQHandler
                0x00000000080005a8                DMA2_Channel1_IRQHandler
                0x00000000080005a8                I2C1_EV_IRQHandler
                0x00000000080005a8                DMA1_Channel6_IRQHandler
                0x00000000080005a8                UART4_IRQHandler
                0x00000000080005a8                DMA2_Channel4_IRQHandler
                0x00000000080005a8                TIM3_IRQHandler
                0x00000000080005a8                RCC_IRQHandler
                0x00000000080005a8                TIM20_UP_IRQHandler
                0x00000000080005a8                DMA1_Channel1_IRQHandler
                0x00000000080005a8                Default_Handler
                0x00000000080005a8                USBWakeUp_RMP_IRQHandler
                0x00000000080005a8                EXTI15_10_IRQHandler
                0x00000000080005a8                TIM7_IRQHandler
                0x00000000080005a8                I2C3_EV_IRQHandler
                0x00000000080005a8                EXTI9_5_IRQHandler
                0x00000000080005a8                RTC_WKUP_IRQHandler
                0x00000000080005a8                SPI2_IRQHandler
                0x00000000080005a8                USB_LP_CAN_RX0_IRQHandler
                0x00000000080005a8                MemManage_Handler
                0x00000000080005a8                SVC_Handler
                0x00000000080005a8                DMA2_Channel5_IRQHandler
                0x00000000080005a8                DMA1_Channel5_IRQHandler
                0x00000000080005a8                USB_LP_IRQHandler
                0x00000000080005a8                EXTI4_IRQHandler
                0x00000000080005a8                TIM1_TRG_COM_TIM17_IRQHandler
                0x00000000080005a8                DMA1_Channel3_IRQHandler
                0x00000000080005a8                ADC4_IRQHandler
                0x00000000080005a8                WWDG_IRQHandler
                0x00000000080005a8                TIM2_IRQHandler
                0x00000000080005a8                COMP7_IRQHandler
                0x00000000080005a8                COMP1_2_3_IRQHandler
                0x00000000080005a8                EXTI1_IRQHandler
                0x00000000080005a8                USART2_IRQHandler
                0x00000000080005a8                COMP4_5_6_IRQHandler
                0x00000000080005a8                TIM20_BRK_IRQHandler
                0x00000000080005a8                I2C2_ER_IRQHandler
                0x00000000080005a8                DMA1_Channel2_IRQHandler
                0x00000000080005a8                TIM8_BRK_IRQHandler
                0x00000000080005a8                FLASH_IRQHandler
                0x00000000080005a8                TIM20_CC_IRQHandler
                0x00000000080005a8                BusFault_Handler
                0x00000000080005a8                USART1_IRQHandler
                0x00000000080005a8                SPI3_IRQHandler
                0x00000000080005a8                I2C1_ER_IRQHandler
                0x00000000080005a8                FMC_IRQHandler
                0x00000000080005a8                USBWakeUp_IRQHandler
                0x00000000080005a8                DMA2_Channel3_IRQHandler
                0x00000000080005a8                EXTI2_TSC_IRQHandler
                0x00000000080005a8                TIM1_BRK_TIM15_IRQHandler
 .text.Display_DrawBitmap
                0x00000000080005aa       0xc0 ./display/display.o
                0x00000000080005aa                Display_DrawBitmap
 .text.Display_Init
                0x000000000800066a      0x21c ./display/display.o
                0x000000000800066a                Display_Init
 .text.Display_UpdateScreen
                0x0000000008000886       0x70 ./display/display.o
                0x0000000008000886                Display_UpdateScreen
 .text.Display_Fill
                0x00000000080008f6       0x2e ./display/display.o
                0x00000000080008f6                Display_Fill
 .text.Display_DrawPixel
                0x0000000008000924       0xca ./display/display.o
                0x0000000008000924                Display_DrawPixel
 .text.Display_GotoXY
                0x00000000080009ee       0x2a ./display/display.o
                0x00000000080009ee                Display_GotoXY
 .text.Display_Putc
                0x0000000008000a18      0x10e ./display/display.o
                0x0000000008000a18                Display_Putc
 .text.Display_Puts
                0x0000000008000b26       0x4a ./display/display.o
                0x0000000008000b26                Display_Puts
 .text.Display_I2C_WriteMulti
                0x0000000008000b70      0x11a ./display/display.o
                0x0000000008000b70                Display_I2C_WriteMulti
 .text.Display_I2C_Write
                0x0000000008000c8a       0xae ./display/display.o
                0x0000000008000c8a                Display_I2C_Write
 .text.gpio_clock_enable
                0x0000000008000d38       0xe0 ./driver/src/gpio.o
                0x0000000008000d38                gpio_clock_enable
 .text.reset_io
                0x0000000008000e18       0x2a ./driver/src/gpio.o
                0x0000000008000e18                reset_io
 .text.gpio_config_pin
                0x0000000008000e42       0x6e ./driver/src/gpio.o
                0x0000000008000e42                gpio_config_pin
 .text.gpio_set_pinState
                0x0000000008000eb0       0x46 ./driver/src/gpio.o
                0x0000000008000eb0                gpio_set_pinState
 *fill*         0x0000000008000ef6        0x2 
 .text.I2C_Init
                0x0000000008000ef8      0x1dc ./driver/src/i2c.o
                0x0000000008000ef8                I2C_Init
 .text.I2C_Write
                0x00000000080010d4       0x92 ./driver/src/i2c.o
                0x00000000080010d4                I2C_Write
 .text.I2C_Read
                0x0000000008001166       0xa0 ./driver/src/i2c.o
                0x0000000008001166                I2C_Read
 *fill*         0x0000000008001206        0x2 
 .text.keypad_init
                0x0000000008001208       0x34 ./keypad/keypad.o
                0x0000000008001208                keypad_init
 .text.keypad_config_key_direction
                0x000000000800123c       0xd8 ./keypad/keypad.o
 .text.keypad_inverse_pin_direction
                0x0000000008001314       0xd8 ./keypad/keypad.o
 .text.keypad_get_pressedkey
                0x00000000080013ec      0x164 ./keypad/keypad.o
                0x00000000080013ec                keypad_get_pressedkey
 .text.rtc_init
                0x0000000008001550       0x1c ./rtc/rtc.o
                0x0000000008001550                rtc_init
 .text.rtc_get_reg
                0x000000000800156c       0x3c ./rtc/rtc.o
                0x000000000800156c                rtc_get_reg
 .text.rtc_get_time
                0x00000000080015a8       0xf8 ./rtc/rtc.o
                0x00000000080015a8                rtc_get_time
 .text.rtc_get_date
                0x00000000080016a0       0x96 ./rtc/rtc.o
                0x00000000080016a0                rtc_get_date
 *fill*         0x0000000008001736        0x2 
 .text.__libc_init_array
                0x0000000008001738       0x48 c:/st/stm32cubeide_1.10.1/stm32cubeide/plugins/com.st.stm32cube.ide.mcu.externaltools.gnu-tools-for-stm32.10.3-2021.10.win32_1.0.0.202111181127/tools/bin/../lib/gcc/arm-none-eabi/10.3.1/../../../../arm-none-eabi/lib/thumb/v7e-m/nofp\libc_nano.a(lib_a-init.o)
                0x0000000008001738                __libc_init_array
 .text.memset   0x0000000008001780       0x10 c:/st/stm32cubeide_1.10.1/stm32cubeide/plugins/com.st.stm32cube.ide.mcu.externaltools.gnu-tools-for-stm32.10.3-2021.10.win32_1.0.0.202111181127/tools/bin/../lib/gcc/arm-none-eabi/10.3.1/../../../../arm-none-eabi/lib/thumb/v7e-m/nofp\libc_nano.a(lib_a-memset.o)
                0x0000000008001780                memset
 .text.sprintf  0x0000000008001790       0x40 c:/st/stm32cubeide_1.10.1/stm32cubeide/plugins/com.st.stm32cube.ide.mcu.externaltools.gnu-tools-for-stm32.10.3-2021.10.win32_1.0.0.202111181127/tools/bin/../lib/gcc/arm-none-eabi/10.3.1/../../../../arm-none-eabi/lib/thumb/v7e-m/nofp\libc_nano.a(lib_a-sprintf.o)
                0x0000000008001790                siprintf
                0x0000000008001790                sprintf
 .text.__ssputs_r
                0x00000000080017d0       0xb6 c:/st/stm32cubeide_1.10.1/stm32cubeide/plugins/com.st.stm32cube.ide.mcu.externaltools.gnu-tools-for-stm32.10.3-2021.10.win32_1.0.0.202111181127/tools/bin/../lib/gcc/arm-none-eabi/10.3.1/../../../../arm-none-eabi/lib/thumb/v7e-m/nofp\libc_nano.a(lib_a-nano-svfprintf.o)
                0x00000000080017d0                __ssputs_r
 *fill*         0x0000000008001886        0x2 
 .text._svfprintf_r
                0x0000000008001888      0x200 c:/st/stm32cubeide_1.10.1/stm32cubeide/plugins/com.st.stm32cube.ide.mcu.externaltools.gnu-tools-for-stm32.10.3-2021.10.win32_1.0.0.202111181127/tools/bin/../lib/gcc/arm-none-eabi/10.3.1/../../../../arm-none-eabi/lib/thumb/v7e-m/nofp\libc_nano.a(lib_a-nano-svfprintf.o)
                0x0000000008001888                _svfiprintf_r
                0x0000000008001888                _svfprintf_r
 .text._printf_common
                0x0000000008001a88       0xda c:/st/stm32cubeide_1.10.1/stm32cubeide/plugins/com.st.stm32cube.ide.mcu.externaltools.gnu-tools-for-stm32.10.3-2021.10.win32_1.0.0.202111181127/tools/bin/../lib/gcc/arm-none-eabi/10.3.1/../../../../arm-none-eabi/lib/thumb/v7e-m/nofp\libc_nano.a(lib_a-nano-vfprintf_i.o)
                0x0000000008001a88                _printf_common
 *fill*         0x0000000008001b62        0x2 
 .text._printf_i
                0x0000000008001b64      0x24c c:/st/stm32cubeide_1.10.1/stm32cubeide/plugins/com.st.stm32cube.ide.mcu.externaltools.gnu-tools-for-stm32.10.3-2021.10.win32_1.0.0.202111181127/tools/bin/../lib/gcc/arm-none-eabi/10.3.1/../../../../arm-none-eabi/lib/thumb/v7e-m/nofp\libc_nano.a(lib_a-nano-vfprintf_i.o)
                0x0000000008001b64                _printf_i
 .text.memcpy   0x0000000008001db0       0x1c c:/st/stm32cubeide_1.10.1/stm32cubeide/plugins/com.st.stm32cube.ide.mcu.externaltools.gnu-tools-for-stm32.10.3-2021.10.win32_1.0.0.202111181127/tools/bin/../lib/gcc/arm-none-eabi/10.3.1/../../../../arm-none-eabi/lib/thumb/v7e-m/nofp\libc_nano.a(lib_a-memcpy-stub.o)
                0x0000000008001db0                memcpy
 .text.memmove  0x0000000008001dcc       0x34 c:/st/stm32cubeide_1.10.1/stm32cubeide/plugins/com.st.stm32cube.ide.mcu.externaltools.gnu-tools-for-stm32.10.3-2021.10.win32_1.0.0.202111181127/tools/bin/../lib/gcc/arm-none-eabi/10.3.1/../../../../arm-none-eabi/lib/thumb/v7e-m/nofp\libc_nano.a(lib_a-memmove.o)
                0x0000000008001dcc                memmove
 .text._free_r  0x0000000008001e00       0x94 c:/st/stm32cubeide_1.10.1/stm32cubeide/plugins/com.st.stm32cube.ide.mcu.externaltools.gnu-tools-for-stm32.10.3-2021.10.win32_1.0.0.202111181127/tools/bin/../lib/gcc/arm-none-eabi/10.3.1/../../../../arm-none-eabi/lib/thumb/v7e-m/nofp\libc_nano.a(lib_a-nano-freer.o)
                0x0000000008001e00                _free_r
 .text.sbrk_aligned
                0x0000000008001e94       0x40 c:/st/stm32cubeide_1.10.1/stm32cubeide/plugins/com.st.stm32cube.ide.mcu.externaltools.gnu-tools-for-stm32.10.3-2021.10.win32_1.0.0.202111181127/tools/bin/../lib/gcc/arm-none-eabi/10.3.1/../../../../arm-none-eabi/lib/thumb/v7e-m/nofp\libc_nano.a(lib_a-nano-mallocr.o)
 .text._malloc_r
                0x0000000008001ed4       0xe8 c:/st/stm32cubeide_1.10.1/stm32cubeide/plugins/com.st.stm32cube.ide.mcu.externaltools.gnu-tools-for-stm32.10.3-2021.10.win32_1.0.0.202111181127/tools/bin/../lib/gcc/arm-none-eabi/10.3.1/../../../../arm-none-eabi/lib/thumb/v7e-m/nofp\libc_nano.a(lib_a-nano-mallocr.o)
                0x0000000008001ed4                _malloc_r
 .text._realloc_r
                0x0000000008001fbc       0x5e c:/st/stm32cubeide_1.10.1/stm32cubeide/plugins/com.st.stm32cube.ide.mcu.externaltools.gnu-tools-for-stm32.10.3-2021.10.win32_1.0.0.202111181127/tools/bin/../lib/gcc/arm-none-eabi/10.3.1/../../../../arm-none-eabi/lib/thumb/v7e-m/nofp\libc_nano.a(lib_a-nano-reallocr.o)
                0x0000000008001fbc                _realloc_r
 *fill*         0x000000000800201a        0x2 
 .text._sbrk_r  0x000000000800201c       0x20 c:/st/stm32cubeide_1.10.1/stm32cubeide/plugins/com.st.stm32cube.ide.mcu.externaltools.gnu-tools-for-stm32.10.3-2021.10.win32_1.0.0.202111181127/tools/bin/../lib/gcc/arm-none-eabi/10.3.1/../../../../arm-none-eabi/lib/thumb/v7e-m/nofp\libc_nano.a(lib_a-sbrkr.o)
                0x000000000800201c                _sbrk_r
 .text.__malloc_lock
                0x000000000800203c        0xc c:/st/stm32cubeide_1.10.1/stm32cubeide/plugins/com.st.stm32cube.ide.mcu.externaltools.gnu-tools-for-stm32.10.3-2021.10.win32_1.0.0.202111181127/tools/bin/../lib/gcc/arm-none-eabi/10.3.1/../../../../arm-none-eabi/lib/thumb/v7e-m/nofp\libc_nano.a(lib_a-mlock.o)
                0x000000000800203c                __malloc_lock
 .text.__malloc_unlock
                0x0000000008002048        0xc c:/st/stm32cubeide_1.10.1/stm32cubeide/plugins/com.st.stm32cube.ide.mcu.externaltools.gnu-tools-for-stm32.10.3-2021.10.win32_1.0.0.202111181127/tools/bin/../lib/gcc/arm-none-eabi/10.3.1/../../../../arm-none-eabi/lib/thumb/v7e-m/nofp\libc_nano.a(lib_a-mlock.o)
                0x0000000008002048                __malloc_unlock
 .text._malloc_usable_size_r
                0x0000000008002054       0x10 c:/st/stm32cubeide_1.10.1/stm32cubeide/plugins/com.st.stm32cube.ide.mcu.externaltools.gnu-tools-for-stm32.10.3-2021.10.win32_1.0.0.202111181127/tools/bin/../lib/gcc/arm-none-eabi/10.3.1/../../../../arm-none-eabi/lib/thumb/v7e-m/nofp\libc_nano.a(lib_a-nano-msizer.o)
                0x0000000008002054                _malloc_usable_size_r
 .text.__retarget_lock_acquire_recursive
                0x0000000008002064        0x2 c:/st/stm32cubeide_1.10.1/stm32cubeide/plugins/com.st.stm32cube.ide.mcu.externaltools.gnu-tools-for-stm32.10.3-2021.10.win32_1.0.0.202111181127/tools/bin/../lib/gcc/arm-none-eabi/10.3.1/../../../../arm-none-eabi/lib/thumb/v7e-m/nofp\libc_nano.a(lib_a-lock.o)
                0x0000000008002064                __retarget_lock_acquire_recursive
 .text.__retarget_lock_release_recursive
                0x0000000008002066        0x2 c:/st/stm32cubeide_1.10.1/stm32cubeide/plugins/com.st.stm32cube.ide.mcu.externaltools.gnu-tools-for-stm32.10.3-2021.10.win32_1.0.0.202111181127/tools/bin/../lib/gcc/arm-none-eabi/10.3.1/../../../../arm-none-eabi/lib/thumb/v7e-m/nofp\libc_nano.a(lib_a-lock.o)
                0x0000000008002066                __retarget_lock_release_recursive
 .text._sbrk    0x0000000008002068       0x1c c:/st/stm32cubeide_1.10.1/stm32cubeide/plugins/com.st.stm32cube.ide.mcu.externaltools.gnu-tools-for-stm32.10.3-2021.10.win32_1.0.0.202111181127/tools/bin/../lib/gcc/arm-none-eabi/10.3.1/../../../../arm-none-eabi/lib/thumb/v7e-m/nofp\libnosys.a(sbrk.o)
                0x0000000008002068                _sbrk
 *(.glue_7)
 .glue_7        0x0000000008002084        0x0 linker stubs
 *(.glue_7t)
 .glue_7t       0x0000000008002084        0x0 linker stubs
 *(.eh_frame)
 .eh_frame      0x0000000008002084        0x0 c:/st/stm32cubeide_1.10.1/stm32cubeide/plugins/com.st.stm32cube.ide.mcu.externaltools.gnu-tools-for-stm32.10.3-2021.10.win32_1.0.0.202111181127/tools/bin/../lib/gcc/arm-none-eabi/10.3.1/thumb/v7e-m/nofp/crtbegin.o
 *(.init)
 .init          0x0000000008002084        0x4 c:/st/stm32cubeide_1.10.1/stm32cubeide/plugins/com.st.stm32cube.ide.mcu.externaltools.gnu-tools-for-stm32.10.3-2021.10.win32_1.0.0.202111181127/tools/bin/../lib/gcc/arm-none-eabi/10.3.1/thumb/v7e-m/nofp/crti.o
                0x0000000008002084                _init
 .init          0x0000000008002088        0x8 c:/st/stm32cubeide_1.10.1/stm32cubeide/plugins/com.st.stm32cube.ide.mcu.externaltools.gnu-tools-for-stm32.10.3-2021.10.win32_1.0.0.202111181127/tools/bin/../lib/gcc/arm-none-eabi/10.3.1/thumb/v7e-m/nofp/crtn.o
 *(.fini)
 .fini          0x0000000008002090        0x4 c:/st/stm32cubeide_1.10.1/stm32cubeide/plugins/com.st.stm32cube.ide.mcu.externaltools.gnu-tools-for-stm32.10.3-2021.10.win32_1.0.0.202111181127/tools/bin/../lib/gcc/arm-none-eabi/10.3.1/thumb/v7e-m/nofp/crti.o
                0x0000000008002090                _fini
 .fini          0x0000000008002094        0x8 c:/st/stm32cubeide_1.10.1/stm32cubeide/plugins/com.st.stm32cube.ide.mcu.externaltools.gnu-tools-for-stm32.10.3-2021.10.win32_1.0.0.202111181127/tools/bin/../lib/gcc/arm-none-eabi/10.3.1/thumb/v7e-m/nofp/crtn.o
                0x000000000800209c                . = ALIGN (0x4)
                0x000000000800209c                _etext = .

.vfp11_veneer   0x000000000800209c        0x0
 .vfp11_veneer  0x000000000800209c        0x0 linker stubs

.v4_bx          0x000000000800209c        0x0
 .v4_bx         0x000000000800209c        0x0 linker stubs

.iplt           0x000000000800209c        0x0
 .iplt          0x000000000800209c        0x0 c:/st/stm32cubeide_1.10.1/stm32cubeide/plugins/com.st.stm32cube.ide.mcu.externaltools.gnu-tools-for-stm32.10.3-2021.10.win32_1.0.0.202111181127/tools/bin/../lib/gcc/arm-none-eabi/10.3.1/thumb/v7e-m/nofp/crtbegin.o

.rodata         0x000000000800209c      0xfc4
                0x000000000800209c                . = ALIGN (0x4)
 *(.rodata)
 .rodata        0x000000000800209c       0x22 ./app/src/main.o
 *(.rodata*)
 *fill*         0x00000000080020be        0x2 
 .rodata.alarm_logo
                0x00000000080020c0      0x400 ./app/src/main.o
                0x00000000080020c0                alarm_logo
 .rodata.horse_image
                0x00000000080024c0      0x400 ./app/src/main.o
                0x00000000080024c0                horse_image
 .rodata.Font7x10
                0x00000000080028c0      0x76c ./display/fonts.o
 .rodata._svfprintf_r.str1.1
                0x000000000800302c       0x11 c:/st/stm32cubeide_1.10.1/stm32cubeide/plugins/com.st.stm32cube.ide.mcu.externaltools.gnu-tools-for-stm32.10.3-2021.10.win32_1.0.0.202111181127/tools/bin/../lib/gcc/arm-none-eabi/10.3.1/../../../../arm-none-eabi/lib/thumb/v7e-m/nofp\libc_nano.a(lib_a-nano-svfprintf.o)
 .rodata._printf_i.str1.1
                0x000000000800303d       0x22 c:/st/stm32cubeide_1.10.1/stm32cubeide/plugins/com.st.stm32cube.ide.mcu.externaltools.gnu-tools-for-stm32.10.3-2021.10.win32_1.0.0.202111181127/tools/bin/../lib/gcc/arm-none-eabi/10.3.1/../../../../arm-none-eabi/lib/thumb/v7e-m/nofp\libc_nano.a(lib_a-nano-vfprintf_i.o)
                0x0000000008003060                . = ALIGN (0x4)
 *fill*         0x000000000800305f        0x1 

.rel.dyn        0x0000000008003060        0x0
 .rel.iplt      0x0000000008003060        0x0 c:/st/stm32cubeide_1.10.1/stm32cubeide/plugins/com.st.stm32cube.ide.mcu.externaltools.gnu-tools-for-stm32.10.3-2021.10.win32_1.0.0.202111181127/tools/bin/../lib/gcc/arm-none-eabi/10.3.1/thumb/v7e-m/nofp/crtbegin.o

.ARM.extab
 *(.ARM.extab* .gnu.linkonce.armextab.*)

.ARM            0x0000000008003060        0x0
                0x0000000008003060                __exidx_start = .
 *(.ARM.exidx*)
                0x0000000008003060                __exidx_end = .

.preinit_array  0x0000000008003060        0x0
                0x0000000008003060                PROVIDE (__preinit_array_start = .)
 *(.preinit_array*)
                0x0000000008003060                PROVIDE (__preinit_array_end = .)

.init_array     0x0000000008003060        0x4
                0x0000000008003060                PROVIDE (__init_array_start = .)
 *(SORT_BY_NAME(.init_array.*))
 *(.init_array*)
 .init_array    0x0000000008003060        0x4 c:/st/stm32cubeide_1.10.1/stm32cubeide/plugins/com.st.stm32cube.ide.mcu.externaltools.gnu-tools-for-stm32.10.3-2021.10.win32_1.0.0.202111181127/tools/bin/../lib/gcc/arm-none-eabi/10.3.1/thumb/v7e-m/nofp/crtbegin.o
                0x0000000008003064                PROVIDE (__init_array_end = .)

.fini_array     0x0000000008003064        0x4
                [!provide]                        PROVIDE (__fini_array_start = .)
 *(SORT_BY_NAME(.fini_array.*))
 *(.fini_array*)
 .fini_array    0x0000000008003064        0x4 c:/st/stm32cubeide_1.10.1/stm32cubeide/plugins/com.st.stm32cube.ide.mcu.externaltools.gnu-tools-for-stm32.10.3-2021.10.win32_1.0.0.202111181127/tools/bin/../lib/gcc/arm-none-eabi/10.3.1/thumb/v7e-m/nofp/crtbegin.o
                [!provide]                        PROVIDE (__fini_array_end = .)
                0x0000000008003068                _sidata = LOADADDR (.data)

.data           0x0000000020000000       0x80 load address 0x0000000008003068
                0x0000000020000000                . = ALIGN (0x4)
                0x0000000020000000                _sdata = .
 *(.data)
 *(.data*)
 .data.SystemCoreClock_
                0x0000000020000000        0x4 ./app/src/main.o
                0x0000000020000000                SystemCoreClock_
 .data.Font_7x10
                0x0000000020000004        0x8 ./display/fonts.o
                0x0000000020000004                Font_7x10
 .data.keys     0x000000002000000c       0x10 ./keypad/keypad.o
                0x000000002000000c                keys
 .data._impure_ptr
                0x000000002000001c        0x4 c:/st/stm32cubeide_1.10.1/stm32cubeide/plugins/com.st.stm32cube.ide.mcu.externaltools.gnu-tools-for-stm32.10.3-2021.10.win32_1.0.0.202111181127/tools/bin/../lib/gcc/arm-none-eabi/10.3.1/../../../../arm-none-eabi/lib/thumb/v7e-m/nofp\libc_nano.a(lib_a-impure.o)
                0x000000002000001c                _impure_ptr
 .data.impure_data
                0x0000000020000020       0x60 c:/st/stm32cubeide_1.10.1/stm32cubeide/plugins/com.st.stm32cube.ide.mcu.externaltools.gnu-tools-for-stm32.10.3-2021.10.win32_1.0.0.202111181127/tools/bin/../lib/gcc/arm-none-eabi/10.3.1/../../../../arm-none-eabi/lib/thumb/v7e-m/nofp\libc_nano.a(lib_a-impure.o)
                0x0000000020000080                . = ALIGN (0x4)
                0x0000000020000080                _edata = .
                0x00000000080030e8                _siccmram = LOADADDR (.ccmram)

.igot.plt       0x0000000020000080        0x0 load address 0x00000000080030e8
 .igot.plt      0x0000000020000080        0x0 c:/st/stm32cubeide_1.10.1/stm32cubeide/plugins/com.st.stm32cube.ide.mcu.externaltools.gnu-tools-for-stm32.10.3-2021.10.win32_1.0.0.202111181127/tools/bin/../lib/gcc/arm-none-eabi/10.3.1/thumb/v7e-m/nofp/crtbegin.o

.ccmram         0x0000000010000000        0x0 load address 0x00000000080030e8
                0x0000000010000000                . = ALIGN (0x4)
                0x0000000010000000                _sccmram = .
 *(.ccmram)
 *(.ccmram*)
                0x0000000010000000                . = ALIGN (0x4)
                0x0000000010000000                _eccmram = .
                0x0000000010000000                . = ALIGN (0x4)

.bss            0x0000000020000080      0xc6c
                0x0000000020000080                _sbss = .
                0x0000000020000080                __bss_start__ = _sbss
 *(.bss)
 .bss           0x0000000020000080       0x1c c:/st/stm32cubeide_1.10.1/stm32cubeide/plugins/com.st.stm32cube.ide.mcu.externaltools.gnu-tools-for-stm32.10.3-2021.10.win32_1.0.0.202111181127/tools/bin/../lib/gcc/arm-none-eabi/10.3.1/thumb/v7e-m/nofp/crtbegin.o
 *(.bss*)
 .bss.mtick     0x000000002000009c        0x4 ./app/src/main.o
                0x000000002000009c                mtick
 .bss.lcd1      0x00000000200000a0      0x40c ./app/src/main.o
                0x00000000200000a0                lcd1
 .bss.lcd2      0x00000000200004ac      0x40c ./app/src/main.o
                0x00000000200004ac                lcd2
 .bss.lcd3      0x00000000200008b8      0x40c ./app/src/main.o
                0x00000000200008b8                lcd3
 .bss.keypad_port
                0x0000000020000cc4        0x4 ./keypad/keypad.o
                0x0000000020000cc4                keypad_port
 .bss.start_pin
                0x0000000020000cc8        0x4 ./keypad/keypad.o
                0x0000000020000cc8                start_pin
 .bss.state     0x0000000020000ccc        0x1 ./keypad/keypad.o
                0x0000000020000ccc                state
 *fill*         0x0000000020000ccd        0x3 
 .bss.rtc_i2c   0x0000000020000cd0        0x4 ./rtc/rtc.o
                0x0000000020000cd0                rtc_i2c
 .bss.tm        0x0000000020000cd4        0x1 ./rtc/rtc.o
                0x0000000020000cd4                tm
 *fill*         0x0000000020000cd5        0x3 
 .bss.__malloc_free_list
                0x0000000020000cd8        0x4 c:/st/stm32cubeide_1.10.1/stm32cubeide/plugins/com.st.stm32cube.ide.mcu.externaltools.gnu-tools-for-stm32.10.3-2021.10.win32_1.0.0.202111181127/tools/bin/../lib/gcc/arm-none-eabi/10.3.1/../../../../arm-none-eabi/lib/thumb/v7e-m/nofp\libc_nano.a(lib_a-nano-mallocr.o)
                0x0000000020000cd8                __malloc_free_list
 .bss.__malloc_sbrk_start
                0x0000000020000cdc        0x4 c:/st/stm32cubeide_1.10.1/stm32cubeide/plugins/com.st.stm32cube.ide.mcu.externaltools.gnu-tools-for-stm32.10.3-2021.10.win32_1.0.0.202111181127/tools/bin/../lib/gcc/arm-none-eabi/10.3.1/../../../../arm-none-eabi/lib/thumb/v7e-m/nofp\libc_nano.a(lib_a-nano-mallocr.o)
                0x0000000020000cdc                __malloc_sbrk_start
 .bss.errno     0x0000000020000ce0        0x4 c:/st/stm32cubeide_1.10.1/stm32cubeide/plugins/com.st.stm32cube.ide.mcu.externaltools.gnu-tools-for-stm32.10.3-2021.10.win32_1.0.0.202111181127/tools/bin/../lib/gcc/arm-none-eabi/10.3.1/../../../../arm-none-eabi/lib/thumb/v7e-m/nofp\libc_nano.a(lib_a-reent.o)
                0x0000000020000ce0                errno
 .bss.__lock___malloc_recursive_mutex
                0x0000000020000ce4        0x1 c:/st/stm32cubeide_1.10.1/stm32cubeide/plugins/com.st.stm32cube.ide.mcu.externaltools.gnu-tools-for-stm32.10.3-2021.10.win32_1.0.0.202111181127/tools/bin/../lib/gcc/arm-none-eabi/10.3.1/../../../../arm-none-eabi/lib/thumb/v7e-m/nofp\libc_nano.a(lib_a-lock.o)
                0x0000000020000ce4                __lock___malloc_recursive_mutex
 *fill*         0x0000000020000ce5        0x3 
 .bss.heap_end.0
                0x0000000020000ce8        0x4 c:/st/stm32cubeide_1.10.1/stm32cubeide/plugins/com.st.stm32cube.ide.mcu.externaltools.gnu-tools-for-stm32.10.3-2021.10.win32_1.0.0.202111181127/tools/bin/../lib/gcc/arm-none-eabi/10.3.1/../../../../arm-none-eabi/lib/thumb/v7e-m/nofp\libnosys.a(sbrk.o)
 *(COMMON)
                0x0000000020000cec                . = ALIGN (0x4)
                0x0000000020000cec                _ebss = .
                0x0000000020000cec                __bss_end__ = _ebss

._user_heap_stack
                0x0000000020000cec      0x604
                0x0000000020000cf0                . = ALIGN (0x8)
 *fill*         0x0000000020000cec        0x4 
                0x0000000020000cf0                PROVIDE (end = .)
                [!provide]                        PROVIDE (_end = .)
                0x0000000020000ef0                . = (. + _Min_Heap_Size)
 *fill*         0x0000000020000cf0      0x200 
                0x00000000200012f0                . = (. + _Min_Stack_Size)
 *fill*         0x0000000020000ef0      0x400 
                0x00000000200012f0                . = ALIGN (0x8)

/DISCARD/
 libc.a(*)
 libm.a(*)
 libgcc.a(*)

.ARM.attributes
                0x0000000000000000       0x2a
 *(.ARM.attributes)
 .ARM.attributes
                0x0000000000000000       0x1e c:/st/stm32cubeide_1.10.1/stm32cubeide/plugins/com.st.stm32cube.ide.mcu.externaltools.gnu-tools-for-stm32.10.3-2021.10.win32_1.0.0.202111181127/tools/bin/../lib/gcc/arm-none-eabi/10.3.1/thumb/v7e-m/nofp/crti.o
 .ARM.attributes
                0x000000000000001e       0x2e c:/st/stm32cubeide_1.10.1/stm32cubeide/plugins/com.st.stm32cube.ide.mcu.externaltools.gnu-tools-for-stm32.10.3-2021.10.win32_1.0.0.202111181127/tools/bin/../lib/gcc/arm-none-eabi/10.3.1/thumb/v7e-m/nofp/crtbegin.o
 .ARM.attributes
                0x000000000000004c       0x2e ./app/src/main.o
 .ARM.attributes
                0x000000000000007a       0x21 ./app/statup_stm32f303re.o
 .ARM.attributes
                0x000000000000009b       0x2e ./display/display.o
 .ARM.attributes
                0x00000000000000c9       0x2e ./display/fonts.o
 .ARM.attributes
                0x00000000000000f7       0x2e ./driver/src/gpio.o
 .ARM.attributes
                0x0000000000000125       0x2e ./driver/src/i2c.o
 .ARM.attributes
                0x0000000000000153       0x2e ./keypad/keypad.o
 .ARM.attributes
                0x0000000000000181       0x2e ./rtc/rtc.o
 .ARM.attributes
                0x00000000000001af       0x2e c:/st/stm32cubeide_1.10.1/stm32cubeide/plugins/com.st.stm32cube.ide.mcu.externaltools.gnu-tools-for-stm32.10.3-2021.10.win32_1.0.0.202111181127/tools/bin/../lib/gcc/arm-none-eabi/10.3.1/../../../../arm-none-eabi/lib/thumb/v7e-m/nofp\libc_nano.a(lib_a-impure.o)
 .ARM.attributes
                0x00000000000001dd       0x2e c:/st/stm32cubeide_1.10.1/stm32cubeide/plugins/com.st.stm32cube.ide.mcu.externaltools.gnu-tools-for-stm32.10.3-2021.10.win32_1.0.0.202111181127/tools/bin/../lib/gcc/arm-none-eabi/10.3.1/../../../../arm-none-eabi/lib/thumb/v7e-m/nofp\libc_nano.a(lib_a-init.o)
 .ARM.attributes
                0x000000000000020b       0x2e c:/st/stm32cubeide_1.10.1/stm32cubeide/plugins/com.st.stm32cube.ide.mcu.externaltools.gnu-tools-for-stm32.10.3-2021.10.win32_1.0.0.202111181127/tools/bin/../lib/gcc/arm-none-eabi/10.3.1/../../../../arm-none-eabi/lib/thumb/v7e-m/nofp\libc_nano.a(lib_a-memset.o)
 .ARM.attributes
                0x0000000000000239       0x2e c:/st/stm32cubeide_1.10.1/stm32cubeide/plugins/com.st.stm32cube.ide.mcu.externaltools.gnu-tools-for-stm32.10.3-2021.10.win32_1.0.0.202111181127/tools/bin/../lib/gcc/arm-none-eabi/10.3.1/../../../../arm-none-eabi/lib/thumb/v7e-m/nofp\libc_nano.a(lib_a-sprintf.o)
 .ARM.attributes
                0x0000000000000267       0x2e c:/st/stm32cubeide_1.10.1/stm32cubeide/plugins/com.st.stm32cube.ide.mcu.externaltools.gnu-tools-for-stm32.10.3-2021.10.win32_1.0.0.202111181127/tools/bin/../lib/gcc/arm-none-eabi/10.3.1/../../../../arm-none-eabi/lib/thumb/v7e-m/nofp\libc_nano.a(lib_a-nano-svfprintf.o)
 .ARM.attributes
                0x0000000000000295       0x2e c:/st/stm32cubeide_1.10.1/stm32cubeide/plugins/com.st.stm32cube.ide.mcu.externaltools.gnu-tools-for-stm32.10.3-2021.10.win32_1.0.0.202111181127/tools/bin/../lib/gcc/arm-none-eabi/10.3.1/../../../../arm-none-eabi/lib/thumb/v7e-m/nofp\libc_nano.a(lib_a-nano-vfprintf_i.o)
 .ARM.attributes
                0x00000000000002c3       0x1c c:/st/stm32cubeide_1.10.1/stm32cubeide/plugins/com.st.stm32cube.ide.mcu.externaltools.gnu-tools-for-stm32.10.3-2021.10.win32_1.0.0.202111181127/tools/bin/../lib/gcc/arm-none-eabi/10.3.1/../../../../arm-none-eabi/lib/thumb/v7e-m/nofp\libc_nano.a(lib_a-memchr.o)
 .ARM.attributes
                0x00000000000002df       0x2e c:/st/stm32cubeide_1.10.1/stm32cubeide/plugins/com.st.stm32cube.ide.mcu.externaltools.gnu-tools-for-stm32.10.3-2021.10.win32_1.0.0.202111181127/tools/bin/../lib/gcc/arm-none-eabi/10.3.1/../../../../arm-none-eabi/lib/thumb/v7e-m/nofp\libc_nano.a(lib_a-memcpy-stub.o)
 .ARM.attributes
                0x000000000000030d       0x2e c:/st/stm32cubeide_1.10.1/stm32cubeide/plugins/com.st.stm32cube.ide.mcu.externaltools.gnu-tools-for-stm32.10.3-2021.10.win32_1.0.0.202111181127/tools/bin/../lib/gcc/arm-none-eabi/10.3.1/../../../../arm-none-eabi/lib/thumb/v7e-m/nofp\libc_nano.a(lib_a-memmove.o)
 .ARM.attributes
                0x000000000000033b       0x2e c:/st/stm32cubeide_1.10.1/stm32cubeide/plugins/com.st.stm32cube.ide.mcu.externaltools.gnu-tools-for-stm32.10.3-2021.10.win32_1.0.0.202111181127/tools/bin/../lib/gcc/arm-none-eabi/10.3.1/../../../../arm-none-eabi/lib/thumb/v7e-m/nofp\libc_nano.a(lib_a-nano-freer.o)
 .ARM.attributes
                0x0000000000000369       0x2e c:/st/stm32cubeide_1.10.1/stm32cubeide/plugins/com.st.stm32cube.ide.mcu.externaltools.gnu-tools-for-stm32.10.3-2021.10.win32_1.0.0.202111181127/tools/bin/../lib/gcc/arm-none-eabi/10.3.1/../../../../arm-none-eabi/lib/thumb/v7e-m/nofp\libc_nano.a(lib_a-nano-mallocr.o)
 .ARM.attributes
                0x0000000000000397       0x2e c:/st/stm32cubeide_1.10.1/stm32cubeide/plugins/com.st.stm32cube.ide.mcu.externaltools.gnu-tools-for-stm32.10.3-2021.10.win32_1.0.0.202111181127/tools/bin/../lib/gcc/arm-none-eabi/10.3.1/../../../../arm-none-eabi/lib/thumb/v7e-m/nofp\libc_nano.a(lib_a-nano-reallocr.o)
 .ARM.attributes
                0x00000000000003c5       0x2e c:/st/stm32cubeide_1.10.1/stm32cubeide/plugins/com.st.stm32cube.ide.mcu.externaltools.gnu-tools-for-stm32.10.3-2021.10.win32_1.0.0.202111181127/tools/bin/../lib/gcc/arm-none-eabi/10.3.1/../../../../arm-none-eabi/lib/thumb/v7e-m/nofp\libc_nano.a(lib_a-sbrkr.o)
 .ARM.attributes
                0x00000000000003f3       0x2e c:/st/stm32cubeide_1.10.1/stm32cubeide/plugins/com.st.stm32cube.ide.mcu.externaltools.gnu-tools-for-stm32.10.3-2021.10.win32_1.0.0.202111181127/tools/bin/../lib/gcc/arm-none-eabi/10.3.1/../../../../arm-none-eabi/lib/thumb/v7e-m/nofp\libc_nano.a(lib_a-mlock.o)
 .ARM.attributes
                0x0000000000000421       0x2e c:/st/stm32cubeide_1.10.1/stm32cubeide/plugins/com.st.stm32cube.ide.mcu.externaltools.gnu-tools-for-stm32.10.3-2021.10.win32_1.0.0.202111181127/tools/bin/../lib/gcc/arm-none-eabi/10.3.1/../../../../arm-none-eabi/lib/thumb/v7e-m/nofp\libc_nano.a(lib_a-nano-msizer.o)
 .ARM.attributes
                0x000000000000044f       0x2e c:/st/stm32cubeide_1.10.1/stm32cubeide/plugins/com.st.stm32cube.ide.mcu.externaltools.gnu-tools-for-stm32.10.3-2021.10.win32_1.0.0.202111181127/tools/bin/../lib/gcc/arm-none-eabi/10.3.1/../../../../arm-none-eabi/lib/thumb/v7e-m/nofp\libc_nano.a(lib_a-reent.o)
 .ARM.attributes
                0x000000000000047d       0x2e c:/st/stm32cubeide_1.10.1/stm32cubeide/plugins/com.st.stm32cube.ide.mcu.externaltools.gnu-tools-for-stm32.10.3-2021.10.win32_1.0.0.202111181127/tools/bin/../lib/gcc/arm-none-eabi/10.3.1/../../../../arm-none-eabi/lib/thumb/v7e-m/nofp\libc_nano.a(lib_a-lock.o)
 .ARM.attributes
                0x00000000000004ab       0x2e c:/st/stm32cubeide_1.10.1/stm32cubeide/plugins/com.st.stm32cube.ide.mcu.externaltools.gnu-tools-for-stm32.10.3-2021.10.win32_1.0.0.202111181127/tools/bin/../lib/gcc/arm-none-eabi/10.3.1/../../../../arm-none-eabi/lib/thumb/v7e-m/nofp\libnosys.a(sbrk.o)
 .ARM.attributes
                0x00000000000004d9       0x1e c:/st/stm32cubeide_1.10.1/stm32cubeide/plugins/com.st.stm32cube.ide.mcu.externaltools.gnu-tools-for-stm32.10.3-2021.10.win32_1.0.0.202111181127/tools/bin/../lib/gcc/arm-none-eabi/10.3.1/thumb/v7e-m/nofp/crtn.o
OUTPUT(WiSe2223_GruppeK3_s_Projektaufgabe_Digitaluhr.elf elf32-littlearm)
LOAD linker stubs
LOAD c:/st/stm32cubeide_1.10.1/stm32cubeide/plugins/com.st.stm32cube.ide.mcu.externaltools.gnu-tools-for-stm32.10.3-2021.10.win32_1.0.0.202111181127/tools/bin/../lib/gcc/arm-none-eabi/10.3.1/../../../../arm-none-eabi/lib/thumb/v7e-m/nofp\libc.a
LOAD c:/st/stm32cubeide_1.10.1/stm32cubeide/plugins/com.st.stm32cube.ide.mcu.externaltools.gnu-tools-for-stm32.10.3-2021.10.win32_1.0.0.202111181127/tools/bin/../lib/gcc/arm-none-eabi/10.3.1/../../../../arm-none-eabi/lib/thumb/v7e-m/nofp\libm.a
LOAD c:/st/stm32cubeide_1.10.1/stm32cubeide/plugins/com.st.stm32cube.ide.mcu.externaltools.gnu-tools-for-stm32.10.3-2021.10.win32_1.0.0.202111181127/tools/bin/../lib/gcc/arm-none-eabi/10.3.1/thumb/v7e-m/nofp\libgcc.a

.debug_info     0x0000000000000000     0x2ae1
 .debug_info    0x0000000000000000      0xf5c ./app/src/main.o
 .debug_info    0x0000000000000f5c       0x22 ./app/statup_stm32f303re.o
 .debug_info    0x0000000000000f7e      0x7b3 ./display/display.o
 .debug_info    0x0000000000001731      0x174 ./display/fonts.o
 .debug_info    0x00000000000018a5      0x3f7 ./driver/src/gpio.o
 .debug_info    0x0000000000001c9c      0x492 ./driver/src/i2c.o
 .debug_info    0x000000000000212e      0x451 ./keypad/keypad.o
 .debug_info    0x000000000000257f      0x562 ./rtc/rtc.o

.debug_abbrev   0x0000000000000000      0xbe2
 .debug_abbrev  0x0000000000000000      0x2b8 ./app/src/main.o
 .debug_abbrev  0x00000000000002b8       0x12 ./app/statup_stm32f303re.o
 .debug_abbrev  0x00000000000002ca      0x259 ./display/display.o
 .debug_abbrev  0x0000000000000523       0xad ./display/fonts.o
 .debug_abbrev  0x00000000000005d0      0x11b ./driver/src/gpio.o
 .debug_abbrev  0x00000000000006eb      0x164 ./driver/src/i2c.o
 .debug_abbrev  0x000000000000084f      0x175 ./keypad/keypad.o
 .debug_abbrev  0x00000000000009c4      0x21e ./rtc/rtc.o

.debug_aranges  0x0000000000000000      0x228
 .debug_aranges
                0x0000000000000000       0x48 ./app/src/main.o
 .debug_aranges
                0x0000000000000048       0x28 ./app/statup_stm32f303re.o
 .debug_aranges
                0x0000000000000070       0x88 ./display/display.o
 .debug_aranges
                0x00000000000000f8       0x18 ./display/fonts.o
 .debug_aranges
                0x0000000000000110       0x38 ./driver/src/gpio.o
 .debug_aranges
                0x0000000000000148       0x38 ./driver/src/i2c.o
 .debug_aranges
                0x0000000000000180       0x38 ./keypad/keypad.o
 .debug_aranges
                0x00000000000001b8       0x70 ./rtc/rtc.o

.debug_ranges   0x0000000000000000      0x1a8
 .debug_ranges  0x0000000000000000       0x38 ./app/src/main.o
 .debug_ranges  0x0000000000000038       0x20 ./app/statup_stm32f303re.o
 .debug_ranges  0x0000000000000058       0x78 ./display/display.o
 .debug_ranges  0x00000000000000d0       0x28 ./driver/src/gpio.o
 .debug_ranges  0x00000000000000f8       0x28 ./driver/src/i2c.o
 .debug_ranges  0x0000000000000120       0x28 ./keypad/keypad.o
 .debug_ranges  0x0000000000000148       0x60 ./rtc/rtc.o

.debug_macro    0x0000000000000000    0x18f93
 .debug_macro   0x0000000000000000      0x32b ./app/src/main.o
 .debug_macro   0x000000000000032b      0xa5a ./app/src/main.o
 .debug_macro   0x0000000000000d85       0x28 ./app/src/main.o
 .debug_macro   0x0000000000000dad       0x22 ./app/src/main.o
 .debug_macro   0x0000000000000dcf       0x8e ./app/src/main.o
 .debug_macro   0x0000000000000e5d       0x51 ./app/src/main.o
 .debug_macro   0x0000000000000eae      0x103 ./app/src/main.o
 .debug_macro   0x0000000000000fb1       0x6a ./app/src/main.o
 .debug_macro   0x000000000000101b      0x1df ./app/src/main.o
 .debug_macro   0x00000000000011fa       0x1c ./app/src/main.o
 .debug_macro   0x0000000000001216       0x22 ./app/src/main.o
 .debug_macro   0x0000000000001238       0xd9 ./app/src/main.o
 .debug_macro   0x0000000000001311     0x102d ./app/src/main.o
 .debug_macro   0x000000000000233e      0x11f ./app/src/main.o
 .debug_macro   0x000000000000245d    0x1535a ./app/src/main.o
 .debug_macro   0x00000000000177b7       0x2e ./app/src/main.o
 .debug_macro   0x00000000000177e5       0x34 ./app/src/main.o
 .debug_macro   0x0000000000017819       0x6d ./app/src/main.o
 .debug_macro   0x0000000000017886       0x34 ./app/src/main.o
 .debug_macro   0x00000000000178ba       0x52 ./app/src/main.o
 .debug_macro   0x000000000001790c       0x18 ./app/src/main.o
 .debug_macro   0x0000000000017924       0x3c ./app/src/main.o
 .debug_macro   0x0000000000017960       0x34 ./app/src/main.o
 .debug_macro   0x0000000000017994       0x16 ./app/src/main.o
 .debug_macro   0x00000000000179aa       0x97 ./app/src/main.o
 .debug_macro   0x0000000000017a41      0x341 ./app/src/main.o
 .debug_macro   0x0000000000017d82       0xfd ./app/src/main.o
 .debug_macro   0x0000000000017e7f       0x10 ./app/src/main.o
 .debug_macro   0x0000000000017e8f       0x16 ./app/src/main.o
 .debug_macro   0x0000000000017ea5       0x43 ./app/src/main.o
 .debug_macro   0x0000000000017ee8       0x34 ./app/src/main.o
 .debug_macro   0x0000000000017f1c       0x10 ./app/src/main.o
 .debug_macro   0x0000000000017f2c       0x58 ./app/src/main.o
 .debug_macro   0x0000000000017f84       0x71 ./app/src/main.o
 .debug_macro   0x0000000000017ff5       0x1c ./app/src/main.o
 .debug_macro   0x0000000000018011      0x12a ./app/src/main.o
 .debug_macro   0x000000000001813b       0x10 ./app/src/main.o
 .debug_macro   0x000000000001814b       0x1c ./app/src/main.o
 .debug_macro   0x0000000000018167       0x52 ./app/src/main.o
 .debug_macro   0x00000000000181b9       0x22 ./app/src/main.o
 .debug_macro   0x00000000000181db       0x10 ./app/src/main.o
 .debug_macro   0x00000000000181eb       0x52 ./app/src/main.o
 .debug_macro   0x000000000001823d       0xd5 ./app/src/main.o
 .debug_macro   0x0000000000018312       0x1c ./app/src/main.o
 .debug_macro   0x000000000001832e       0x3d ./app/src/main.o
 .debug_macro   0x000000000001836b       0x16 ./app/src/main.o
 .debug_macro   0x0000000000018381      0x145 ./app/src/main.o
 .debug_macro   0x00000000000184c6       0x16 ./app/src/main.o
 .debug_macro   0x00000000000184dc       0x35 ./app/src/main.o
 .debug_macro   0x0000000000018511       0x20 ./app/src/main.o
 .debug_macro   0x0000000000018531       0x10 ./app/src/main.o
 .debug_macro   0x0000000000018541       0x16 ./app/src/main.o
 .debug_macro   0x0000000000018557       0x16 ./app/src/main.o
 .debug_macro   0x000000000001856d       0x29 ./app/src/main.o
 .debug_macro   0x0000000000018596       0x16 ./app/src/main.o
 .debug_macro   0x00000000000185ac       0x22 ./app/src/main.o
 .debug_macro   0x00000000000185ce       0x8e ./app/src/main.o
 .debug_macro   0x000000000001865c      0x23d ./display/display.o
 .debug_macro   0x0000000000018899      0x174 ./display/display.o
 .debug_macro   0x0000000000018a0d       0x10 ./display/display.o
 .debug_macro   0x0000000000018a1d       0x28 ./display/display.o
 .debug_macro   0x0000000000018a45      0x1a5 ./display/fonts.o
 .debug_macro   0x0000000000018bea       0xd6 ./driver/src/gpio.o
 .debug_macro   0x0000000000018cc0       0xe0 ./driver/src/i2c.o
 .debug_macro   0x0000000000018da0       0x28 ./driver/src/i2c.o
 .debug_macro   0x0000000000018dc8       0xec ./keypad/keypad.o
 .debug_macro   0x0000000000018eb4       0xdf ./rtc/rtc.o

.debug_line     0x0000000000000000     0x345d
 .debug_line    0x0000000000000000      0x9e3 ./app/src/main.o
 .debug_line    0x00000000000009e3       0x78 ./app/statup_stm32f303re.o
 .debug_line    0x0000000000000a5b      0xad3 ./display/display.o
 .debug_line    0x000000000000152e      0x5aa ./display/fonts.o
 .debug_line    0x0000000000001ad8      0x5a8 ./driver/src/gpio.o
 .debug_line    0x0000000000002080      0x6a1 ./driver/src/i2c.o
 .debug_line    0x0000000000002721      0x5e9 ./keypad/keypad.o
 .debug_line    0x0000000000002d0a      0x753 ./rtc/rtc.o

.debug_str      0x0000000000000000    0x87fca
 .debug_str     0x0000000000000000    0x87aa0 ./app/src/main.o
                                      0x87e16 (size before relaxing)
 .debug_str     0x0000000000087aa0       0x2a ./app/statup_stm32f303re.o
                                         0x84 (size before relaxing)
 .debug_str     0x0000000000087aca      0x302 ./display/display.o
                                      0x86511 (size before relaxing)
 .debug_str     0x0000000000087dcc       0x1c ./display/fonts.o
                                      0x85f64 (size before relaxing)
 .debug_str     0x0000000000087de8       0x39 ./driver/src/gpio.o
                                      0x83028 (size before relaxing)
 .debug_str     0x0000000000087e21       0x3c ./driver/src/i2c.o
                                      0x82f37 (size before relaxing)
 .debug_str     0x0000000000087e5d       0xd9 ./keypad/keypad.o
                                      0x830d0 (size before relaxing)
 .debug_str     0x0000000000087f36       0x94 ./rtc/rtc.o
                                      0x82a73 (size before relaxing)

.comment        0x0000000000000000       0x50
 .comment       0x0000000000000000       0x50 ./app/src/main.o
                                         0x51 (size before relaxing)
 .comment       0x0000000000000050       0x51 ./display/display.o
 .comment       0x0000000000000050       0x51 ./display/fonts.o
 .comment       0x0000000000000050       0x51 ./driver/src/gpio.o
 .comment       0x0000000000000050       0x51 ./driver/src/i2c.o
 .comment       0x0000000000000050       0x51 ./keypad/keypad.o
 .comment       0x0000000000000050       0x51 ./rtc/rtc.o

.debug_frame    0x0000000000000000      0xb04
 .debug_frame   0x0000000000000000       0xd8 ./app/src/main.o
 .debug_frame   0x00000000000000d8      0x228 ./display/display.o
 .debug_frame   0x0000000000000300       0xb0 ./driver/src/gpio.o
 .debug_frame   0x00000000000003b0       0xac ./driver/src/i2c.o
 .debug_frame   0x000000000000045c       0xa8 ./keypad/keypad.o
 .debug_frame   0x0000000000000504      0x1a0 ./rtc/rtc.o
 .debug_frame   0x00000000000006a4       0x2c c:/st/stm32cubeide_1.10.1/stm32cubeide/plugins/com.st.stm32cube.ide.mcu.externaltools.gnu-tools-for-stm32.10.3-2021.10.win32_1.0.0.202111181127/tools/bin/../lib/gcc/arm-none-eabi/10.3.1/../../../../arm-none-eabi/lib/thumb/v7e-m/nofp\libc_nano.a(lib_a-init.o)
 .debug_frame   0x00000000000006d0       0x20 c:/st/stm32cubeide_1.10.1/stm32cubeide/plugins/com.st.stm32cube.ide.mcu.externaltools.gnu-tools-for-stm32.10.3-2021.10.win32_1.0.0.202111181127/tools/bin/../lib/gcc/arm-none-eabi/10.3.1/../../../../arm-none-eabi/lib/thumb/v7e-m/nofp\libc_nano.a(lib_a-memset.o)
 .debug_frame   0x00000000000006f0       0x6c c:/st/stm32cubeide_1.10.1/stm32cubeide/plugins/com.st.stm32cube.ide.mcu.externaltools.gnu-tools-for-stm32.10.3-2021.10.win32_1.0.0.202111181127/tools/bin/../lib/gcc/arm-none-eabi/10.3.1/../../../../arm-none-eabi/lib/thumb/v7e-m/nofp\libc_nano.a(lib_a-sprintf.o)
 .debug_frame   0x000000000000075c       0x90 c:/st/stm32cubeide_1.10.1/stm32cubeide/plugins/com.st.stm32cube.ide.mcu.externaltools.gnu-tools-for-stm32.10.3-2021.10.win32_1.0.0.202111181127/tools/bin/../lib/gcc/arm-none-eabi/10.3.1/../../../../arm-none-eabi/lib/thumb/v7e-m/nofp\libc_nano.a(lib_a-nano-svfprintf.o)
 .debug_frame   0x00000000000007ec       0x60 c:/st/stm32cubeide_1.10.1/stm32cubeide/plugins/com.st.stm32cube.ide.mcu.externaltools.gnu-tools-for-stm32.10.3-2021.10.win32_1.0.0.202111181127/tools/bin/../lib/gcc/arm-none-eabi/10.3.1/../../../../arm-none-eabi/lib/thumb/v7e-m/nofp\libc_nano.a(lib_a-nano-vfprintf_i.o)
 .debug_frame   0x000000000000084c       0x28 c:/st/stm32cubeide_1.10.1/stm32cubeide/plugins/com.st.stm32cube.ide.mcu.externaltools.gnu-tools-for-stm32.10.3-2021.10.win32_1.0.0.202111181127/tools/bin/../lib/gcc/arm-none-eabi/10.3.1/../../../../arm-none-eabi/lib/thumb/v7e-m/nofp\libc_nano.a(lib_a-memcpy-stub.o)
 .debug_frame   0x0000000000000874       0x28 c:/st/stm32cubeide_1.10.1/stm32cubeide/plugins/com.st.stm32cube.ide.mcu.externaltools.gnu-tools-for-stm32.10.3-2021.10.win32_1.0.0.202111181127/tools/bin/../lib/gcc/arm-none-eabi/10.3.1/../../../../arm-none-eabi/lib/thumb/v7e-m/nofp\libc_nano.a(lib_a-memmove.o)
 .debug_frame   0x000000000000089c       0x38 c:/st/stm32cubeide_1.10.1/stm32cubeide/plugins/com.st.stm32cube.ide.mcu.externaltools.gnu-tools-for-stm32.10.3-2021.10.win32_1.0.0.202111181127/tools/bin/../lib/gcc/arm-none-eabi/10.3.1/../../../../arm-none-eabi/lib/thumb/v7e-m/nofp\libc_nano.a(lib_a-nano-freer.o)
 .debug_frame   0x00000000000008d4       0x4c c:/st/stm32cubeide_1.10.1/stm32cubeide/plugins/com.st.stm32cube.ide.mcu.externaltools.gnu-tools-for-stm32.10.3-2021.10.win32_1.0.0.202111181127/tools/bin/../lib/gcc/arm-none-eabi/10.3.1/../../../../arm-none-eabi/lib/thumb/v7e-m/nofp\libc_nano.a(lib_a-nano-mallocr.o)
 .debug_frame   0x0000000000000920       0x3c c:/st/stm32cubeide_1.10.1/stm32cubeide/plugins/com.st.stm32cube.ide.mcu.externaltools.gnu-tools-for-stm32.10.3-2021.10.win32_1.0.0.202111181127/tools/bin/../lib/gcc/arm-none-eabi/10.3.1/../../../../arm-none-eabi/lib/thumb/v7e-m/nofp\libc_nano.a(lib_a-nano-reallocr.o)
 .debug_frame   0x000000000000095c       0x2c c:/st/stm32cubeide_1.10.1/stm32cubeide/plugins/com.st.stm32cube.ide.mcu.externaltools.gnu-tools-for-stm32.10.3-2021.10.win32_1.0.0.202111181127/tools/bin/../lib/gcc/arm-none-eabi/10.3.1/../../../../arm-none-eabi/lib/thumb/v7e-m/nofp\libc_nano.a(lib_a-sbrkr.o)
 .debug_frame   0x0000000000000988       0x30 c:/st/stm32cubeide_1.10.1/stm32cubeide/plugins/com.st.stm32cube.ide.mcu.externaltools.gnu-tools-for-stm32.10.3-2021.10.win32_1.0.0.202111181127/tools/bin/../lib/gcc/arm-none-eabi/10.3.1/../../../../arm-none-eabi/lib/thumb/v7e-m/nofp\libc_nano.a(lib_a-mlock.o)
 .debug_frame   0x00000000000009b8       0x20 c:/st/stm32cubeide_1.10.1/stm32cubeide/plugins/com.st.stm32cube.ide.mcu.externaltools.gnu-tools-for-stm32.10.3-2021.10.win32_1.0.0.202111181127/tools/bin/../lib/gcc/arm-none-eabi/10.3.1/../../../../arm-none-eabi/lib/thumb/v7e-m/nofp\libc_nano.a(lib_a-nano-msizer.o)
 .debug_frame   0x00000000000009d8       0x5c c:/st/stm32cubeide_1.10.1/stm32cubeide/plugins/com.st.stm32cube.ide.mcu.externaltools.gnu-tools-for-stm32.10.3-2021.10.win32_1.0.0.202111181127/tools/bin/../lib/gcc/arm-none-eabi/10.3.1/../../../../arm-none-eabi/lib/thumb/v7e-m/nofp\libc_nano.a(lib_a-reent.o)
 .debug_frame   0x0000000000000a34       0xb0 c:/st/stm32cubeide_1.10.1/stm32cubeide/plugins/com.st.stm32cube.ide.mcu.externaltools.gnu-tools-for-stm32.10.3-2021.10.win32_1.0.0.202111181127/tools/bin/../lib/gcc/arm-none-eabi/10.3.1/../../../../arm-none-eabi/lib/thumb/v7e-m/nofp\libc_nano.a(lib_a-lock.o)
 .debug_frame   0x0000000000000ae4       0x20 c:/st/stm32cubeide_1.10.1/stm32cubeide/plugins/com.st.stm32cube.ide.mcu.externaltools.gnu-tools-for-stm32.10.3-2021.10.win32_1.0.0.202111181127/tools/bin/../lib/gcc/arm-none-eabi/10.3.1/../../../../arm-none-eabi/lib/thumb/v7e-m/nofp\libnosys.a(sbrk.o)
