Archive member included to satisfy reference by file (symbol)

c:/st/stm32cubeide_1.10.1/stm32cubeide/plugins/com.st.stm32cube.ide.mcu.externaltools.gnu-tools-for-stm32.10.3-2021.10.win32_1.0.0.202111181127/tools/bin/../lib/gcc/arm-none-eabi/10.3.1/../../../../arm-none-eabi/lib/thumb/v7e-m/nofp\libc_nano.a(lib_a-exit.o)
                              c:/st/stm32cubeide_1.10.1/stm32cubeide/plugins/com.st.stm32cube.ide.mcu.externaltools.gnu-tools-for-stm32.10.3-2021.10.win32_1.0.0.202111181127/tools/bin/../lib/gcc/arm-none-eabi/10.3.1/../../../../arm-none-eabi/lib/thumb/v7e-m/nofp/crt0.o (exit)
c:/st/stm32cubeide_1.10.1/stm32cubeide/plugins/com.st.stm32cube.ide.mcu.externaltools.gnu-tools-for-stm32.10.3-2021.10.win32_1.0.0.202111181127/tools/bin/../lib/gcc/arm-none-eabi/10.3.1/../../../../arm-none-eabi/lib/thumb/v7e-m/nofp\libc_nano.a(lib_a-impure.o)
                              c:/st/stm32cubeide_1.10.1/stm32cubeide/plugins/com.st.stm32cube.ide.mcu.externaltools.gnu-tools-for-stm32.10.3-2021.10.win32_1.0.0.202111181127/tools/bin/../lib/gcc/arm-none-eabi/10.3.1/../../../../arm-none-eabi/lib/thumb/v7e-m/nofp\libc_nano.a(lib_a-exit.o) (_global_impure_ptr)
c:/st/stm32cubeide_1.10.1/stm32cubeide/plugins/com.st.stm32cube.ide.mcu.externaltools.gnu-tools-for-stm32.10.3-2021.10.win32_1.0.0.202111181127/tools/bin/../lib/gcc/arm-none-eabi/10.3.1/../../../../arm-none-eabi/lib/thumb/v7e-m/nofp\libc_nano.a(lib_a-init.o)
                              c:/st/stm32cubeide_1.10.1/stm32cubeide/plugins/com.st.stm32cube.ide.mcu.externaltools.gnu-tools-for-stm32.10.3-2021.10.win32_1.0.0.202111181127/tools/bin/../lib/gcc/arm-none-eabi/10.3.1/../../../../arm-none-eabi/lib/thumb/v7e-m/nofp/crt0.o (__libc_init_array)
c:/st/stm32cubeide_1.10.1/stm32cubeide/plugins/com.st.stm32cube.ide.mcu.externaltools.gnu-tools-for-stm32.10.3-2021.10.win32_1.0.0.202111181127/tools/bin/../lib/gcc/arm-none-eabi/10.3.1/../../../../arm-none-eabi/lib/thumb/v7e-m/nofp\libc_nano.a(lib_a-memset.o)
                              c:/st/stm32cubeide_1.10.1/stm32cubeide/plugins/com.st.stm32cube.ide.mcu.externaltools.gnu-tools-for-stm32.10.3-2021.10.win32_1.0.0.202111181127/tools/bin/../lib/gcc/arm-none-eabi/10.3.1/../../../../arm-none-eabi/lib/thumb/v7e-m/nofp/crt0.o (memset)
c:/st/stm32cubeide_1.10.1/stm32cubeide/plugins/com.st.stm32cube.ide.mcu.externaltools.gnu-tools-for-stm32.10.3-2021.10.win32_1.0.0.202111181127/tools/bin/../lib/gcc/arm-none-eabi/10.3.1/../../../../arm-none-eabi/lib/thumb/v7e-m/nofp\libnosys.a(_exit.o)
                              c:/st/stm32cubeide_1.10.1/stm32cubeide/plugins/com.st.stm32cube.ide.mcu.externaltools.gnu-tools-for-stm32.10.3-2021.10.win32_1.0.0.202111181127/tools/bin/../lib/gcc/arm-none-eabi/10.3.1/../../../../arm-none-eabi/lib/thumb/v7e-m/nofp\libc_nano.a(lib_a-exit.o) (_exit)

Discarded input sections

 .text          0x0000000000000000        0x0 c:/st/stm32cubeide_1.10.1/stm32cubeide/plugins/com.st.stm32cube.ide.mcu.externaltools.gnu-tools-for-stm32.10.3-2021.10.win32_1.0.0.202111181127/tools/bin/../lib/gcc/arm-none-eabi/10.3.1/thumb/v7e-m/nofp/crti.o
 .data          0x0000000000000000        0x0 c:/st/stm32cubeide_1.10.1/stm32cubeide/plugins/com.st.stm32cube.ide.mcu.externaltools.gnu-tools-for-stm32.10.3-2021.10.win32_1.0.0.202111181127/tools/bin/../lib/gcc/arm-none-eabi/10.3.1/thumb/v7e-m/nofp/crti.o
 .bss           0x0000000000000000        0x0 c:/st/stm32cubeide_1.10.1/stm32cubeide/plugins/com.st.stm32cube.ide.mcu.externaltools.gnu-tools-for-stm32.10.3-2021.10.win32_1.0.0.202111181127/tools/bin/../lib/gcc/arm-none-eabi/10.3.1/thumb/v7e-m/nofp/crti.o
 .data          0x0000000000000000        0x4 c:/st/stm32cubeide_1.10.1/stm32cubeide/plugins/com.st.stm32cube.ide.mcu.externaltools.gnu-tools-for-stm32.10.3-2021.10.win32_1.0.0.202111181127/tools/bin/../lib/gcc/arm-none-eabi/10.3.1/thumb/v7e-m/nofp/crtbegin.o
 .rodata        0x0000000000000000       0x24 c:/st/stm32cubeide_1.10.1/stm32cubeide/plugins/com.st.stm32cube.ide.mcu.externaltools.gnu-tools-for-stm32.10.3-2021.10.win32_1.0.0.202111181127/tools/bin/../lib/gcc/arm-none-eabi/10.3.1/thumb/v7e-m/nofp/crtbegin.o
 .text          0x0000000000000000       0x7c c:/st/stm32cubeide_1.10.1/stm32cubeide/plugins/com.st.stm32cube.ide.mcu.externaltools.gnu-tools-for-stm32.10.3-2021.10.win32_1.0.0.202111181127/tools/bin/../lib/gcc/arm-none-eabi/10.3.1/../../../../arm-none-eabi/lib/thumb/v7e-m/nofp/crt0.o
 .data          0x0000000000000000        0x0 c:/st/stm32cubeide_1.10.1/stm32cubeide/plugins/com.st.stm32cube.ide.mcu.externaltools.gnu-tools-for-stm32.10.3-2021.10.win32_1.0.0.202111181127/tools/bin/../lib/gcc/arm-none-eabi/10.3.1/../../../../arm-none-eabi/lib/thumb/v7e-m/nofp/crt0.o
 .bss           0x0000000000000000        0x0 c:/st/stm32cubeide_1.10.1/stm32cubeide/plugins/com.st.stm32cube.ide.mcu.externaltools.gnu-tools-for-stm32.10.3-2021.10.win32_1.0.0.202111181127/tools/bin/../lib/gcc/arm-none-eabi/10.3.1/../../../../arm-none-eabi/lib/thumb/v7e-m/nofp/crt0.o
 .ARM.extab     0x0000000000000000        0x0 c:/st/stm32cubeide_1.10.1/stm32cubeide/plugins/com.st.stm32cube.ide.mcu.externaltools.gnu-tools-for-stm32.10.3-2021.10.win32_1.0.0.202111181127/tools/bin/../lib/gcc/arm-none-eabi/10.3.1/../../../../arm-none-eabi/lib/thumb/v7e-m/nofp/crt0.o
 .ARM.exidx     0x0000000000000000       0x10 c:/st/stm32cubeide_1.10.1/stm32cubeide/plugins/com.st.stm32cube.ide.mcu.externaltools.gnu-tools-for-stm32.10.3-2021.10.win32_1.0.0.202111181127/tools/bin/../lib/gcc/arm-none-eabi/10.3.1/../../../../arm-none-eabi/lib/thumb/v7e-m/nofp/crt0.o
 .ARM.attributes
                0x0000000000000000       0x1c c:/st/stm32cubeide_1.10.1/stm32cubeide/plugins/com.st.stm32cube.ide.mcu.externaltools.gnu-tools-for-stm32.10.3-2021.10.win32_1.0.0.202111181127/tools/bin/../lib/gcc/arm-none-eabi/10.3.1/../../../../arm-none-eabi/lib/thumb/v7e-m/nofp/crt0.o
 .group         0x0000000000000000        0xc ./app/src/main.o
 .group         0x0000000000000000        0xc ./app/src/main.o
 .group         0x0000000000000000        0xc ./app/src/main.o
 .group         0x0000000000000000        0xc ./app/src/main.o
 .group         0x0000000000000000        0xc ./app/src/main.o
 .group         0x0000000000000000        0xc ./app/src/main.o
 .group         0x0000000000000000        0xc ./app/src/main.o
 .group         0x0000000000000000        0xc ./app/src/main.o
 .group         0x0000000000000000        0xc ./app/src/main.o
 .group         0x0000000000000000        0xc ./app/src/main.o
 .group         0x0000000000000000        0xc ./app/src/main.o
 .group         0x0000000000000000        0xc ./app/src/main.o
 .group         0x0000000000000000        0xc ./app/src/main.o
 .group         0x0000000000000000        0xc ./app/src/main.o
 .group         0x0000000000000000        0xc ./app/src/main.o
 .group         0x0000000000000000        0xc ./app/src/main.o
 .group         0x0000000000000000        0xc ./app/src/main.o
 .group         0x0000000000000000        0xc ./app/src/main.o
 .group         0x0000000000000000        0xc ./app/src/main.o
 .group         0x0000000000000000        0xc ./app/src/main.o
 .group         0x0000000000000000        0xc ./app/src/main.o
 .group         0x0000000000000000        0xc ./app/src/main.o
 .group         0x0000000000000000        0xc ./app/src/main.o
 .group         0x0000000000000000        0xc ./app/src/main.o
 .group         0x0000000000000000        0xc ./app/src/main.o
 .group         0x0000000000000000        0xc ./app/src/main.o
 .group         0x0000000000000000        0xc ./app/src/main.o
 .group         0x0000000000000000        0xc ./app/src/main.o
 .group         0x0000000000000000        0xc ./app/src/main.o
 .group         0x0000000000000000        0xc ./app/src/main.o
 .group         0x0000000000000000        0xc ./app/src/main.o
 .group         0x0000000000000000        0xc ./app/src/main.o
 .group         0x0000000000000000        0xc ./app/src/main.o
 .group         0x0000000000000000        0xc ./app/src/main.o
 .group         0x0000000000000000        0xc ./app/src/main.o
 .group         0x0000000000000000        0xc ./app/src/main.o
 .group         0x0000000000000000        0xc ./app/src/main.o
 .group         0x0000000000000000        0xc ./app/src/main.o
 .group         0x0000000000000000        0xc ./app/src/main.o
 .text          0x0000000000000000        0x0 ./app/src/main.o
 .data          0x0000000000000000        0x0 ./app/src/main.o
 .bss           0x0000000000000000        0x0 ./app/src/main.o
 .rodata.helix  0x0000000000000000      0x400 ./app/src/main.o
 .bss.data      0x0000000000000000        0x1 ./app/src/main.o
 .bss.i         0x0000000000000000        0x1 ./app/src/main.o
 .bss.error     0x0000000000000000        0x4 ./app/src/main.o
 .text          0x0000000000000000       0x14 ./app/statup_stm32f303re.o
 .data          0x0000000000000000        0x0 ./app/statup_stm32f303re.o
 .bss           0x0000000000000000        0x0 ./app/statup_stm32f303re.o
 .group         0x0000000000000000        0xc ./display/display.o
 .group         0x0000000000000000        0xc ./display/display.o
 .group         0x0000000000000000        0xc ./display/display.o
 .group         0x0000000000000000        0xc ./display/display.o
 .group         0x0000000000000000        0xc ./display/display.o
 .group         0x0000000000000000        0xc ./display/display.o
 .group         0x0000000000000000        0xc ./display/display.o
 .group         0x0000000000000000        0xc ./display/display.o
 .group         0x0000000000000000        0xc ./display/display.o
 .group         0x0000000000000000        0xc ./display/display.o
 .group         0x0000000000000000        0xc ./display/display.o
 .group         0x0000000000000000        0xc ./display/display.o
 .group         0x0000000000000000        0xc ./display/display.o
 .group         0x0000000000000000        0xc ./display/display.o
 .group         0x0000000000000000        0xc ./display/display.o
 .group         0x0000000000000000        0xc ./display/display.o
 .group         0x0000000000000000        0xc ./display/display.o
 .group         0x0000000000000000        0xc ./display/display.o
 .group         0x0000000000000000        0xc ./display/display.o
 .group         0x0000000000000000        0xc ./display/display.o
 .group         0x0000000000000000        0xc ./display/display.o
 .group         0x0000000000000000        0xc ./display/display.o
 .group         0x0000000000000000        0xc ./display/display.o
 .group         0x0000000000000000        0xc ./display/display.o
 .group         0x0000000000000000        0xc ./display/display.o
 .group         0x0000000000000000        0xc ./display/display.o
 .group         0x0000000000000000        0xc ./display/display.o
 .group         0x0000000000000000        0xc ./display/display.o
 .group         0x0000000000000000        0xc ./display/display.o
 .group         0x0000000000000000        0xc ./display/display.o
 .group         0x0000000000000000        0xc ./display/display.o
 .group         0x0000000000000000        0xc ./display/display.o
 .group         0x0000000000000000        0xc ./display/display.o
 .group         0x0000000000000000        0xc ./display/display.o
 .group         0x0000000000000000        0xc ./display/display.o
 .group         0x0000000000000000        0xc ./display/display.o
 .group         0x0000000000000000        0xc ./display/display.o
 .text          0x0000000000000000        0x0 ./display/display.o
 .data          0x0000000000000000        0x0 ./display/display.o
 .bss           0x0000000000000000        0x0 ./display/display.o
 .text.Display_GotoXY
                0x0000000000000000       0x2a ./display/display.o
 .text.Display_Puts
                0x0000000000000000       0x4a ./display/display.o
 .text.Display_Clear
                0x0000000000000000       0x1e ./display/display.o
 .text.Display_ON
                0x0000000000000000       0x40 ./display/display.o
 .text.Display_OFF
                0x0000000000000000       0x40 ./display/display.o
 .text.display_printTime
                0x0000000000000000      0x208 ./display/display.o
 .debug_macro   0x0000000000000000      0xa5a ./display/display.o
 .debug_macro   0x0000000000000000       0x34 ./display/display.o
 .debug_macro   0x0000000000000000       0x28 ./display/display.o
 .debug_macro   0x0000000000000000       0x22 ./display/display.o
 .debug_macro   0x0000000000000000       0x8e ./display/display.o
 .debug_macro   0x0000000000000000       0x51 ./display/display.o
 .debug_macro   0x0000000000000000      0x103 ./display/display.o
 .debug_macro   0x0000000000000000       0x6a ./display/display.o
 .debug_macro   0x0000000000000000      0x1df ./display/display.o
 .debug_macro   0x0000000000000000       0x1c ./display/display.o
 .debug_macro   0x0000000000000000       0x22 ./display/display.o
 .debug_macro   0x0000000000000000       0xd9 ./display/display.o
 .debug_macro   0x0000000000000000     0x102d ./display/display.o
 .debug_macro   0x0000000000000000      0x11f ./display/display.o
 .debug_macro   0x0000000000000000    0x1535a ./display/display.o
 .debug_macro   0x0000000000000000       0x6d ./display/display.o
 .debug_macro   0x0000000000000000       0x52 ./display/display.o
 .debug_macro   0x0000000000000000       0x18 ./display/display.o
 .debug_macro   0x0000000000000000       0x3c ./display/display.o
 .debug_macro   0x0000000000000000       0x34 ./display/display.o
 .debug_macro   0x0000000000000000      0x174 ./display/display.o
 .debug_macro   0x0000000000000000       0x16 ./display/display.o
 .debug_macro   0x0000000000000000       0x43 ./display/display.o
 .debug_macro   0x0000000000000000       0x34 ./display/display.o
 .debug_macro   0x0000000000000000       0x10 ./display/display.o
 .debug_macro   0x0000000000000000       0x58 ./display/display.o
 .debug_macro   0x0000000000000000       0x71 ./display/display.o
 .debug_macro   0x0000000000000000       0x1c ./display/display.o
 .debug_macro   0x0000000000000000      0x12a ./display/display.o
 .debug_macro   0x0000000000000000      0x341 ./display/display.o
 .debug_macro   0x0000000000000000       0x10 ./display/display.o
 .debug_macro   0x0000000000000000       0x35 ./display/display.o
 .debug_macro   0x0000000000000000       0x20 ./display/display.o
 .debug_macro   0x0000000000000000       0x16 ./display/display.o
 .debug_macro   0x0000000000000000       0x16 ./display/display.o
 .debug_macro   0x0000000000000000       0x29 ./display/display.o
 .debug_macro   0x0000000000000000       0x16 ./display/display.o
 .group         0x0000000000000000        0xc ./display/fonts.o
 .group         0x0000000000000000        0xc ./display/fonts.o
 .group         0x0000000000000000        0xc ./display/fonts.o
 .group         0x0000000000000000        0xc ./display/fonts.o
 .group         0x0000000000000000        0xc ./display/fonts.o
 .group         0x0000000000000000        0xc ./display/fonts.o
 .group         0x0000000000000000        0xc ./display/fonts.o
 .group         0x0000000000000000        0xc ./display/fonts.o
 .group         0x0000000000000000        0xc ./display/fonts.o
 .group         0x0000000000000000        0xc ./display/fonts.o
 .group         0x0000000000000000        0xc ./display/fonts.o
 .group         0x0000000000000000        0xc ./display/fonts.o
 .group         0x0000000000000000        0xc ./display/fonts.o
 .group         0x0000000000000000        0xc ./display/fonts.o
 .group         0x0000000000000000        0xc ./display/fonts.o
 .group         0x0000000000000000        0xc ./display/fonts.o
 .group         0x0000000000000000        0xc ./display/fonts.o
 .group         0x0000000000000000        0xc ./display/fonts.o
 .group         0x0000000000000000        0xc ./display/fonts.o
 .group         0x0000000000000000        0xc ./display/fonts.o
 .group         0x0000000000000000        0xc ./display/fonts.o
 .group         0x0000000000000000        0xc ./display/fonts.o
 .group         0x0000000000000000        0xc ./display/fonts.o
 .group         0x0000000000000000        0xc ./display/fonts.o
 .group         0x0000000000000000        0xc ./display/fonts.o
 .group         0x0000000000000000        0xc ./display/fonts.o
 .group         0x0000000000000000        0xc ./display/fonts.o
 .group         0x0000000000000000        0xc ./display/fonts.o
 .group         0x0000000000000000        0xc ./display/fonts.o
 .group         0x0000000000000000        0xc ./display/fonts.o
 .group         0x0000000000000000        0xc ./display/fonts.o
 .group         0x0000000000000000        0xc ./display/fonts.o
 .group         0x0000000000000000        0xc ./display/fonts.o
 .text          0x0000000000000000        0x0 ./display/fonts.o
 .data          0x0000000000000000        0x0 ./display/fonts.o
 .bss           0x0000000000000000        0x0 ./display/fonts.o
 .debug_macro   0x0000000000000000      0xa5a ./display/fonts.o
 .debug_macro   0x0000000000000000       0x34 ./display/fonts.o
 .debug_macro   0x0000000000000000       0x28 ./display/fonts.o
 .debug_macro   0x0000000000000000       0x22 ./display/fonts.o
 .debug_macro   0x0000000000000000       0x8e ./display/fonts.o
 .debug_macro   0x0000000000000000       0x51 ./display/fonts.o
 .debug_macro   0x0000000000000000      0x103 ./display/fonts.o
 .debug_macro   0x0000000000000000       0x6a ./display/fonts.o
 .debug_macro   0x0000000000000000      0x1df ./display/fonts.o
 .debug_macro   0x0000000000000000       0x1c ./display/fonts.o
 .debug_macro   0x0000000000000000       0x22 ./display/fonts.o
 .debug_macro   0x0000000000000000       0xd9 ./display/fonts.o
 .debug_macro   0x0000000000000000     0x102d ./display/fonts.o
 .debug_macro   0x0000000000000000      0x11f ./display/fonts.o
 .debug_macro   0x0000000000000000    0x1535a ./display/fonts.o
 .debug_macro   0x0000000000000000       0x6d ./display/fonts.o
 .debug_macro   0x0000000000000000       0x52 ./display/fonts.o
 .debug_macro   0x0000000000000000       0x18 ./display/fonts.o
 .debug_macro   0x0000000000000000       0x3c ./display/fonts.o
 .debug_macro   0x0000000000000000       0x34 ./display/fonts.o
 .debug_macro   0x0000000000000000      0x174 ./display/fonts.o
 .debug_macro   0x0000000000000000       0x16 ./display/fonts.o
 .debug_macro   0x0000000000000000       0x43 ./display/fonts.o
 .debug_macro   0x0000000000000000       0x34 ./display/fonts.o
 .debug_macro   0x0000000000000000       0x10 ./display/fonts.o
 .debug_macro   0x0000000000000000       0x58 ./display/fonts.o
 .debug_macro   0x0000000000000000       0x71 ./display/fonts.o
 .debug_macro   0x0000000000000000       0x1c ./display/fonts.o
 .debug_macro   0x0000000000000000      0x12a ./display/fonts.o
 .debug_macro   0x0000000000000000      0x341 ./display/fonts.o
 .debug_macro   0x0000000000000000       0x10 ./display/fonts.o
 .debug_macro   0x0000000000000000       0x35 ./display/fonts.o
 .debug_macro   0x0000000000000000       0x20 ./display/fonts.o
 .group         0x0000000000000000        0xc ./driver/src/gpio.o
 .group         0x0000000000000000        0xc ./driver/src/gpio.o
 .group         0x0000000000000000        0xc ./driver/src/gpio.o
 .group         0x0000000000000000        0xc ./driver/src/gpio.o
 .group         0x0000000000000000        0xc ./driver/src/gpio.o
 .group         0x0000000000000000        0xc ./driver/src/gpio.o
 .group         0x0000000000000000        0xc ./driver/src/gpio.o
 .group         0x0000000000000000        0xc ./driver/src/gpio.o
 .group         0x0000000000000000        0xc ./driver/src/gpio.o
 .group         0x0000000000000000        0xc ./driver/src/gpio.o
 .group         0x0000000000000000        0xc ./driver/src/gpio.o
 .group         0x0000000000000000        0xc ./driver/src/gpio.o
 .group         0x0000000000000000        0xc ./driver/src/gpio.o
 .group         0x0000000000000000        0xc ./driver/src/gpio.o
 .group         0x0000000000000000        0xc ./driver/src/gpio.o
 .group         0x0000000000000000        0xc ./driver/src/gpio.o
 .group         0x0000000000000000        0xc ./driver/src/gpio.o
 .text          0x0000000000000000        0x0 ./driver/src/gpio.o
 .data          0x0000000000000000        0x0 ./driver/src/gpio.o
 .bss           0x0000000000000000        0x0 ./driver/src/gpio.o
 .debug_macro   0x0000000000000000      0xa5a ./driver/src/gpio.o
 .debug_macro   0x0000000000000000       0x28 ./driver/src/gpio.o
 .debug_macro   0x0000000000000000       0x22 ./driver/src/gpio.o
 .debug_macro   0x0000000000000000       0x8e ./driver/src/gpio.o
 .debug_macro   0x0000000000000000       0x51 ./driver/src/gpio.o
 .debug_macro   0x0000000000000000      0x103 ./driver/src/gpio.o
 .debug_macro   0x0000000000000000       0x6a ./driver/src/gpio.o
 .debug_macro   0x0000000000000000      0x1df ./driver/src/gpio.o
 .debug_macro   0x0000000000000000       0x1c ./driver/src/gpio.o
 .debug_macro   0x0000000000000000       0x22 ./driver/src/gpio.o
 .debug_macro   0x0000000000000000       0xd9 ./driver/src/gpio.o
 .debug_macro   0x0000000000000000     0x102d ./driver/src/gpio.o
 .debug_macro   0x0000000000000000      0x11f ./driver/src/gpio.o
 .debug_macro   0x0000000000000000    0x1535a ./driver/src/gpio.o
 .debug_macro   0x0000000000000000       0x34 ./driver/src/gpio.o
 .debug_macro   0x0000000000000000       0x6d ./driver/src/gpio.o
 .debug_macro   0x0000000000000000       0x34 ./driver/src/gpio.o
 .group         0x0000000000000000        0xc ./driver/src/i2c.o
 .group         0x0000000000000000        0xc ./driver/src/i2c.o
 .group         0x0000000000000000        0xc ./driver/src/i2c.o
 .group         0x0000000000000000        0xc ./driver/src/i2c.o
 .group         0x0000000000000000        0xc ./driver/src/i2c.o
 .group         0x0000000000000000        0xc ./driver/src/i2c.o
 .group         0x0000000000000000        0xc ./driver/src/i2c.o
 .group         0x0000000000000000        0xc ./driver/src/i2c.o
 .group         0x0000000000000000        0xc ./driver/src/i2c.o
 .group         0x0000000000000000        0xc ./driver/src/i2c.o
 .group         0x0000000000000000        0xc ./driver/src/i2c.o
 .group         0x0000000000000000        0xc ./driver/src/i2c.o
 .group         0x0000000000000000        0xc ./driver/src/i2c.o
 .group         0x0000000000000000        0xc ./driver/src/i2c.o
 .group         0x0000000000000000        0xc ./driver/src/i2c.o
 .group         0x0000000000000000        0xc ./driver/src/i2c.o
 .group         0x0000000000000000        0xc ./driver/src/i2c.o
 .text          0x0000000000000000        0x0 ./driver/src/i2c.o
 .data          0x0000000000000000        0x0 ./driver/src/i2c.o
 .bss           0x0000000000000000        0x0 ./driver/src/i2c.o
 .text.search_address
                0x0000000000000000       0x8e ./driver/src/i2c.o
 .text.I2C_Write
                0x0000000000000000      0x11e ./driver/src/i2c.o
 .text.I2C_Read
                0x0000000000000000       0xa0 ./driver/src/i2c.o
 .debug_macro   0x0000000000000000      0xa5a ./driver/src/i2c.o
 .debug_macro   0x0000000000000000       0x34 ./driver/src/i2c.o
 .debug_macro   0x0000000000000000       0x28 ./driver/src/i2c.o
 .debug_macro   0x0000000000000000       0x22 ./driver/src/i2c.o
 .debug_macro   0x0000000000000000       0x8e ./driver/src/i2c.o
 .debug_macro   0x0000000000000000       0x51 ./driver/src/i2c.o
 .debug_macro   0x0000000000000000      0x103 ./driver/src/i2c.o
 .debug_macro   0x0000000000000000       0x6a ./driver/src/i2c.o
 .debug_macro   0x0000000000000000      0x1df ./driver/src/i2c.o
 .debug_macro   0x0000000000000000       0x1c ./driver/src/i2c.o
 .debug_macro   0x0000000000000000       0x22 ./driver/src/i2c.o
 .debug_macro   0x0000000000000000       0xd9 ./driver/src/i2c.o
 .debug_macro   0x0000000000000000     0x102d ./driver/src/i2c.o
 .debug_macro   0x0000000000000000      0x11f ./driver/src/i2c.o
 .debug_macro   0x0000000000000000    0x1535a ./driver/src/i2c.o
 .debug_macro   0x0000000000000000       0x6d ./driver/src/i2c.o
 .group         0x0000000000000000        0xc ./keypad/keypad.o
 .group         0x0000000000000000        0xc ./keypad/keypad.o
 .group         0x0000000000000000        0xc ./keypad/keypad.o
 .group         0x0000000000000000        0xc ./keypad/keypad.o
 .group         0x0000000000000000        0xc ./keypad/keypad.o
 .group         0x0000000000000000        0xc ./keypad/keypad.o
 .group         0x0000000000000000        0xc ./keypad/keypad.o
 .group         0x0000000000000000        0xc ./keypad/keypad.o
 .group         0x0000000000000000        0xc ./keypad/keypad.o
 .group         0x0000000000000000        0xc ./keypad/keypad.o
 .group         0x0000000000000000        0xc ./keypad/keypad.o
 .group         0x0000000000000000        0xc ./keypad/keypad.o
 .group         0x0000000000000000        0xc ./keypad/keypad.o
 .group         0x0000000000000000        0xc ./keypad/keypad.o
 .group         0x0000000000000000        0xc ./keypad/keypad.o
 .group         0x0000000000000000        0xc ./keypad/keypad.o
 .group         0x0000000000000000        0xc ./keypad/keypad.o
 .text          0x0000000000000000        0x0 ./keypad/keypad.o
 .data          0x0000000000000000        0x0 ./keypad/keypad.o
 .bss           0x0000000000000000        0x0 ./keypad/keypad.o
 .debug_macro   0x0000000000000000      0xa5a ./keypad/keypad.o
 .debug_macro   0x0000000000000000       0x34 ./keypad/keypad.o
 .debug_macro   0x0000000000000000       0x28 ./keypad/keypad.o
 .debug_macro   0x0000000000000000       0x22 ./keypad/keypad.o
 .debug_macro   0x0000000000000000       0x8e ./keypad/keypad.o
 .debug_macro   0x0000000000000000       0x51 ./keypad/keypad.o
 .debug_macro   0x0000000000000000      0x103 ./keypad/keypad.o
 .debug_macro   0x0000000000000000       0x6a ./keypad/keypad.o
 .debug_macro   0x0000000000000000      0x1df ./keypad/keypad.o
 .debug_macro   0x0000000000000000       0x1c ./keypad/keypad.o
 .debug_macro   0x0000000000000000       0x22 ./keypad/keypad.o
 .debug_macro   0x0000000000000000       0xd9 ./keypad/keypad.o
 .debug_macro   0x0000000000000000     0x102d ./keypad/keypad.o
 .debug_macro   0x0000000000000000      0x11f ./keypad/keypad.o
 .debug_macro   0x0000000000000000    0x1535a ./keypad/keypad.o
 .debug_macro   0x0000000000000000       0x6d ./keypad/keypad.o
 .debug_macro   0x0000000000000000       0x34 ./keypad/keypad.o
 .text          0x0000000000000000        0x0 c:/st/stm32cubeide_1.10.1/stm32cubeide/plugins/com.st.stm32cube.ide.mcu.externaltools.gnu-tools-for-stm32.10.3-2021.10.win32_1.0.0.202111181127/tools/bin/../lib/gcc/arm-none-eabi/10.3.1/../../../../arm-none-eabi/lib/thumb/v7e-m/nofp\libc_nano.a(lib_a-exit.o)
 .data          0x0000000000000000        0x0 c:/st/stm32cubeide_1.10.1/stm32cubeide/plugins/com.st.stm32cube.ide.mcu.externaltools.gnu-tools-for-stm32.10.3-2021.10.win32_1.0.0.202111181127/tools/bin/../lib/gcc/arm-none-eabi/10.3.1/../../../../arm-none-eabi/lib/thumb/v7e-m/nofp\libc_nano.a(lib_a-exit.o)
 .bss           0x0000000000000000        0x0 c:/st/stm32cubeide_1.10.1/stm32cubeide/plugins/com.st.stm32cube.ide.mcu.externaltools.gnu-tools-for-stm32.10.3-2021.10.win32_1.0.0.202111181127/tools/bin/../lib/gcc/arm-none-eabi/10.3.1/../../../../arm-none-eabi/lib/thumb/v7e-m/nofp\libc_nano.a(lib_a-exit.o)
 .text.exit     0x0000000000000000       0x28 c:/st/stm32cubeide_1.10.1/stm32cubeide/plugins/com.st.stm32cube.ide.mcu.externaltools.gnu-tools-for-stm32.10.3-2021.10.win32_1.0.0.202111181127/tools/bin/../lib/gcc/arm-none-eabi/10.3.1/../../../../arm-none-eabi/lib/thumb/v7e-m/nofp\libc_nano.a(lib_a-exit.o)
 .debug_frame   0x0000000000000000       0x28 c:/st/stm32cubeide_1.10.1/stm32cubeide/plugins/com.st.stm32cube.ide.mcu.externaltools.gnu-tools-for-stm32.10.3-2021.10.win32_1.0.0.202111181127/tools/bin/../lib/gcc/arm-none-eabi/10.3.1/../../../../arm-none-eabi/lib/thumb/v7e-m/nofp\libc_nano.a(lib_a-exit.o)
 .ARM.attributes
                0x0000000000000000       0x2e c:/st/stm32cubeide_1.10.1/stm32cubeide/plugins/com.st.stm32cube.ide.mcu.externaltools.gnu-tools-for-stm32.10.3-2021.10.win32_1.0.0.202111181127/tools/bin/../lib/gcc/arm-none-eabi/10.3.1/../../../../arm-none-eabi/lib/thumb/v7e-m/nofp\libc_nano.a(lib_a-exit.o)
 .text          0x0000000000000000        0x0 c:/st/stm32cubeide_1.10.1/stm32cubeide/plugins/com.st.stm32cube.ide.mcu.externaltools.gnu-tools-for-stm32.10.3-2021.10.win32_1.0.0.202111181127/tools/bin/../lib/gcc/arm-none-eabi/10.3.1/../../../../arm-none-eabi/lib/thumb/v7e-m/nofp\libc_nano.a(lib_a-impure.o)
 .data          0x0000000000000000        0x0 c:/st/stm32cubeide_1.10.1/stm32cubeide/plugins/com.st.stm32cube.ide.mcu.externaltools.gnu-tools-for-stm32.10.3-2021.10.win32_1.0.0.202111181127/tools/bin/../lib/gcc/arm-none-eabi/10.3.1/../../../../arm-none-eabi/lib/thumb/v7e-m/nofp\libc_nano.a(lib_a-impure.o)
 .bss           0x0000000000000000        0x0 c:/st/stm32cubeide_1.10.1/stm32cubeide/plugins/com.st.stm32cube.ide.mcu.externaltools.gnu-tools-for-stm32.10.3-2021.10.win32_1.0.0.202111181127/tools/bin/../lib/gcc/arm-none-eabi/10.3.1/../../../../arm-none-eabi/lib/thumb/v7e-m/nofp\libc_nano.a(lib_a-impure.o)
 .data._impure_ptr
                0x0000000000000000        0x4 c:/st/stm32cubeide_1.10.1/stm32cubeide/plugins/com.st.stm32cube.ide.mcu.externaltools.gnu-tools-for-stm32.10.3-2021.10.win32_1.0.0.202111181127/tools/bin/../lib/gcc/arm-none-eabi/10.3.1/../../../../arm-none-eabi/lib/thumb/v7e-m/nofp\libc_nano.a(lib_a-impure.o)
 .data.impure_data
                0x0000000000000000       0x60 c:/st/stm32cubeide_1.10.1/stm32cubeide/plugins/com.st.stm32cube.ide.mcu.externaltools.gnu-tools-for-stm32.10.3-2021.10.win32_1.0.0.202111181127/tools/bin/../lib/gcc/arm-none-eabi/10.3.1/../../../../arm-none-eabi/lib/thumb/v7e-m/nofp\libc_nano.a(lib_a-impure.o)
 .rodata._global_impure_ptr
                0x0000000000000000        0x4 c:/st/stm32cubeide_1.10.1/stm32cubeide/plugins/com.st.stm32cube.ide.mcu.externaltools.gnu-tools-for-stm32.10.3-2021.10.win32_1.0.0.202111181127/tools/bin/../lib/gcc/arm-none-eabi/10.3.1/../../../../arm-none-eabi/lib/thumb/v7e-m/nofp\libc_nano.a(lib_a-impure.o)
 .ARM.attributes
                0x0000000000000000       0x2e c:/st/stm32cubeide_1.10.1/stm32cubeide/plugins/com.st.stm32cube.ide.mcu.externaltools.gnu-tools-for-stm32.10.3-2021.10.win32_1.0.0.202111181127/tools/bin/../lib/gcc/arm-none-eabi/10.3.1/../../../../arm-none-eabi/lib/thumb/v7e-m/nofp\libc_nano.a(lib_a-impure.o)
 .text          0x0000000000000000        0x0 c:/st/stm32cubeide_1.10.1/stm32cubeide/plugins/com.st.stm32cube.ide.mcu.externaltools.gnu-tools-for-stm32.10.3-2021.10.win32_1.0.0.202111181127/tools/bin/../lib/gcc/arm-none-eabi/10.3.1/../../../../arm-none-eabi/lib/thumb/v7e-m/nofp\libc_nano.a(lib_a-init.o)
 .data          0x0000000000000000        0x0 c:/st/stm32cubeide_1.10.1/stm32cubeide/plugins/com.st.stm32cube.ide.mcu.externaltools.gnu-tools-for-stm32.10.3-2021.10.win32_1.0.0.202111181127/tools/bin/../lib/gcc/arm-none-eabi/10.3.1/../../../../arm-none-eabi/lib/thumb/v7e-m/nofp\libc_nano.a(lib_a-init.o)
 .bss           0x0000000000000000        0x0 c:/st/stm32cubeide_1.10.1/stm32cubeide/plugins/com.st.stm32cube.ide.mcu.externaltools.gnu-tools-for-stm32.10.3-2021.10.win32_1.0.0.202111181127/tools/bin/../lib/gcc/arm-none-eabi/10.3.1/../../../../arm-none-eabi/lib/thumb/v7e-m/nofp\libc_nano.a(lib_a-init.o)
 .text          0x0000000000000000        0x0 c:/st/stm32cubeide_1.10.1/stm32cubeide/plugins/com.st.stm32cube.ide.mcu.externaltools.gnu-tools-for-stm32.10.3-2021.10.win32_1.0.0.202111181127/tools/bin/../lib/gcc/arm-none-eabi/10.3.1/../../../../arm-none-eabi/lib/thumb/v7e-m/nofp\libc_nano.a(lib_a-memset.o)
 .data          0x0000000000000000        0x0 c:/st/stm32cubeide_1.10.1/stm32cubeide/plugins/com.st.stm32cube.ide.mcu.externaltools.gnu-tools-for-stm32.10.3-2021.10.win32_1.0.0.202111181127/tools/bin/../lib/gcc/arm-none-eabi/10.3.1/../../../../arm-none-eabi/lib/thumb/v7e-m/nofp\libc_nano.a(lib_a-memset.o)
 .bss           0x0000000000000000        0x0 c:/st/stm32cubeide_1.10.1/stm32cubeide/plugins/com.st.stm32cube.ide.mcu.externaltools.gnu-tools-for-stm32.10.3-2021.10.win32_1.0.0.202111181127/tools/bin/../lib/gcc/arm-none-eabi/10.3.1/../../../../arm-none-eabi/lib/thumb/v7e-m/nofp\libc_nano.a(lib_a-memset.o)
 .text          0x0000000000000000        0x0 c:/st/stm32cubeide_1.10.1/stm32cubeide/plugins/com.st.stm32cube.ide.mcu.externaltools.gnu-tools-for-stm32.10.3-2021.10.win32_1.0.0.202111181127/tools/bin/../lib/gcc/arm-none-eabi/10.3.1/../../../../arm-none-eabi/lib/thumb/v7e-m/nofp\libnosys.a(_exit.o)
 .data          0x0000000000000000        0x0 c:/st/stm32cubeide_1.10.1/stm32cubeide/plugins/com.st.stm32cube.ide.mcu.externaltools.gnu-tools-for-stm32.10.3-2021.10.win32_1.0.0.202111181127/tools/bin/../lib/gcc/arm-none-eabi/10.3.1/../../../../arm-none-eabi/lib/thumb/v7e-m/nofp\libnosys.a(_exit.o)
 .bss           0x0000000000000000        0x0 c:/st/stm32cubeide_1.10.1/stm32cubeide/plugins/com.st.stm32cube.ide.mcu.externaltools.gnu-tools-for-stm32.10.3-2021.10.win32_1.0.0.202111181127/tools/bin/../lib/gcc/arm-none-eabi/10.3.1/../../../../arm-none-eabi/lib/thumb/v7e-m/nofp\libnosys.a(_exit.o)
 .text._exit    0x0000000000000000        0x2 c:/st/stm32cubeide_1.10.1/stm32cubeide/plugins/com.st.stm32cube.ide.mcu.externaltools.gnu-tools-for-stm32.10.3-2021.10.win32_1.0.0.202111181127/tools/bin/../lib/gcc/arm-none-eabi/10.3.1/../../../../arm-none-eabi/lib/thumb/v7e-m/nofp\libnosys.a(_exit.o)
 .debug_frame   0x0000000000000000       0x20 c:/st/stm32cubeide_1.10.1/stm32cubeide/plugins/com.st.stm32cube.ide.mcu.externaltools.gnu-tools-for-stm32.10.3-2021.10.win32_1.0.0.202111181127/tools/bin/../lib/gcc/arm-none-eabi/10.3.1/../../../../arm-none-eabi/lib/thumb/v7e-m/nofp\libnosys.a(_exit.o)
 .ARM.attributes
                0x0000000000000000       0x2e c:/st/stm32cubeide_1.10.1/stm32cubeide/plugins/com.st.stm32cube.ide.mcu.externaltools.gnu-tools-for-stm32.10.3-2021.10.win32_1.0.0.202111181127/tools/bin/../lib/gcc/arm-none-eabi/10.3.1/../../../../arm-none-eabi/lib/thumb/v7e-m/nofp\libnosys.a(_exit.o)
 .text          0x0000000000000000        0x0 c:/st/stm32cubeide_1.10.1/stm32cubeide/plugins/com.st.stm32cube.ide.mcu.externaltools.gnu-tools-for-stm32.10.3-2021.10.win32_1.0.0.202111181127/tools/bin/../lib/gcc/arm-none-eabi/10.3.1/thumb/v7e-m/nofp/crtend.o
 .data          0x0000000000000000        0x0 c:/st/stm32cubeide_1.10.1/stm32cubeide/plugins/com.st.stm32cube.ide.mcu.externaltools.gnu-tools-for-stm32.10.3-2021.10.win32_1.0.0.202111181127/tools/bin/../lib/gcc/arm-none-eabi/10.3.1/thumb/v7e-m/nofp/crtend.o
 .bss           0x0000000000000000        0x0 c:/st/stm32cubeide_1.10.1/stm32cubeide/plugins/com.st.stm32cube.ide.mcu.externaltools.gnu-tools-for-stm32.10.3-2021.10.win32_1.0.0.202111181127/tools/bin/../lib/gcc/arm-none-eabi/10.3.1/thumb/v7e-m/nofp/crtend.o
 .rodata        0x0000000000000000       0x24 c:/st/stm32cubeide_1.10.1/stm32cubeide/plugins/com.st.stm32cube.ide.mcu.externaltools.gnu-tools-for-stm32.10.3-2021.10.win32_1.0.0.202111181127/tools/bin/../lib/gcc/arm-none-eabi/10.3.1/thumb/v7e-m/nofp/crtend.o
 .eh_frame      0x0000000000000000        0x4 c:/st/stm32cubeide_1.10.1/stm32cubeide/plugins/com.st.stm32cube.ide.mcu.externaltools.gnu-tools-for-stm32.10.3-2021.10.win32_1.0.0.202111181127/tools/bin/../lib/gcc/arm-none-eabi/10.3.1/thumb/v7e-m/nofp/crtend.o
 .ARM.attributes
                0x0000000000000000       0x2e c:/st/stm32cubeide_1.10.1/stm32cubeide/plugins/com.st.stm32cube.ide.mcu.externaltools.gnu-tools-for-stm32.10.3-2021.10.win32_1.0.0.202111181127/tools/bin/../lib/gcc/arm-none-eabi/10.3.1/thumb/v7e-m/nofp/crtend.o
 .text          0x0000000000000000        0x0 c:/st/stm32cubeide_1.10.1/stm32cubeide/plugins/com.st.stm32cube.ide.mcu.externaltools.gnu-tools-for-stm32.10.3-2021.10.win32_1.0.0.202111181127/tools/bin/../lib/gcc/arm-none-eabi/10.3.1/thumb/v7e-m/nofp/crtn.o
 .data          0x0000000000000000        0x0 c:/st/stm32cubeide_1.10.1/stm32cubeide/plugins/com.st.stm32cube.ide.mcu.externaltools.gnu-tools-for-stm32.10.3-2021.10.win32_1.0.0.202111181127/tools/bin/../lib/gcc/arm-none-eabi/10.3.1/thumb/v7e-m/nofp/crtn.o
 .bss           0x0000000000000000        0x0 c:/st/stm32cubeide_1.10.1/stm32cubeide/plugins/com.st.stm32cube.ide.mcu.externaltools.gnu-tools-for-stm32.10.3-2021.10.win32_1.0.0.202111181127/tools/bin/../lib/gcc/arm-none-eabi/10.3.1/thumb/v7e-m/nofp/crtn.o

Memory Configuration

Name             Origin             Length             Attributes
FLASH            0x0000000008000000 0x0000000000080000 xr
RAM              0x0000000020000000 0x0000000000010000 xrw
CCMRAM           0x0000000010000000 0x0000000000004000 rw
*default*        0x0000000000000000 0xffffffffffffffff

Linker script and memory map

LOAD c:/st/stm32cubeide_1.10.1/stm32cubeide/plugins/com.st.stm32cube.ide.mcu.externaltools.gnu-tools-for-stm32.10.3-2021.10.win32_1.0.0.202111181127/tools/bin/../lib/gcc/arm-none-eabi/10.3.1/thumb/v7e-m/nofp/crti.o
LOAD c:/st/stm32cubeide_1.10.1/stm32cubeide/plugins/com.st.stm32cube.ide.mcu.externaltools.gnu-tools-for-stm32.10.3-2021.10.win32_1.0.0.202111181127/tools/bin/../lib/gcc/arm-none-eabi/10.3.1/thumb/v7e-m/nofp/crtbegin.o
LOAD c:/st/stm32cubeide_1.10.1/stm32cubeide/plugins/com.st.stm32cube.ide.mcu.externaltools.gnu-tools-for-stm32.10.3-2021.10.win32_1.0.0.202111181127/tools/bin/../lib/gcc/arm-none-eabi/10.3.1/../../../../arm-none-eabi/lib/thumb/v7e-m/nofp/crt0.o
LOAD ./app/src/main.o
LOAD ./app/statup_stm32f303re.o
LOAD ./display/display.o
LOAD ./display/fonts.o
LOAD ./driver/src/gpio.o
LOAD ./driver/src/i2c.o
LOAD ./keypad/keypad.o
START GROUP
LOAD c:/st/stm32cubeide_1.10.1/stm32cubeide/plugins/com.st.stm32cube.ide.mcu.externaltools.gnu-tools-for-stm32.10.3-2021.10.win32_1.0.0.202111181127/tools/bin/../lib/gcc/arm-none-eabi/10.3.1/../../../../arm-none-eabi/lib/thumb/v7e-m/nofp\libc_nano.a
LOAD c:/st/stm32cubeide_1.10.1/stm32cubeide/plugins/com.st.stm32cube.ide.mcu.externaltools.gnu-tools-for-stm32.10.3-2021.10.win32_1.0.0.202111181127/tools/bin/../lib/gcc/arm-none-eabi/10.3.1/../../../../arm-none-eabi/lib/thumb/v7e-m/nofp\libm.a
END GROUP
START GROUP
LOAD c:/st/stm32cubeide_1.10.1/stm32cubeide/plugins/com.st.stm32cube.ide.mcu.externaltools.gnu-tools-for-stm32.10.3-2021.10.win32_1.0.0.202111181127/tools/bin/../lib/gcc/arm-none-eabi/10.3.1/thumb/v7e-m/nofp\libgcc.a
LOAD c:/st/stm32cubeide_1.10.1/stm32cubeide/plugins/com.st.stm32cube.ide.mcu.externaltools.gnu-tools-for-stm32.10.3-2021.10.win32_1.0.0.202111181127/tools/bin/../lib/gcc/arm-none-eabi/10.3.1/../../../../arm-none-eabi/lib/thumb/v7e-m/nofp\libc_nano.a
END GROUP
START GROUP
LOAD c:/st/stm32cubeide_1.10.1/stm32cubeide/plugins/com.st.stm32cube.ide.mcu.externaltools.gnu-tools-for-stm32.10.3-2021.10.win32_1.0.0.202111181127/tools/bin/../lib/gcc/arm-none-eabi/10.3.1/thumb/v7e-m/nofp\libgcc.a
LOAD c:/st/stm32cubeide_1.10.1/stm32cubeide/plugins/com.st.stm32cube.ide.mcu.externaltools.gnu-tools-for-stm32.10.3-2021.10.win32_1.0.0.202111181127/tools/bin/../lib/gcc/arm-none-eabi/10.3.1/../../../../arm-none-eabi/lib/thumb/v7e-m/nofp\libc_nano.a
LOAD c:/st/stm32cubeide_1.10.1/stm32cubeide/plugins/com.st.stm32cube.ide.mcu.externaltools.gnu-tools-for-stm32.10.3-2021.10.win32_1.0.0.202111181127/tools/bin/../lib/gcc/arm-none-eabi/10.3.1/../../../../arm-none-eabi/lib/thumb/v7e-m/nofp\libnosys.a
END GROUP
START GROUP
LOAD c:/st/stm32cubeide_1.10.1/stm32cubeide/plugins/com.st.stm32cube.ide.mcu.externaltools.gnu-tools-for-stm32.10.3-2021.10.win32_1.0.0.202111181127/tools/bin/../lib/gcc/arm-none-eabi/10.3.1/thumb/v7e-m/nofp\libgcc.a
LOAD c:/st/stm32cubeide_1.10.1/stm32cubeide/plugins/com.st.stm32cube.ide.mcu.externaltools.gnu-tools-for-stm32.10.3-2021.10.win32_1.0.0.202111181127/tools/bin/../lib/gcc/arm-none-eabi/10.3.1/../../../../arm-none-eabi/lib/thumb/v7e-m/nofp\libc_nano.a
LOAD c:/st/stm32cubeide_1.10.1/stm32cubeide/plugins/com.st.stm32cube.ide.mcu.externaltools.gnu-tools-for-stm32.10.3-2021.10.win32_1.0.0.202111181127/tools/bin/../lib/gcc/arm-none-eabi/10.3.1/../../../../arm-none-eabi/lib/thumb/v7e-m/nofp\libnosys.a
END GROUP
LOAD c:/st/stm32cubeide_1.10.1/stm32cubeide/plugins/com.st.stm32cube.ide.mcu.externaltools.gnu-tools-for-stm32.10.3-2021.10.win32_1.0.0.202111181127/tools/bin/../lib/gcc/arm-none-eabi/10.3.1/thumb/v7e-m/nofp/crtend.o
LOAD c:/st/stm32cubeide_1.10.1/stm32cubeide/plugins/com.st.stm32cube.ide.mcu.externaltools.gnu-tools-for-stm32.10.3-2021.10.win32_1.0.0.202111181127/tools/bin/../lib/gcc/arm-none-eabi/10.3.1/thumb/v7e-m/nofp/crtn.o
                0x0000000020010000                _estack = 0x20010000
                0x0000000000000200                _Min_Heap_Size = 0x200
                0x0000000000000400                _Min_Stack_Size = 0x400

.isr_vector     0x0000000008000000      0x194
                0x0000000008000000                . = ALIGN (0x4)
 *(.isr_vector)
 .isr_vector    0x0000000008000000      0x194 ./app/statup_stm32f303re.o
                0x0000000008000000                g_pfnVectors
                0x0000000008000194                . = ALIGN (0x4)

.text           0x0000000008000194     0x110c
                0x0000000008000194                . = ALIGN (0x4)
 *(.text)
 .text          0x0000000008000194       0x40 c:/st/stm32cubeide_1.10.1/stm32cubeide/plugins/com.st.stm32cube.ide.mcu.externaltools.gnu-tools-for-stm32.10.3-2021.10.win32_1.0.0.202111181127/tools/bin/../lib/gcc/arm-none-eabi/10.3.1/thumb/v7e-m/nofp/crtbegin.o
 *(.text*)
 .text.__NVIC_SetPriority
                0x00000000080001d4       0x54 ./app/src/main.o
 .text.main     0x0000000008000228      0x124 ./app/src/main.o
                0x0000000008000228                main
 .text.systick_enable
                0x000000000800034c       0x3c ./app/src/main.o
                0x000000000800034c                systick_enable
 .text.SysTick_Handler
                0x0000000008000388       0x1c ./app/src/main.o
                0x0000000008000388                SysTick_Handler
 .text.delay_ms
                0x00000000080003a4       0x2a ./app/src/main.o
                0x00000000080003a4                delay_ms
 *fill*         0x00000000080003ce        0x2 
 .text.get_mtick
                0x00000000080003d0       0x14 ./app/src/main.o
                0x00000000080003d0                get_mtick
 .text.Reset_Handler
                0x00000000080003e4       0x4c ./app/statup_stm32f303re.o
                0x00000000080003e4                Reset_Handler
 .text.Default_Handler
                0x0000000008000430        0x2 ./app/statup_stm32f303re.o
                0x0000000008000430                RTC_Alarm_IRQHandler
                0x0000000008000430                TIM8_TRG_COM_IRQHandler
                0x0000000008000430                TIM8_CC_IRQHandler
                0x0000000008000430                DebugMon_Handler
                0x0000000008000430                SPI4_IRQHandler
                0x0000000008000430                TIM1_CC_IRQHandler
                0x0000000008000430                HardFault_Handler
                0x0000000008000430                USB_HP_IRQHandler
                0x0000000008000430                PVD_IRQHandler
                0x0000000008000430                TAMP_STAMP_IRQHandler
                0x0000000008000430                PendSV_Handler
                0x0000000008000430                NMI_Handler
                0x0000000008000430                EXTI3_IRQHandler
                0x0000000008000430                I2C3_ER_IRQHandler
                0x0000000008000430                USB_HP_CAN_TX_IRQHandler
                0x0000000008000430                EXTI0_IRQHandler
                0x0000000008000430                I2C2_EV_IRQHandler
                0x0000000008000430                FPU_IRQHandler
                0x0000000008000430                TIM1_UP_TIM16_IRQHandler
                0x0000000008000430                UsageFault_Handler
                0x0000000008000430                ADC1_2_IRQHandler
                0x0000000008000430                SPI1_IRQHandler
                0x0000000008000430                CAN_SCE_IRQHandler
                0x0000000008000430                TIM6_DAC_IRQHandler
                0x0000000008000430                TIM8_UP_IRQHandler
                0x0000000008000430                DMA2_Channel2_IRQHandler
                0x0000000008000430                DMA1_Channel4_IRQHandler
                0x0000000008000430                TIM20_TRG_COM_IRQHandler
                0x0000000008000430                USART3_IRQHandler
                0x0000000008000430                DMA1_Channel7_IRQHandler
                0x0000000008000430                UART5_IRQHandler
                0x0000000008000430                ADC3_IRQHandler
                0x0000000008000430                TIM4_IRQHandler
                0x0000000008000430                CAN_RX1_IRQHandler
                0x0000000008000430                DMA2_Channel1_IRQHandler
                0x0000000008000430                I2C1_EV_IRQHandler
                0x0000000008000430                DMA1_Channel6_IRQHandler
                0x0000000008000430                UART4_IRQHandler
                0x0000000008000430                DMA2_Channel4_IRQHandler
                0x0000000008000430                TIM3_IRQHandler
                0x0000000008000430                RCC_IRQHandler
                0x0000000008000430                TIM20_UP_IRQHandler
                0x0000000008000430                DMA1_Channel1_IRQHandler
                0x0000000008000430                Default_Handler
                0x0000000008000430                USBWakeUp_RMP_IRQHandler
                0x0000000008000430                EXTI15_10_IRQHandler
                0x0000000008000430                TIM7_IRQHandler
                0x0000000008000430                I2C3_EV_IRQHandler
                0x0000000008000430                EXTI9_5_IRQHandler
                0x0000000008000430                RTC_WKUP_IRQHandler
                0x0000000008000430                SPI2_IRQHandler
                0x0000000008000430                USB_LP_CAN_RX0_IRQHandler
                0x0000000008000430                MemManage_Handler
                0x0000000008000430                SVC_Handler
                0x0000000008000430                DMA2_Channel5_IRQHandler
                0x0000000008000430                DMA1_Channel5_IRQHandler
                0x0000000008000430                USB_LP_IRQHandler
                0x0000000008000430                EXTI4_IRQHandler
                0x0000000008000430                TIM1_TRG_COM_TIM17_IRQHandler
                0x0000000008000430                DMA1_Channel3_IRQHandler
                0x0000000008000430                ADC4_IRQHandler
                0x0000000008000430                WWDG_IRQHandler
                0x0000000008000430                TIM2_IRQHandler
                0x0000000008000430                COMP7_IRQHandler
                0x0000000008000430                COMP1_2_3_IRQHandler
                0x0000000008000430                EXTI1_IRQHandler
                0x0000000008000430                USART2_IRQHandler
                0x0000000008000430                COMP4_5_6_IRQHandler
                0x0000000008000430                TIM20_BRK_IRQHandler
                0x0000000008000430                I2C2_ER_IRQHandler
                0x0000000008000430                DMA1_Channel2_IRQHandler
                0x0000000008000430                TIM8_BRK_IRQHandler
                0x0000000008000430                FLASH_IRQHandler
                0x0000000008000430                TIM20_CC_IRQHandler
                0x0000000008000430                BusFault_Handler
                0x0000000008000430                USART1_IRQHandler
                0x0000000008000430                SPI3_IRQHandler
                0x0000000008000430                I2C1_ER_IRQHandler
                0x0000000008000430                FMC_IRQHandler
                0x0000000008000430                USBWakeUp_IRQHandler
                0x0000000008000430                DMA2_Channel3_IRQHandler
                0x0000000008000430                EXTI2_TSC_IRQHandler
                0x0000000008000430                TIM1_BRK_TIM15_IRQHandler
 .text.Display_DrawBitmap
                0x0000000008000432       0xc0 ./display/display.o
                0x0000000008000432                Display_DrawBitmap
 .text.Display_Init
                0x00000000080004f2      0x21c ./display/display.o
                0x00000000080004f2                Display_Init
 .text.Display_UpdateScreen
                0x000000000800070e       0x70 ./display/display.o
                0x000000000800070e                Display_UpdateScreen
 .text.Display_Fill
                0x000000000800077e       0x2e ./display/display.o
                0x000000000800077e                Display_Fill
 .text.Display_DrawPixel
                0x00000000080007ac       0xca ./display/display.o
                0x00000000080007ac                Display_DrawPixel
 .text.Display_Putc
                0x0000000008000876      0x10e ./display/display.o
                0x0000000008000876                Display_Putc
 .text.Display_I2C_WriteMulti
                0x0000000008000984      0x11a ./display/display.o
                0x0000000008000984                Display_I2C_WriteMulti
 .text.Display_I2C_Write
                0x0000000008000a9e       0xae ./display/display.o
                0x0000000008000a9e                Display_I2C_Write
 .text.gpio_clock_enable
                0x0000000008000b4c       0xe0 ./driver/src/gpio.o
                0x0000000008000b4c                gpio_clock_enable
 .text.reset_io
                0x0000000008000c2c       0x2a ./driver/src/gpio.o
                0x0000000008000c2c                reset_io
 .text.gpio_config_pin
                0x0000000008000c56       0x6e ./driver/src/gpio.o
                0x0000000008000c56                gpio_config_pin
 .text.gpio_set_pinState
                0x0000000008000cc4       0x46 ./driver/src/gpio.o
                0x0000000008000cc4                gpio_set_pinState
 *fill*         0x0000000008000d0a        0x2 
 .text.I2C_Init
                0x0000000008000d0c      0x1dc ./driver/src/i2c.o
                0x0000000008000d0c                I2C_Init
 .text.keypad_init
                0x0000000008000ee8       0x34 ./keypad/keypad.o
                0x0000000008000ee8                keypad_init
 .text.keypad_config_key_direction
                0x0000000008000f1c       0xd8 ./keypad/keypad.o
 .text.keypad_inverse_pin_direction
                0x0000000008000ff4       0xd8 ./keypad/keypad.o
 .text.keypad_get_pressedkey
                0x00000000080010cc      0x164 ./keypad/keypad.o
                0x00000000080010cc                keypad_get_pressedkey
 .text.__libc_init_array
                0x0000000008001230       0x48 c:/st/stm32cubeide_1.10.1/stm32cubeide/plugins/com.st.stm32cube.ide.mcu.externaltools.gnu-tools-for-stm32.10.3-2021.10.win32_1.0.0.202111181127/tools/bin/../lib/gcc/arm-none-eabi/10.3.1/../../../../arm-none-eabi/lib/thumb/v7e-m/nofp\libc_nano.a(lib_a-init.o)
                0x0000000008001230                __libc_init_array
 .text.memset   0x0000000008001278       0x10 c:/st/stm32cubeide_1.10.1/stm32cubeide/plugins/com.st.stm32cube.ide.mcu.externaltools.gnu-tools-for-stm32.10.3-2021.10.win32_1.0.0.202111181127/tools/bin/../lib/gcc/arm-none-eabi/10.3.1/../../../../arm-none-eabi/lib/thumb/v7e-m/nofp\libc_nano.a(lib_a-memset.o)
                0x0000000008001278                memset
 *(.glue_7)
 .glue_7        0x0000000008001288        0x0 linker stubs
 *(.glue_7t)
 .glue_7t       0x0000000008001288        0x0 linker stubs
 *(.eh_frame)
 .eh_frame      0x0000000008001288        0x0 c:/st/stm32cubeide_1.10.1/stm32cubeide/plugins/com.st.stm32cube.ide.mcu.externaltools.gnu-tools-for-stm32.10.3-2021.10.win32_1.0.0.202111181127/tools/bin/../lib/gcc/arm-none-eabi/10.3.1/thumb/v7e-m/nofp/crtbegin.o
 *(.init)
 .init          0x0000000008001288        0x4 c:/st/stm32cubeide_1.10.1/stm32cubeide/plugins/com.st.stm32cube.ide.mcu.externaltools.gnu-tools-for-stm32.10.3-2021.10.win32_1.0.0.202111181127/tools/bin/../lib/gcc/arm-none-eabi/10.3.1/thumb/v7e-m/nofp/crti.o
                0x0000000008001288                _init
 .init          0x000000000800128c        0x8 c:/st/stm32cubeide_1.10.1/stm32cubeide/plugins/com.st.stm32cube.ide.mcu.externaltools.gnu-tools-for-stm32.10.3-2021.10.win32_1.0.0.202111181127/tools/bin/../lib/gcc/arm-none-eabi/10.3.1/thumb/v7e-m/nofp/crtn.o
 *(.fini)
 .fini          0x0000000008001294        0x4 c:/st/stm32cubeide_1.10.1/stm32cubeide/plugins/com.st.stm32cube.ide.mcu.externaltools.gnu-tools-for-stm32.10.3-2021.10.win32_1.0.0.202111181127/tools/bin/../lib/gcc/arm-none-eabi/10.3.1/thumb/v7e-m/nofp/crti.o
                0x0000000008001294                _fini
 .fini          0x0000000008001298        0x8 c:/st/stm32cubeide_1.10.1/stm32cubeide/plugins/com.st.stm32cube.ide.mcu.externaltools.gnu-tools-for-stm32.10.3-2021.10.win32_1.0.0.202111181127/tools/bin/../lib/gcc/arm-none-eabi/10.3.1/thumb/v7e-m/nofp/crtn.o
                0x00000000080012a0                . = ALIGN (0x4)
                0x00000000080012a0                _etext = .

.vfp11_veneer   0x00000000080012a0        0x0
 .vfp11_veneer  0x00000000080012a0        0x0 linker stubs

.v4_bx          0x00000000080012a0        0x0
 .v4_bx         0x00000000080012a0        0x0 linker stubs

.iplt           0x00000000080012a0        0x0
 .iplt          0x00000000080012a0        0x0 c:/st/stm32cubeide_1.10.1/stm32cubeide/plugins/com.st.stm32cube.ide.mcu.externaltools.gnu-tools-for-stm32.10.3-2021.10.win32_1.0.0.202111181127/tools/bin/../lib/gcc/arm-none-eabi/10.3.1/thumb/v7e-m/nofp/crtbegin.o

.rodata         0x00000000080012a0      0xb6c
                0x00000000080012a0                . = ALIGN (0x4)
 *(.rodata)
 *(.rodata*)
 .rodata.looping
                0x00000000080012a0      0x400 ./app/src/main.o
                0x00000000080012a0                looping
 .rodata.Font7x10
                0x00000000080016a0      0x76c ./display/fonts.o
                0x0000000008001e0c                . = ALIGN (0x4)

.rel.dyn        0x0000000008001e0c        0x0
 .rel.iplt      0x0000000008001e0c        0x0 c:/st/stm32cubeide_1.10.1/stm32cubeide/plugins/com.st.stm32cube.ide.mcu.externaltools.gnu-tools-for-stm32.10.3-2021.10.win32_1.0.0.202111181127/tools/bin/../lib/gcc/arm-none-eabi/10.3.1/thumb/v7e-m/nofp/crtbegin.o

.ARM.extab
 *(.ARM.extab* .gnu.linkonce.armextab.*)

.ARM            0x0000000008001e0c        0x0
                0x0000000008001e0c                __exidx_start = .
 *(.ARM.exidx*)
                0x0000000008001e0c                __exidx_end = .

.preinit_array  0x0000000008001e0c        0x0
                0x0000000008001e0c                PROVIDE (__preinit_array_start = .)
 *(.preinit_array*)
                0x0000000008001e0c                PROVIDE (__preinit_array_end = .)

.init_array     0x0000000008001e0c        0x4
                0x0000000008001e0c                PROVIDE (__init_array_start = .)
 *(SORT_BY_NAME(.init_array.*))
 *(.init_array*)
 .init_array    0x0000000008001e0c        0x4 c:/st/stm32cubeide_1.10.1/stm32cubeide/plugins/com.st.stm32cube.ide.mcu.externaltools.gnu-tools-for-stm32.10.3-2021.10.win32_1.0.0.202111181127/tools/bin/../lib/gcc/arm-none-eabi/10.3.1/thumb/v7e-m/nofp/crtbegin.o
                0x0000000008001e10                PROVIDE (__init_array_end = .)

.fini_array     0x0000000008001e10        0x4
                [!provide]                        PROVIDE (__fini_array_start = .)
 *(SORT_BY_NAME(.fini_array.*))
 *(.fini_array*)
 .fini_array    0x0000000008001e10        0x4 c:/st/stm32cubeide_1.10.1/stm32cubeide/plugins/com.st.stm32cube.ide.mcu.externaltools.gnu-tools-for-stm32.10.3-2021.10.win32_1.0.0.202111181127/tools/bin/../lib/gcc/arm-none-eabi/10.3.1/thumb/v7e-m/nofp/crtbegin.o
                [!provide]                        PROVIDE (__fini_array_end = .)
                0x0000000008001e14                _sidata = LOADADDR (.data)

.data           0x0000000020000000       0x1c load address 0x0000000008001e14
                0x0000000020000000                . = ALIGN (0x4)
                0x0000000020000000                _sdata = .
 *(.data)
 *(.data*)
 .data.SystemCoreClock_
                0x0000000020000000        0x4 ./app/src/main.o
                0x0000000020000000                SystemCoreClock_
 .data.Font_7x10
                0x0000000020000004        0x8 ./display/fonts.o
                0x0000000020000004                Font_7x10
 .data.keys     0x000000002000000c       0x10 ./keypad/keypad.o
                0x000000002000000c                keys
                0x000000002000001c                . = ALIGN (0x4)
                0x000000002000001c                _edata = .
                0x0000000008001e30                _siccmram = LOADADDR (.ccmram)

.igot.plt       0x000000002000001c        0x0 load address 0x0000000008001e30
 .igot.plt      0x000000002000001c        0x0 c:/st/stm32cubeide_1.10.1/stm32cubeide/plugins/com.st.stm32cube.ide.mcu.externaltools.gnu-tools-for-stm32.10.3-2021.10.win32_1.0.0.202111181127/tools/bin/../lib/gcc/arm-none-eabi/10.3.1/thumb/v7e-m/nofp/crtbegin.o

.ccmram         0x0000000010000000        0x0 load address 0x0000000008001e30
                0x0000000010000000                . = ALIGN (0x4)
                0x0000000010000000                _sccmram = .
 *(.ccmram)
 *(.ccmram*)
                0x0000000010000000                . = ALIGN (0x4)
                0x0000000010000000                _eccmram = .
                0x0000000010000000                . = ALIGN (0x4)

.bss            0x000000002000001c      0xc50
                0x000000002000001c                _sbss = .
                0x000000002000001c                __bss_start__ = _sbss
 *(.bss)
 .bss           0x000000002000001c       0x1c c:/st/stm32cubeide_1.10.1/stm32cubeide/plugins/com.st.stm32cube.ide.mcu.externaltools.gnu-tools-for-stm32.10.3-2021.10.win32_1.0.0.202111181127/tools/bin/../lib/gcc/arm-none-eabi/10.3.1/thumb/v7e-m/nofp/crtbegin.o
 *(.bss*)
 .bss.mtick     0x0000000020000038        0x4 ./app/src/main.o
                0x0000000020000038                mtick
 .bss.lcd1      0x000000002000003c      0x40c ./app/src/main.o
                0x000000002000003c                lcd1
 .bss.lcd2      0x0000000020000448      0x40c ./app/src/main.o
                0x0000000020000448                lcd2
 .bss.lcd3      0x0000000020000854      0x40c ./app/src/main.o
                0x0000000020000854                lcd3
 .bss.keypad_port
                0x0000000020000c60        0x4 ./keypad/keypad.o
                0x0000000020000c60                keypad_port
 .bss.start_pin
                0x0000000020000c64        0x4 ./keypad/keypad.o
                0x0000000020000c64                start_pin
 .bss.state     0x0000000020000c68        0x1 ./keypad/keypad.o
                0x0000000020000c68                state
 *(COMMON)
                0x0000000020000c6c                . = ALIGN (0x4)
 *fill*         0x0000000020000c69        0x3 
                0x0000000020000c6c                _ebss = .
                0x0000000020000c6c                __bss_end__ = _ebss

._user_heap_stack
                0x0000000020000c6c      0x604
                0x0000000020000c70                . = ALIGN (0x8)
 *fill*         0x0000000020000c6c        0x4 
                [!provide]                        PROVIDE (end = .)
                [!provide]                        PROVIDE (_end = .)
                0x0000000020000e70                . = (. + _Min_Heap_Size)
 *fill*         0x0000000020000c70      0x200 
                0x0000000020001270                . = (. + _Min_Stack_Size)
 *fill*         0x0000000020000e70      0x400 
                0x0000000020001270                . = ALIGN (0x8)

/DISCARD/
 libc.a(*)
 libm.a(*)
 libgcc.a(*)

.ARM.attributes
                0x0000000000000000       0x2a
 *(.ARM.attributes)
 .ARM.attributes
                0x0000000000000000       0x1e c:/st/stm32cubeide_1.10.1/stm32cubeide/plugins/com.st.stm32cube.ide.mcu.externaltools.gnu-tools-for-stm32.10.3-2021.10.win32_1.0.0.202111181127/tools/bin/../lib/gcc/arm-none-eabi/10.3.1/thumb/v7e-m/nofp/crti.o
 .ARM.attributes
                0x000000000000001e       0x2e c:/st/stm32cubeide_1.10.1/stm32cubeide/plugins/com.st.stm32cube.ide.mcu.externaltools.gnu-tools-for-stm32.10.3-2021.10.win32_1.0.0.202111181127/tools/bin/../lib/gcc/arm-none-eabi/10.3.1/thumb/v7e-m/nofp/crtbegin.o
 .ARM.attributes
                0x000000000000004c       0x2e ./app/src/main.o
 .ARM.attributes
                0x000000000000007a       0x21 ./app/statup_stm32f303re.o
 .ARM.attributes
                0x000000000000009b       0x2e ./display/display.o
 .ARM.attributes
                0x00000000000000c9       0x2e ./display/fonts.o
 .ARM.attributes
                0x00000000000000f7       0x2e ./driver/src/gpio.o
 .ARM.attributes
                0x0000000000000125       0x2e ./driver/src/i2c.o
 .ARM.attributes
                0x0000000000000153       0x2e ./keypad/keypad.o
 .ARM.attributes
                0x0000000000000181       0x2e c:/st/stm32cubeide_1.10.1/stm32cubeide/plugins/com.st.stm32cube.ide.mcu.externaltools.gnu-tools-for-stm32.10.3-2021.10.win32_1.0.0.202111181127/tools/bin/../lib/gcc/arm-none-eabi/10.3.1/../../../../arm-none-eabi/lib/thumb/v7e-m/nofp\libc_nano.a(lib_a-init.o)
 .ARM.attributes
                0x00000000000001af       0x2e c:/st/stm32cubeide_1.10.1/stm32cubeide/plugins/com.st.stm32cube.ide.mcu.externaltools.gnu-tools-for-stm32.10.3-2021.10.win32_1.0.0.202111181127/tools/bin/../lib/gcc/arm-none-eabi/10.3.1/../../../../arm-none-eabi/lib/thumb/v7e-m/nofp\libc_nano.a(lib_a-memset.o)
 .ARM.attributes
                0x00000000000001dd       0x1e c:/st/stm32cubeide_1.10.1/stm32cubeide/plugins/com.st.stm32cube.ide.mcu.externaltools.gnu-tools-for-stm32.10.3-2021.10.win32_1.0.0.202111181127/tools/bin/../lib/gcc/arm-none-eabi/10.3.1/thumb/v7e-m/nofp/crtn.o
OUTPUT(WiSe2223_GruppeK3_s_Projektaufgabe_Digitaluhr.elf elf32-littlearm)
LOAD linker stubs
LOAD c:/st/stm32cubeide_1.10.1/stm32cubeide/plugins/com.st.stm32cube.ide.mcu.externaltools.gnu-tools-for-stm32.10.3-2021.10.win32_1.0.0.202111181127/tools/bin/../lib/gcc/arm-none-eabi/10.3.1/../../../../arm-none-eabi/lib/thumb/v7e-m/nofp\libc.a
LOAD c:/st/stm32cubeide_1.10.1/stm32cubeide/plugins/com.st.stm32cube.ide.mcu.externaltools.gnu-tools-for-stm32.10.3-2021.10.win32_1.0.0.202111181127/tools/bin/../lib/gcc/arm-none-eabi/10.3.1/../../../../arm-none-eabi/lib/thumb/v7e-m/nofp\libm.a
LOAD c:/st/stm32cubeide_1.10.1/stm32cubeide/plugins/com.st.stm32cube.ide.mcu.externaltools.gnu-tools-for-stm32.10.3-2021.10.win32_1.0.0.202111181127/tools/bin/../lib/gcc/arm-none-eabi/10.3.1/thumb/v7e-m/nofp\libgcc.a

.debug_info     0x0000000000000000     0x22e4
 .debug_info    0x0000000000000000      0xd21 ./app/src/main.o
 .debug_info    0x0000000000000d21       0x22 ./app/statup_stm32f303re.o
 .debug_info    0x0000000000000d43      0x7b3 ./display/display.o
 .debug_info    0x00000000000014f6      0x131 ./display/fonts.o
 .debug_info    0x0000000000001627      0x3f7 ./driver/src/gpio.o
 .debug_info    0x0000000000001a1e      0x475 ./driver/src/i2c.o
 .debug_info    0x0000000000001e93      0x451 ./keypad/keypad.o

.debug_abbrev   0x0000000000000000      0x9bb
 .debug_abbrev  0x0000000000000000      0x2ba ./app/src/main.o
 .debug_abbrev  0x00000000000002ba       0x12 ./app/statup_stm32f303re.o
 .debug_abbrev  0x00000000000002cc      0x259 ./display/display.o
 .debug_abbrev  0x0000000000000525       0xad ./display/fonts.o
 .debug_abbrev  0x00000000000005d2      0x11b ./driver/src/gpio.o
 .debug_abbrev  0x00000000000006ed      0x159 ./driver/src/i2c.o
 .debug_abbrev  0x0000000000000846      0x175 ./keypad/keypad.o

.debug_aranges  0x0000000000000000      0x1b8
 .debug_aranges
                0x0000000000000000       0x48 ./app/src/main.o
 .debug_aranges
                0x0000000000000048       0x28 ./app/statup_stm32f303re.o
 .debug_aranges
                0x0000000000000070       0x88 ./display/display.o
 .debug_aranges
                0x00000000000000f8       0x18 ./display/fonts.o
 .debug_aranges
                0x0000000000000110       0x38 ./driver/src/gpio.o
 .debug_aranges
                0x0000000000000148       0x38 ./driver/src/i2c.o
 .debug_aranges
                0x0000000000000180       0x38 ./keypad/keypad.o

.debug_ranges   0x0000000000000000      0x148
 .debug_ranges  0x0000000000000000       0x38 ./app/src/main.o
 .debug_ranges  0x0000000000000038       0x20 ./app/statup_stm32f303re.o
 .debug_ranges  0x0000000000000058       0x78 ./display/display.o
 .debug_ranges  0x00000000000000d0       0x28 ./driver/src/gpio.o
 .debug_ranges  0x00000000000000f8       0x28 ./driver/src/i2c.o
 .debug_ranges  0x0000000000000120       0x28 ./keypad/keypad.o

.debug_macro    0x0000000000000000    0x18756
 .debug_macro   0x0000000000000000      0x221 ./app/src/main.o
 .debug_macro   0x0000000000000221      0xa5a ./app/src/main.o
 .debug_macro   0x0000000000000c7b       0x28 ./app/src/main.o
 .debug_macro   0x0000000000000ca3       0x22 ./app/src/main.o
 .debug_macro   0x0000000000000cc5       0x8e ./app/src/main.o
 .debug_macro   0x0000000000000d53       0x51 ./app/src/main.o
 .debug_macro   0x0000000000000da4      0x103 ./app/src/main.o
 .debug_macro   0x0000000000000ea7       0x6a ./app/src/main.o
 .debug_macro   0x0000000000000f11      0x1df ./app/src/main.o
 .debug_macro   0x00000000000010f0       0x1c ./app/src/main.o
 .debug_macro   0x000000000000110c       0x22 ./app/src/main.o
 .debug_macro   0x000000000000112e       0xd9 ./app/src/main.o
 .debug_macro   0x0000000000001207     0x102d ./app/src/main.o
 .debug_macro   0x0000000000002234      0x11f ./app/src/main.o
 .debug_macro   0x0000000000002353    0x1535a ./app/src/main.o
 .debug_macro   0x00000000000176ad       0x2e ./app/src/main.o
 .debug_macro   0x00000000000176db       0x34 ./app/src/main.o
 .debug_macro   0x000000000001770f       0x6d ./app/src/main.o
 .debug_macro   0x000000000001777c       0x34 ./app/src/main.o
 .debug_macro   0x00000000000177b0       0x52 ./app/src/main.o
 .debug_macro   0x0000000000017802       0x18 ./app/src/main.o
 .debug_macro   0x000000000001781a       0x3c ./app/src/main.o
 .debug_macro   0x0000000000017856       0x34 ./app/src/main.o
 .debug_macro   0x000000000001788a      0x174 ./app/src/main.o
 .debug_macro   0x00000000000179fe       0x16 ./app/src/main.o
 .debug_macro   0x0000000000017a14       0x43 ./app/src/main.o
 .debug_macro   0x0000000000017a57       0x34 ./app/src/main.o
 .debug_macro   0x0000000000017a8b       0x10 ./app/src/main.o
 .debug_macro   0x0000000000017a9b       0x58 ./app/src/main.o
 .debug_macro   0x0000000000017af3       0x71 ./app/src/main.o
 .debug_macro   0x0000000000017b64       0x1c ./app/src/main.o
 .debug_macro   0x0000000000017b80      0x12a ./app/src/main.o
 .debug_macro   0x0000000000017caa      0x341 ./app/src/main.o
 .debug_macro   0x0000000000017feb       0x10 ./app/src/main.o
 .debug_macro   0x0000000000017ffb       0x35 ./app/src/main.o
 .debug_macro   0x0000000000018030       0x20 ./app/src/main.o
 .debug_macro   0x0000000000018050       0x16 ./app/src/main.o
 .debug_macro   0x0000000000018066       0x16 ./app/src/main.o
 .debug_macro   0x000000000001807c       0x29 ./app/src/main.o
 .debug_macro   0x00000000000180a5       0x16 ./app/src/main.o
 .debug_macro   0x00000000000180bb      0x22b ./display/display.o
 .debug_macro   0x00000000000182e6      0x1a6 ./display/fonts.o
 .debug_macro   0x000000000001848c       0xd6 ./driver/src/gpio.o
 .debug_macro   0x0000000000018562       0xe0 ./driver/src/i2c.o
 .debug_macro   0x0000000000018642       0x28 ./driver/src/i2c.o
 .debug_macro   0x000000000001866a       0xec ./keypad/keypad.o

.debug_line     0x0000000000000000     0x2b2b
 .debug_line    0x0000000000000000      0x854 ./app/src/main.o
 .debug_line    0x0000000000000854       0x78 ./app/statup_stm32f303re.o
 .debug_line    0x00000000000008cc      0xa69 ./display/display.o
 .debug_line    0x0000000000001335      0x5aa ./display/fonts.o
 .debug_line    0x00000000000018df      0x5a8 ./driver/src/gpio.o
 .debug_line    0x0000000000001e87      0x6bb ./driver/src/i2c.o
 .debug_line    0x0000000000002542      0x5e9 ./keypad/keypad.o

.debug_str      0x0000000000000000    0x86c35
 .debug_str     0x0000000000000000    0x86778 ./app/src/main.o
                                      0x86ae0 (size before relaxing)
 .debug_str     0x0000000000086778       0x2a ./app/statup_stm32f303re.o
                                         0x84 (size before relaxing)
 .debug_str     0x00000000000867a2      0x31e ./display/display.o
                                      0x8646c (size before relaxing)
 .debug_str     0x0000000000086ac0       0x1c ./display/fonts.o
                                      0x85f33 (size before relaxing)
 .debug_str     0x0000000000086adc       0x39 ./driver/src/gpio.o
                                      0x83028 (size before relaxing)
 .debug_str     0x0000000000086b15       0x47 ./driver/src/i2c.o
                                      0x82f38 (size before relaxing)
 .debug_str     0x0000000000086b5c       0xd9 ./keypad/keypad.o
                                      0x830d0 (size before relaxing)

.comment        0x0000000000000000       0x50
 .comment       0x0000000000000000       0x50 ./app/src/main.o
                                         0x51 (size before relaxing)
 .comment       0x0000000000000050       0x51 ./display/display.o
 .comment       0x0000000000000050       0x51 ./display/fonts.o
 .comment       0x0000000000000050       0x51 ./driver/src/gpio.o
 .comment       0x0000000000000050       0x51 ./driver/src/i2c.o
 .comment       0x0000000000000050       0x51 ./keypad/keypad.o

.debug_frame    0x0000000000000000      0x54c
 .debug_frame   0x0000000000000000       0xd8 ./app/src/main.o
 .debug_frame   0x00000000000000d8      0x228 ./display/display.o
 .debug_frame   0x0000000000000300       0xb0 ./driver/src/gpio.o
 .debug_frame   0x00000000000003b0       0xa8 ./driver/src/i2c.o
 .debug_frame   0x0000000000000458       0xa8 ./keypad/keypad.o
 .debug_frame   0x0000000000000500       0x2c c:/st/stm32cubeide_1.10.1/stm32cubeide/plugins/com.st.stm32cube.ide.mcu.externaltools.gnu-tools-for-stm32.10.3-2021.10.win32_1.0.0.202111181127/tools/bin/../lib/gcc/arm-none-eabi/10.3.1/../../../../arm-none-eabi/lib/thumb/v7e-m/nofp\libc_nano.a(lib_a-init.o)
 .debug_frame   0x000000000000052c       0x20 c:/st/stm32cubeide_1.10.1/stm32cubeide/plugins/com.st.stm32cube.ide.mcu.externaltools.gnu-tools-for-stm32.10.3-2021.10.win32_1.0.0.202111181127/tools/bin/../lib/gcc/arm-none-eabi/10.3.1/../../../../arm-none-eabi/lib/thumb/v7e-m/nofp\libc_nano.a(lib_a-memset.o)
