Archive member included to satisfy reference by file (symbol)

c:/st/stm32cubeide_1.10.1/stm32cubeide/plugins/com.st.stm32cube.ide.mcu.externaltools.gnu-tools-for-stm32.10.3-2021.10.win32_1.0.0.202111181127/tools/bin/../lib/gcc/arm-none-eabi/10.3.1/../../../../arm-none-eabi/lib/thumb/v7e-m/nofp\libc_nano.a(lib_a-exit.o)
                              c:/st/stm32cubeide_1.10.1/stm32cubeide/plugins/com.st.stm32cube.ide.mcu.externaltools.gnu-tools-for-stm32.10.3-2021.10.win32_1.0.0.202111181127/tools/bin/../lib/gcc/arm-none-eabi/10.3.1/../../../../arm-none-eabi/lib/thumb/v7e-m/nofp/crt0.o (exit)
c:/st/stm32cubeide_1.10.1/stm32cubeide/plugins/com.st.stm32cube.ide.mcu.externaltools.gnu-tools-for-stm32.10.3-2021.10.win32_1.0.0.202111181127/tools/bin/../lib/gcc/arm-none-eabi/10.3.1/../../../../arm-none-eabi/lib/thumb/v7e-m/nofp\libc_nano.a(lib_a-impure.o)
                              c:/st/stm32cubeide_1.10.1/stm32cubeide/plugins/com.st.stm32cube.ide.mcu.externaltools.gnu-tools-for-stm32.10.3-2021.10.win32_1.0.0.202111181127/tools/bin/../lib/gcc/arm-none-eabi/10.3.1/../../../../arm-none-eabi/lib/thumb/v7e-m/nofp\libc_nano.a(lib_a-exit.o) (_global_impure_ptr)
c:/st/stm32cubeide_1.10.1/stm32cubeide/plugins/com.st.stm32cube.ide.mcu.externaltools.gnu-tools-for-stm32.10.3-2021.10.win32_1.0.0.202111181127/tools/bin/../lib/gcc/arm-none-eabi/10.3.1/../../../../arm-none-eabi/lib/thumb/v7e-m/nofp\libc_nano.a(lib_a-init.o)
                              c:/st/stm32cubeide_1.10.1/stm32cubeide/plugins/com.st.stm32cube.ide.mcu.externaltools.gnu-tools-for-stm32.10.3-2021.10.win32_1.0.0.202111181127/tools/bin/../lib/gcc/arm-none-eabi/10.3.1/../../../../arm-none-eabi/lib/thumb/v7e-m/nofp/crt0.o (__libc_init_array)
c:/st/stm32cubeide_1.10.1/stm32cubeide/plugins/com.st.stm32cube.ide.mcu.externaltools.gnu-tools-for-stm32.10.3-2021.10.win32_1.0.0.202111181127/tools/bin/../lib/gcc/arm-none-eabi/10.3.1/../../../../arm-none-eabi/lib/thumb/v7e-m/nofp\libc_nano.a(lib_a-memset.o)
                              c:/st/stm32cubeide_1.10.1/stm32cubeide/plugins/com.st.stm32cube.ide.mcu.externaltools.gnu-tools-for-stm32.10.3-2021.10.win32_1.0.0.202111181127/tools/bin/../lib/gcc/arm-none-eabi/10.3.1/../../../../arm-none-eabi/lib/thumb/v7e-m/nofp/crt0.o (memset)
c:/st/stm32cubeide_1.10.1/stm32cubeide/plugins/com.st.stm32cube.ide.mcu.externaltools.gnu-tools-for-stm32.10.3-2021.10.win32_1.0.0.202111181127/tools/bin/../lib/gcc/arm-none-eabi/10.3.1/../../../../arm-none-eabi/lib/thumb/v7e-m/nofp\libnosys.a(_exit.o)
                              c:/st/stm32cubeide_1.10.1/stm32cubeide/plugins/com.st.stm32cube.ide.mcu.externaltools.gnu-tools-for-stm32.10.3-2021.10.win32_1.0.0.202111181127/tools/bin/../lib/gcc/arm-none-eabi/10.3.1/../../../../arm-none-eabi/lib/thumb/v7e-m/nofp\libc_nano.a(lib_a-exit.o) (_exit)

Discarded input sections

 .text          0x0000000000000000        0x0 c:/st/stm32cubeide_1.10.1/stm32cubeide/plugins/com.st.stm32cube.ide.mcu.externaltools.gnu-tools-for-stm32.10.3-2021.10.win32_1.0.0.202111181127/tools/bin/../lib/gcc/arm-none-eabi/10.3.1/thumb/v7e-m/nofp/crti.o
 .data          0x0000000000000000        0x0 c:/st/stm32cubeide_1.10.1/stm32cubeide/plugins/com.st.stm32cube.ide.mcu.externaltools.gnu-tools-for-stm32.10.3-2021.10.win32_1.0.0.202111181127/tools/bin/../lib/gcc/arm-none-eabi/10.3.1/thumb/v7e-m/nofp/crti.o
 .bss           0x0000000000000000        0x0 c:/st/stm32cubeide_1.10.1/stm32cubeide/plugins/com.st.stm32cube.ide.mcu.externaltools.gnu-tools-for-stm32.10.3-2021.10.win32_1.0.0.202111181127/tools/bin/../lib/gcc/arm-none-eabi/10.3.1/thumb/v7e-m/nofp/crti.o
 .data          0x0000000000000000        0x4 c:/st/stm32cubeide_1.10.1/stm32cubeide/plugins/com.st.stm32cube.ide.mcu.externaltools.gnu-tools-for-stm32.10.3-2021.10.win32_1.0.0.202111181127/tools/bin/../lib/gcc/arm-none-eabi/10.3.1/thumb/v7e-m/nofp/crtbegin.o
 .rodata        0x0000000000000000       0x24 c:/st/stm32cubeide_1.10.1/stm32cubeide/plugins/com.st.stm32cube.ide.mcu.externaltools.gnu-tools-for-stm32.10.3-2021.10.win32_1.0.0.202111181127/tools/bin/../lib/gcc/arm-none-eabi/10.3.1/thumb/v7e-m/nofp/crtbegin.o
 .text          0x0000000000000000       0x7c c:/st/stm32cubeide_1.10.1/stm32cubeide/plugins/com.st.stm32cube.ide.mcu.externaltools.gnu-tools-for-stm32.10.3-2021.10.win32_1.0.0.202111181127/tools/bin/../lib/gcc/arm-none-eabi/10.3.1/../../../../arm-none-eabi/lib/thumb/v7e-m/nofp/crt0.o
 .data          0x0000000000000000        0x0 c:/st/stm32cubeide_1.10.1/stm32cubeide/plugins/com.st.stm32cube.ide.mcu.externaltools.gnu-tools-for-stm32.10.3-2021.10.win32_1.0.0.202111181127/tools/bin/../lib/gcc/arm-none-eabi/10.3.1/../../../../arm-none-eabi/lib/thumb/v7e-m/nofp/crt0.o
 .bss           0x0000000000000000        0x0 c:/st/stm32cubeide_1.10.1/stm32cubeide/plugins/com.st.stm32cube.ide.mcu.externaltools.gnu-tools-for-stm32.10.3-2021.10.win32_1.0.0.202111181127/tools/bin/../lib/gcc/arm-none-eabi/10.3.1/../../../../arm-none-eabi/lib/thumb/v7e-m/nofp/crt0.o
 .ARM.extab     0x0000000000000000        0x0 c:/st/stm32cubeide_1.10.1/stm32cubeide/plugins/com.st.stm32cube.ide.mcu.externaltools.gnu-tools-for-stm32.10.3-2021.10.win32_1.0.0.202111181127/tools/bin/../lib/gcc/arm-none-eabi/10.3.1/../../../../arm-none-eabi/lib/thumb/v7e-m/nofp/crt0.o
 .ARM.exidx     0x0000000000000000       0x10 c:/st/stm32cubeide_1.10.1/stm32cubeide/plugins/com.st.stm32cube.ide.mcu.externaltools.gnu-tools-for-stm32.10.3-2021.10.win32_1.0.0.202111181127/tools/bin/../lib/gcc/arm-none-eabi/10.3.1/../../../../arm-none-eabi/lib/thumb/v7e-m/nofp/crt0.o
 .ARM.attributes
                0x0000000000000000       0x1c c:/st/stm32cubeide_1.10.1/stm32cubeide/plugins/com.st.stm32cube.ide.mcu.externaltools.gnu-tools-for-stm32.10.3-2021.10.win32_1.0.0.202111181127/tools/bin/../lib/gcc/arm-none-eabi/10.3.1/../../../../arm-none-eabi/lib/thumb/v7e-m/nofp/crt0.o
 .group         0x0000000000000000        0xc ./app/src/main.o
 .group         0x0000000000000000        0xc ./app/src/main.o
 .group         0x0000000000000000        0xc ./app/src/main.o
 .group         0x0000000000000000        0xc ./app/src/main.o
 .group         0x0000000000000000        0xc ./app/src/main.o
 .group         0x0000000000000000        0xc ./app/src/main.o
 .group         0x0000000000000000        0xc ./app/src/main.o
 .group         0x0000000000000000        0xc ./app/src/main.o
 .group         0x0000000000000000        0xc ./app/src/main.o
 .group         0x0000000000000000        0xc ./app/src/main.o
 .group         0x0000000000000000        0xc ./app/src/main.o
 .group         0x0000000000000000        0xc ./app/src/main.o
 .group         0x0000000000000000        0xc ./app/src/main.o
 .group         0x0000000000000000        0xc ./app/src/main.o
 .group         0x0000000000000000        0xc ./app/src/main.o
 .group         0x0000000000000000        0xc ./app/src/main.o
 .group         0x0000000000000000        0xc ./app/src/main.o
 .group         0x0000000000000000        0xc ./app/src/main.o
 .group         0x0000000000000000        0xc ./app/src/main.o
 .group         0x0000000000000000        0xc ./app/src/main.o
 .group         0x0000000000000000        0xc ./app/src/main.o
 .group         0x0000000000000000        0xc ./app/src/main.o
 .group         0x0000000000000000        0xc ./app/src/main.o
 .group         0x0000000000000000        0xc ./app/src/main.o
 .group         0x0000000000000000        0xc ./app/src/main.o
 .group         0x0000000000000000        0xc ./app/src/main.o
 .group         0x0000000000000000        0xc ./app/src/main.o
 .group         0x0000000000000000        0xc ./app/src/main.o
 .group         0x0000000000000000        0xc ./app/src/main.o
 .group         0x0000000000000000        0xc ./app/src/main.o
 .group         0x0000000000000000        0xc ./app/src/main.o
 .group         0x0000000000000000        0xc ./app/src/main.o
 .group         0x0000000000000000        0xc ./app/src/main.o
 .group         0x0000000000000000        0xc ./app/src/main.o
 .group         0x0000000000000000        0xc ./app/src/main.o
 .group         0x0000000000000000        0xc ./app/src/main.o
 .group         0x0000000000000000        0xc ./app/src/main.o
 .group         0x0000000000000000        0xc ./app/src/main.o
 .group         0x0000000000000000        0xc ./app/src/main.o
 .group         0x0000000000000000        0xc ./app/src/main.o
 .group         0x0000000000000000        0xc ./app/src/main.o
 .text          0x0000000000000000        0x0 ./app/src/main.o
 .data          0x0000000000000000        0x0 ./app/src/main.o
 .bss           0x0000000000000000        0x0 ./app/src/main.o
 .rodata.helix  0x0000000000000000      0x400 ./app/src/main.o
 .rodata.looping
                0x0000000000000000      0x400 ./app/src/main.o
 .rodata.marilyn_monroe
                0x0000000000000000      0x400 ./app/src/main.o
 .rodata.horse_image
                0x0000000000000000      0x400 ./app/src/main.o
 .rodata.titel_image
                0x0000000000000000      0x400 ./app/src/main.o
 .bss.i         0x0000000000000000        0x1 ./app/src/main.o
 .bss.error     0x0000000000000000        0x4 ./app/src/main.o
 .text          0x0000000000000000       0x14 ./app/statup_stm32f303re.o
 .data          0x0000000000000000        0x0 ./app/statup_stm32f303re.o
 .bss           0x0000000000000000        0x0 ./app/statup_stm32f303re.o
 .group         0x0000000000000000        0xc ./display/display.o
 .group         0x0000000000000000        0xc ./display/display.o
 .group         0x0000000000000000        0xc ./display/display.o
 .group         0x0000000000000000        0xc ./display/display.o
 .group         0x0000000000000000        0xc ./display/display.o
 .group         0x0000000000000000        0xc ./display/display.o
 .group         0x0000000000000000        0xc ./display/display.o
 .group         0x0000000000000000        0xc ./display/display.o
 .group         0x0000000000000000        0xc ./display/display.o
 .group         0x0000000000000000        0xc ./display/display.o
 .group         0x0000000000000000        0xc ./display/display.o
 .group         0x0000000000000000        0xc ./display/display.o
 .group         0x0000000000000000        0xc ./display/display.o
 .group         0x0000000000000000        0xc ./display/display.o
 .group         0x0000000000000000        0xc ./display/display.o
 .group         0x0000000000000000        0xc ./display/display.o
 .group         0x0000000000000000        0xc ./display/display.o
 .group         0x0000000000000000        0xc ./display/display.o
 .group         0x0000000000000000        0xc ./display/display.o
 .group         0x0000000000000000        0xc ./display/display.o
 .group         0x0000000000000000        0xc ./display/display.o
 .group         0x0000000000000000        0xc ./display/display.o
 .group         0x0000000000000000        0xc ./display/display.o
 .group         0x0000000000000000        0xc ./display/display.o
 .group         0x0000000000000000        0xc ./display/display.o
 .group         0x0000000000000000        0xc ./display/display.o
 .group         0x0000000000000000        0xc ./display/display.o
 .group         0x0000000000000000        0xc ./display/display.o
 .group         0x0000000000000000        0xc ./display/display.o
 .group         0x0000000000000000        0xc ./display/display.o
 .group         0x0000000000000000        0xc ./display/display.o
 .group         0x0000000000000000        0xc ./display/display.o
 .group         0x0000000000000000        0xc ./display/display.o
 .group         0x0000000000000000        0xc ./display/display.o
 .group         0x0000000000000000        0xc ./display/display.o
 .group         0x0000000000000000        0xc ./display/display.o
 .group         0x0000000000000000        0xc ./display/display.o
 .group         0x0000000000000000        0xc ./display/display.o
 .text          0x0000000000000000        0x0 ./display/display.o
 .data          0x0000000000000000        0x0 ./display/display.o
 .bss           0x0000000000000000        0x0 ./display/display.o
 .text.Display_GotoXY
                0x0000000000000000       0x2a ./display/display.o
 .text.Display_Puts
                0x0000000000000000       0x4a ./display/display.o
 .text.Display_Clear
                0x0000000000000000       0x1e ./display/display.o
 .text.Display_ON
                0x0000000000000000       0x40 ./display/display.o
 .text.Display_OFF
                0x0000000000000000       0x40 ./display/display.o
 .text.Display_printTime
                0x0000000000000000      0x208 ./display/display.o
 .debug_macro   0x0000000000000000      0xa5a ./display/display.o
 .debug_macro   0x0000000000000000       0x34 ./display/display.o
 .debug_macro   0x0000000000000000       0x28 ./display/display.o
 .debug_macro   0x0000000000000000       0x22 ./display/display.o
 .debug_macro   0x0000000000000000       0x8e ./display/display.o
 .debug_macro   0x0000000000000000       0x51 ./display/display.o
 .debug_macro   0x0000000000000000      0x103 ./display/display.o
 .debug_macro   0x0000000000000000       0x6a ./display/display.o
 .debug_macro   0x0000000000000000      0x1df ./display/display.o
 .debug_macro   0x0000000000000000       0x1c ./display/display.o
 .debug_macro   0x0000000000000000       0x22 ./display/display.o
 .debug_macro   0x0000000000000000       0xd9 ./display/display.o
 .debug_macro   0x0000000000000000     0x102d ./display/display.o
 .debug_macro   0x0000000000000000      0x11f ./display/display.o
 .debug_macro   0x0000000000000000    0x1535a ./display/display.o
 .debug_macro   0x0000000000000000       0x6d ./display/display.o
 .debug_macro   0x0000000000000000       0x52 ./display/display.o
 .debug_macro   0x0000000000000000       0x18 ./display/display.o
 .debug_macro   0x0000000000000000       0x3c ./display/display.o
 .debug_macro   0x0000000000000000       0x34 ./display/display.o
 .debug_macro   0x0000000000000000      0x174 ./display/display.o
 .debug_macro   0x0000000000000000       0x16 ./display/display.o
 .debug_macro   0x0000000000000000       0x43 ./display/display.o
 .debug_macro   0x0000000000000000       0x34 ./display/display.o
 .debug_macro   0x0000000000000000       0x10 ./display/display.o
 .debug_macro   0x0000000000000000       0x58 ./display/display.o
 .debug_macro   0x0000000000000000       0x71 ./display/display.o
 .debug_macro   0x0000000000000000       0x1c ./display/display.o
 .debug_macro   0x0000000000000000      0x12a ./display/display.o
 .debug_macro   0x0000000000000000      0x341 ./display/display.o
 .debug_macro   0x0000000000000000       0x10 ./display/display.o
 .debug_macro   0x0000000000000000       0x35 ./display/display.o
 .debug_macro   0x0000000000000000       0x20 ./display/display.o
 .debug_macro   0x0000000000000000       0x10 ./display/display.o
 .debug_macro   0x0000000000000000       0x16 ./display/display.o
 .debug_macro   0x0000000000000000       0x16 ./display/display.o
 .debug_macro   0x0000000000000000       0x29 ./display/display.o
 .debug_macro   0x0000000000000000       0x16 ./display/display.o
 .group         0x0000000000000000        0xc ./display/fonts.o
 .group         0x0000000000000000        0xc ./display/fonts.o
 .group         0x0000000000000000        0xc ./display/fonts.o
 .group         0x0000000000000000        0xc ./display/fonts.o
 .group         0x0000000000000000        0xc ./display/fonts.o
 .group         0x0000000000000000        0xc ./display/fonts.o
 .group         0x0000000000000000        0xc ./display/fonts.o
 .group         0x0000000000000000        0xc ./display/fonts.o
 .group         0x0000000000000000        0xc ./display/fonts.o
 .group         0x0000000000000000        0xc ./display/fonts.o
 .group         0x0000000000000000        0xc ./display/fonts.o
 .group         0x0000000000000000        0xc ./display/fonts.o
 .group         0x0000000000000000        0xc ./display/fonts.o
 .group         0x0000000000000000        0xc ./display/fonts.o
 .group         0x0000000000000000        0xc ./display/fonts.o
 .group         0x0000000000000000        0xc ./display/fonts.o
 .group         0x0000000000000000        0xc ./display/fonts.o
 .group         0x0000000000000000        0xc ./display/fonts.o
 .group         0x0000000000000000        0xc ./display/fonts.o
 .group         0x0000000000000000        0xc ./display/fonts.o
 .group         0x0000000000000000        0xc ./display/fonts.o
 .group         0x0000000000000000        0xc ./display/fonts.o
 .group         0x0000000000000000        0xc ./display/fonts.o
 .group         0x0000000000000000        0xc ./display/fonts.o
 .group         0x0000000000000000        0xc ./display/fonts.o
 .group         0x0000000000000000        0xc ./display/fonts.o
 .group         0x0000000000000000        0xc ./display/fonts.o
 .group         0x0000000000000000        0xc ./display/fonts.o
 .group         0x0000000000000000        0xc ./display/fonts.o
 .group         0x0000000000000000        0xc ./display/fonts.o
 .group         0x0000000000000000        0xc ./display/fonts.o
 .group         0x0000000000000000        0xc ./display/fonts.o
 .group         0x0000000000000000        0xc ./display/fonts.o
 .group         0x0000000000000000        0xc ./display/fonts.o
 .text          0x0000000000000000        0x0 ./display/fonts.o
 .data          0x0000000000000000        0x0 ./display/fonts.o
 .bss           0x0000000000000000        0x0 ./display/fonts.o
 .rodata.Font11x18
                0x0000000000000000      0xd5c ./display/fonts.o
 .data.Font_11x18
                0x0000000000000000        0x8 ./display/fonts.o
 .debug_macro   0x0000000000000000      0xa5a ./display/fonts.o
 .debug_macro   0x0000000000000000       0x34 ./display/fonts.o
 .debug_macro   0x0000000000000000       0x28 ./display/fonts.o
 .debug_macro   0x0000000000000000       0x22 ./display/fonts.o
 .debug_macro   0x0000000000000000       0x8e ./display/fonts.o
 .debug_macro   0x0000000000000000       0x51 ./display/fonts.o
 .debug_macro   0x0000000000000000      0x103 ./display/fonts.o
 .debug_macro   0x0000000000000000       0x6a ./display/fonts.o
 .debug_macro   0x0000000000000000      0x1df ./display/fonts.o
 .debug_macro   0x0000000000000000       0x1c ./display/fonts.o
 .debug_macro   0x0000000000000000       0x22 ./display/fonts.o
 .debug_macro   0x0000000000000000       0xd9 ./display/fonts.o
 .debug_macro   0x0000000000000000     0x102d ./display/fonts.o
 .debug_macro   0x0000000000000000      0x11f ./display/fonts.o
 .debug_macro   0x0000000000000000    0x1535a ./display/fonts.o
 .debug_macro   0x0000000000000000       0x6d ./display/fonts.o
 .debug_macro   0x0000000000000000       0x52 ./display/fonts.o
 .debug_macro   0x0000000000000000       0x18 ./display/fonts.o
 .debug_macro   0x0000000000000000       0x3c ./display/fonts.o
 .debug_macro   0x0000000000000000       0x34 ./display/fonts.o
 .debug_macro   0x0000000000000000      0x174 ./display/fonts.o
 .debug_macro   0x0000000000000000       0x16 ./display/fonts.o
 .debug_macro   0x0000000000000000       0x43 ./display/fonts.o
 .debug_macro   0x0000000000000000       0x34 ./display/fonts.o
 .debug_macro   0x0000000000000000       0x10 ./display/fonts.o
 .debug_macro   0x0000000000000000       0x58 ./display/fonts.o
 .debug_macro   0x0000000000000000       0x71 ./display/fonts.o
 .debug_macro   0x0000000000000000       0x1c ./display/fonts.o
 .debug_macro   0x0000000000000000      0x12a ./display/fonts.o
 .debug_macro   0x0000000000000000      0x341 ./display/fonts.o
 .debug_macro   0x0000000000000000       0x10 ./display/fonts.o
 .debug_macro   0x0000000000000000       0x35 ./display/fonts.o
 .debug_macro   0x0000000000000000       0x20 ./display/fonts.o
 .debug_macro   0x0000000000000000       0x10 ./display/fonts.o
 .group         0x0000000000000000        0xc ./driver/src/gpio.o
 .group         0x0000000000000000        0xc ./driver/src/gpio.o
 .group         0x0000000000000000        0xc ./driver/src/gpio.o
 .group         0x0000000000000000        0xc ./driver/src/gpio.o
 .group         0x0000000000000000        0xc ./driver/src/gpio.o
 .group         0x0000000000000000        0xc ./driver/src/gpio.o
 .group         0x0000000000000000        0xc ./driver/src/gpio.o
 .group         0x0000000000000000        0xc ./driver/src/gpio.o
 .group         0x0000000000000000        0xc ./driver/src/gpio.o
 .group         0x0000000000000000        0xc ./driver/src/gpio.o
 .group         0x0000000000000000        0xc ./driver/src/gpio.o
 .group         0x0000000000000000        0xc ./driver/src/gpio.o
 .group         0x0000000000000000        0xc ./driver/src/gpio.o
 .group         0x0000000000000000        0xc ./driver/src/gpio.o
 .group         0x0000000000000000        0xc ./driver/src/gpio.o
 .group         0x0000000000000000        0xc ./driver/src/gpio.o
 .group         0x0000000000000000        0xc ./driver/src/gpio.o
 .text          0x0000000000000000        0x0 ./driver/src/gpio.o
 .data          0x0000000000000000        0x0 ./driver/src/gpio.o
 .bss           0x0000000000000000        0x0 ./driver/src/gpio.o
 .debug_macro   0x0000000000000000      0xa5a ./driver/src/gpio.o
 .debug_macro   0x0000000000000000       0x28 ./driver/src/gpio.o
 .debug_macro   0x0000000000000000       0x22 ./driver/src/gpio.o
 .debug_macro   0x0000000000000000       0x8e ./driver/src/gpio.o
 .debug_macro   0x0000000000000000       0x51 ./driver/src/gpio.o
 .debug_macro   0x0000000000000000      0x103 ./driver/src/gpio.o
 .debug_macro   0x0000000000000000       0x6a ./driver/src/gpio.o
 .debug_macro   0x0000000000000000      0x1df ./driver/src/gpio.o
 .debug_macro   0x0000000000000000       0x1c ./driver/src/gpio.o
 .debug_macro   0x0000000000000000       0x22 ./driver/src/gpio.o
 .debug_macro   0x0000000000000000       0xd9 ./driver/src/gpio.o
 .debug_macro   0x0000000000000000     0x102d ./driver/src/gpio.o
 .debug_macro   0x0000000000000000      0x11f ./driver/src/gpio.o
 .debug_macro   0x0000000000000000    0x1535a ./driver/src/gpio.o
 .debug_macro   0x0000000000000000       0x34 ./driver/src/gpio.o
 .debug_macro   0x0000000000000000       0x6d ./driver/src/gpio.o
 .debug_macro   0x0000000000000000       0x34 ./driver/src/gpio.o
 .group         0x0000000000000000        0xc ./driver/src/i2c.o
 .group         0x0000000000000000        0xc ./driver/src/i2c.o
 .group         0x0000000000000000        0xc ./driver/src/i2c.o
 .group         0x0000000000000000        0xc ./driver/src/i2c.o
 .group         0x0000000000000000        0xc ./driver/src/i2c.o
 .group         0x0000000000000000        0xc ./driver/src/i2c.o
 .group         0x0000000000000000        0xc ./driver/src/i2c.o
 .group         0x0000000000000000        0xc ./driver/src/i2c.o
 .group         0x0000000000000000        0xc ./driver/src/i2c.o
 .group         0x0000000000000000        0xc ./driver/src/i2c.o
 .group         0x0000000000000000        0xc ./driver/src/i2c.o
 .group         0x0000000000000000        0xc ./driver/src/i2c.o
 .group         0x0000000000000000        0xc ./driver/src/i2c.o
 .group         0x0000000000000000        0xc ./driver/src/i2c.o
 .group         0x0000000000000000        0xc ./driver/src/i2c.o
 .group         0x0000000000000000        0xc ./driver/src/i2c.o
 .group         0x0000000000000000        0xc ./driver/src/i2c.o
 .text          0x0000000000000000        0x0 ./driver/src/i2c.o
 .data          0x0000000000000000        0x0 ./driver/src/i2c.o
 .bss           0x0000000000000000        0x0 ./driver/src/i2c.o
 .text.I2C_Write
                0x0000000000000000      0x11e ./driver/src/i2c.o
 .text.I2C_Read
                0x0000000000000000       0xa0 ./driver/src/i2c.o
 .debug_macro   0x0000000000000000      0xa5a ./driver/src/i2c.o
 .debug_macro   0x0000000000000000       0x34 ./driver/src/i2c.o
 .debug_macro   0x0000000000000000       0x28 ./driver/src/i2c.o
 .debug_macro   0x0000000000000000       0x22 ./driver/src/i2c.o
 .debug_macro   0x0000000000000000       0x8e ./driver/src/i2c.o
 .debug_macro   0x0000000000000000       0x51 ./driver/src/i2c.o
 .debug_macro   0x0000000000000000      0x103 ./driver/src/i2c.o
 .debug_macro   0x0000000000000000       0x6a ./driver/src/i2c.o
 .debug_macro   0x0000000000000000      0x1df ./driver/src/i2c.o
 .debug_macro   0x0000000000000000       0x1c ./driver/src/i2c.o
 .debug_macro   0x0000000000000000       0x22 ./driver/src/i2c.o
 .debug_macro   0x0000000000000000       0xd9 ./driver/src/i2c.o
 .debug_macro   0x0000000000000000     0x102d ./driver/src/i2c.o
 .debug_macro   0x0000000000000000      0x11f ./driver/src/i2c.o
 .debug_macro   0x0000000000000000    0x1535a ./driver/src/i2c.o
 .debug_macro   0x0000000000000000       0x6d ./driver/src/i2c.o
 .group         0x0000000000000000        0xc ./keypad/keypad.o
 .group         0x0000000000000000        0xc ./keypad/keypad.o
 .group         0x0000000000000000        0xc ./keypad/keypad.o
 .group         0x0000000000000000        0xc ./keypad/keypad.o
 .group         0x0000000000000000        0xc ./keypad/keypad.o
 .group         0x0000000000000000        0xc ./keypad/keypad.o
 .group         0x0000000000000000        0xc ./keypad/keypad.o
 .group         0x0000000000000000        0xc ./keypad/keypad.o
 .group         0x0000000000000000        0xc ./keypad/keypad.o
 .group         0x0000000000000000        0xc ./keypad/keypad.o
 .group         0x0000000000000000        0xc ./keypad/keypad.o
 .group         0x0000000000000000        0xc ./keypad/keypad.o
 .group         0x0000000000000000        0xc ./keypad/keypad.o
 .group         0x0000000000000000        0xc ./keypad/keypad.o
 .group         0x0000000000000000        0xc ./keypad/keypad.o
 .group         0x0000000000000000        0xc ./keypad/keypad.o
 .group         0x0000000000000000        0xc ./keypad/keypad.o
 .text          0x0000000000000000        0x0 ./keypad/keypad.o
 .data          0x0000000000000000        0x0 ./keypad/keypad.o
 .bss           0x0000000000000000        0x0 ./keypad/keypad.o
 .debug_macro   0x0000000000000000      0xa5a ./keypad/keypad.o
 .debug_macro   0x0000000000000000       0x34 ./keypad/keypad.o
 .debug_macro   0x0000000000000000       0x28 ./keypad/keypad.o
 .debug_macro   0x0000000000000000       0x22 ./keypad/keypad.o
 .debug_macro   0x0000000000000000       0x8e ./keypad/keypad.o
 .debug_macro   0x0000000000000000       0x51 ./keypad/keypad.o
 .debug_macro   0x0000000000000000      0x103 ./keypad/keypad.o
 .debug_macro   0x0000000000000000       0x6a ./keypad/keypad.o
 .debug_macro   0x0000000000000000      0x1df ./keypad/keypad.o
 .debug_macro   0x0000000000000000       0x1c ./keypad/keypad.o
 .debug_macro   0x0000000000000000       0x22 ./keypad/keypad.o
 .debug_macro   0x0000000000000000       0xd9 ./keypad/keypad.o
 .debug_macro   0x0000000000000000     0x102d ./keypad/keypad.o
 .debug_macro   0x0000000000000000      0x11f ./keypad/keypad.o
 .debug_macro   0x0000000000000000    0x1535a ./keypad/keypad.o
 .debug_macro   0x0000000000000000       0x6d ./keypad/keypad.o
 .debug_macro   0x0000000000000000       0x34 ./keypad/keypad.o
 .group         0x0000000000000000        0xc ./rtc/rtc.o
 .group         0x0000000000000000        0xc ./rtc/rtc.o
 .group         0x0000000000000000        0xc ./rtc/rtc.o
 .group         0x0000000000000000        0xc ./rtc/rtc.o
 .group         0x0000000000000000        0xc ./rtc/rtc.o
 .group         0x0000000000000000        0xc ./rtc/rtc.o
 .group         0x0000000000000000        0xc ./rtc/rtc.o
 .group         0x0000000000000000        0xc ./rtc/rtc.o
 .group         0x0000000000000000        0xc ./rtc/rtc.o
 .group         0x0000000000000000        0xc ./rtc/rtc.o
 .group         0x0000000000000000        0xc ./rtc/rtc.o
 .group         0x0000000000000000        0xc ./rtc/rtc.o
 .group         0x0000000000000000        0xc ./rtc/rtc.o
 .group         0x0000000000000000        0xc ./rtc/rtc.o
 .group         0x0000000000000000        0xc ./rtc/rtc.o
 .group         0x0000000000000000        0xc ./rtc/rtc.o
 .text          0x0000000000000000        0x0 ./rtc/rtc.o
 .data          0x0000000000000000        0x0 ./rtc/rtc.o
 .bss           0x0000000000000000        0x0 ./rtc/rtc.o
 .bss.rtc_i2c   0x0000000000000000        0x4 ./rtc/rtc.o
 .text.rtc_write_reg
                0x0000000000000000       0x38 ./rtc/rtc.o
 .text.rtc_read_reg
                0x0000000000000000       0x44 ./rtc/rtc.o
 .text.rtc_init
                0x0000000000000000       0x1c ./rtc/rtc.o
 .text.rtc_I2C_TimeOffset
                0x0000000000000000       0x5c ./rtc/rtc.o
 .text.rtc_I2c_ReadAll
                0x0000000000000000       0x64 ./rtc/rtc.o
 .text.rtc_I2C_Calculate
                0x0000000000000000      0x17e ./rtc/rtc.o
 .debug_info    0x0000000000000000      0x3d2 ./rtc/rtc.o
 .debug_abbrev  0x0000000000000000      0x192 ./rtc/rtc.o
 .debug_aranges
                0x0000000000000000       0x48 ./rtc/rtc.o
 .debug_ranges  0x0000000000000000       0x38 ./rtc/rtc.o
 .debug_macro   0x0000000000000000       0xc6 ./rtc/rtc.o
 .debug_macro   0x0000000000000000      0xa5a ./rtc/rtc.o
 .debug_macro   0x0000000000000000       0x28 ./rtc/rtc.o
 .debug_macro   0x0000000000000000       0x22 ./rtc/rtc.o
 .debug_macro   0x0000000000000000       0x8e ./rtc/rtc.o
 .debug_macro   0x0000000000000000       0x51 ./rtc/rtc.o
 .debug_macro   0x0000000000000000      0x103 ./rtc/rtc.o
 .debug_macro   0x0000000000000000       0x6a ./rtc/rtc.o
 .debug_macro   0x0000000000000000      0x1df ./rtc/rtc.o
 .debug_macro   0x0000000000000000       0x1c ./rtc/rtc.o
 .debug_macro   0x0000000000000000       0x22 ./rtc/rtc.o
 .debug_macro   0x0000000000000000       0xd9 ./rtc/rtc.o
 .debug_macro   0x0000000000000000     0x102d ./rtc/rtc.o
 .debug_macro   0x0000000000000000      0x11f ./rtc/rtc.o
 .debug_macro   0x0000000000000000    0x1535a ./rtc/rtc.o
 .debug_macro   0x0000000000000000       0x2e ./rtc/rtc.o
 .debug_macro   0x0000000000000000       0x64 ./rtc/rtc.o
 .debug_line    0x0000000000000000      0x5cf ./rtc/rtc.o
 .debug_str     0x0000000000000000    0x82966 ./rtc/rtc.o
 .comment       0x0000000000000000       0x51 ./rtc/rtc.o
 .debug_frame   0x0000000000000000       0xe8 ./rtc/rtc.o
 .ARM.attributes
                0x0000000000000000       0x2e ./rtc/rtc.o
 .text          0x0000000000000000        0x0 c:/st/stm32cubeide_1.10.1/stm32cubeide/plugins/com.st.stm32cube.ide.mcu.externaltools.gnu-tools-for-stm32.10.3-2021.10.win32_1.0.0.202111181127/tools/bin/../lib/gcc/arm-none-eabi/10.3.1/../../../../arm-none-eabi/lib/thumb/v7e-m/nofp\libc_nano.a(lib_a-exit.o)
 .data          0x0000000000000000        0x0 c:/st/stm32cubeide_1.10.1/stm32cubeide/plugins/com.st.stm32cube.ide.mcu.externaltools.gnu-tools-for-stm32.10.3-2021.10.win32_1.0.0.202111181127/tools/bin/../lib/gcc/arm-none-eabi/10.3.1/../../../../arm-none-eabi/lib/thumb/v7e-m/nofp\libc_nano.a(lib_a-exit.o)
 .bss           0x0000000000000000        0x0 c:/st/stm32cubeide_1.10.1/stm32cubeide/plugins/com.st.stm32cube.ide.mcu.externaltools.gnu-tools-for-stm32.10.3-2021.10.win32_1.0.0.202111181127/tools/bin/../lib/gcc/arm-none-eabi/10.3.1/../../../../arm-none-eabi/lib/thumb/v7e-m/nofp\libc_nano.a(lib_a-exit.o)
 .text.exit     0x0000000000000000       0x28 c:/st/stm32cubeide_1.10.1/stm32cubeide/plugins/com.st.stm32cube.ide.mcu.externaltools.gnu-tools-for-stm32.10.3-2021.10.win32_1.0.0.202111181127/tools/bin/../lib/gcc/arm-none-eabi/10.3.1/../../../../arm-none-eabi/lib/thumb/v7e-m/nofp\libc_nano.a(lib_a-exit.o)
 .debug_frame   0x0000000000000000       0x28 c:/st/stm32cubeide_1.10.1/stm32cubeide/plugins/com.st.stm32cube.ide.mcu.externaltools.gnu-tools-for-stm32.10.3-2021.10.win32_1.0.0.202111181127/tools/bin/../lib/gcc/arm-none-eabi/10.3.1/../../../../arm-none-eabi/lib/thumb/v7e-m/nofp\libc_nano.a(lib_a-exit.o)
 .ARM.attributes
                0x0000000000000000       0x2e c:/st/stm32cubeide_1.10.1/stm32cubeide/plugins/com.st.stm32cube.ide.mcu.externaltools.gnu-tools-for-stm32.10.3-2021.10.win32_1.0.0.202111181127/tools/bin/../lib/gcc/arm-none-eabi/10.3.1/../../../../arm-none-eabi/lib/thumb/v7e-m/nofp\libc_nano.a(lib_a-exit.o)
 .text          0x0000000000000000        0x0 c:/st/stm32cubeide_1.10.1/stm32cubeide/plugins/com.st.stm32cube.ide.mcu.externaltools.gnu-tools-for-stm32.10.3-2021.10.win32_1.0.0.202111181127/tools/bin/../lib/gcc/arm-none-eabi/10.3.1/../../../../arm-none-eabi/lib/thumb/v7e-m/nofp\libc_nano.a(lib_a-impure.o)
 .data          0x0000000000000000        0x0 c:/st/stm32cubeide_1.10.1/stm32cubeide/plugins/com.st.stm32cube.ide.mcu.externaltools.gnu-tools-for-stm32.10.3-2021.10.win32_1.0.0.202111181127/tools/bin/../lib/gcc/arm-none-eabi/10.3.1/../../../../arm-none-eabi/lib/thumb/v7e-m/nofp\libc_nano.a(lib_a-impure.o)
 .bss           0x0000000000000000        0x0 c:/st/stm32cubeide_1.10.1/stm32cubeide/plugins/com.st.stm32cube.ide.mcu.externaltools.gnu-tools-for-stm32.10.3-2021.10.win32_1.0.0.202111181127/tools/bin/../lib/gcc/arm-none-eabi/10.3.1/../../../../arm-none-eabi/lib/thumb/v7e-m/nofp\libc_nano.a(lib_a-impure.o)
 .data._impure_ptr
                0x0000000000000000        0x4 c:/st/stm32cubeide_1.10.1/stm32cubeide/plugins/com.st.stm32cube.ide.mcu.externaltools.gnu-tools-for-stm32.10.3-2021.10.win32_1.0.0.202111181127/tools/bin/../lib/gcc/arm-none-eabi/10.3.1/../../../../arm-none-eabi/lib/thumb/v7e-m/nofp\libc_nano.a(lib_a-impure.o)
 .data.impure_data
                0x0000000000000000       0x60 c:/st/stm32cubeide_1.10.1/stm32cubeide/plugins/com.st.stm32cube.ide.mcu.externaltools.gnu-tools-for-stm32.10.3-2021.10.win32_1.0.0.202111181127/tools/bin/../lib/gcc/arm-none-eabi/10.3.1/../../../../arm-none-eabi/lib/thumb/v7e-m/nofp\libc_nano.a(lib_a-impure.o)
 .rodata._global_impure_ptr
                0x0000000000000000        0x4 c:/st/stm32cubeide_1.10.1/stm32cubeide/plugins/com.st.stm32cube.ide.mcu.externaltools.gnu-tools-for-stm32.10.3-2021.10.win32_1.0.0.202111181127/tools/bin/../lib/gcc/arm-none-eabi/10.3.1/../../../../arm-none-eabi/lib/thumb/v7e-m/nofp\libc_nano.a(lib_a-impure.o)
 .ARM.attributes
                0x0000000000000000       0x2e c:/st/stm32cubeide_1.10.1/stm32cubeide/plugins/com.st.stm32cube.ide.mcu.externaltools.gnu-tools-for-stm32.10.3-2021.10.win32_1.0.0.202111181127/tools/bin/../lib/gcc/arm-none-eabi/10.3.1/../../../../arm-none-eabi/lib/thumb/v7e-m/nofp\libc_nano.a(lib_a-impure.o)
 .text          0x0000000000000000        0x0 c:/st/stm32cubeide_1.10.1/stm32cubeide/plugins/com.st.stm32cube.ide.mcu.externaltools.gnu-tools-for-stm32.10.3-2021.10.win32_1.0.0.202111181127/tools/bin/../lib/gcc/arm-none-eabi/10.3.1/../../../../arm-none-eabi/lib/thumb/v7e-m/nofp\libc_nano.a(lib_a-init.o)
 .data          0x0000000000000000        0x0 c:/st/stm32cubeide_1.10.1/stm32cubeide/plugins/com.st.stm32cube.ide.mcu.externaltools.gnu-tools-for-stm32.10.3-2021.10.win32_1.0.0.202111181127/tools/bin/../lib/gcc/arm-none-eabi/10.3.1/../../../../arm-none-eabi/lib/thumb/v7e-m/nofp\libc_nano.a(lib_a-init.o)
 .bss           0x0000000000000000        0x0 c:/st/stm32cubeide_1.10.1/stm32cubeide/plugins/com.st.stm32cube.ide.mcu.externaltools.gnu-tools-for-stm32.10.3-2021.10.win32_1.0.0.202111181127/tools/bin/../lib/gcc/arm-none-eabi/10.3.1/../../../../arm-none-eabi/lib/thumb/v7e-m/nofp\libc_nano.a(lib_a-init.o)
 .text          0x0000000000000000        0x0 c:/st/stm32cubeide_1.10.1/stm32cubeide/plugins/com.st.stm32cube.ide.mcu.externaltools.gnu-tools-for-stm32.10.3-2021.10.win32_1.0.0.202111181127/tools/bin/../lib/gcc/arm-none-eabi/10.3.1/../../../../arm-none-eabi/lib/thumb/v7e-m/nofp\libc_nano.a(lib_a-memset.o)
 .data          0x0000000000000000        0x0 c:/st/stm32cubeide_1.10.1/stm32cubeide/plugins/com.st.stm32cube.ide.mcu.externaltools.gnu-tools-for-stm32.10.3-2021.10.win32_1.0.0.202111181127/tools/bin/../lib/gcc/arm-none-eabi/10.3.1/../../../../arm-none-eabi/lib/thumb/v7e-m/nofp\libc_nano.a(lib_a-memset.o)
 .bss           0x0000000000000000        0x0 c:/st/stm32cubeide_1.10.1/stm32cubeide/plugins/com.st.stm32cube.ide.mcu.externaltools.gnu-tools-for-stm32.10.3-2021.10.win32_1.0.0.202111181127/tools/bin/../lib/gcc/arm-none-eabi/10.3.1/../../../../arm-none-eabi/lib/thumb/v7e-m/nofp\libc_nano.a(lib_a-memset.o)
 .text          0x0000000000000000        0x0 c:/st/stm32cubeide_1.10.1/stm32cubeide/plugins/com.st.stm32cube.ide.mcu.externaltools.gnu-tools-for-stm32.10.3-2021.10.win32_1.0.0.202111181127/tools/bin/../lib/gcc/arm-none-eabi/10.3.1/../../../../arm-none-eabi/lib/thumb/v7e-m/nofp\libnosys.a(_exit.o)
 .data          0x0000000000000000        0x0 c:/st/stm32cubeide_1.10.1/stm32cubeide/plugins/com.st.stm32cube.ide.mcu.externaltools.gnu-tools-for-stm32.10.3-2021.10.win32_1.0.0.202111181127/tools/bin/../lib/gcc/arm-none-eabi/10.3.1/../../../../arm-none-eabi/lib/thumb/v7e-m/nofp\libnosys.a(_exit.o)
 .bss           0x0000000000000000        0x0 c:/st/stm32cubeide_1.10.1/stm32cubeide/plugins/com.st.stm32cube.ide.mcu.externaltools.gnu-tools-for-stm32.10.3-2021.10.win32_1.0.0.202111181127/tools/bin/../lib/gcc/arm-none-eabi/10.3.1/../../../../arm-none-eabi/lib/thumb/v7e-m/nofp\libnosys.a(_exit.o)
 .text._exit    0x0000000000000000        0x2 c:/st/stm32cubeide_1.10.1/stm32cubeide/plugins/com.st.stm32cube.ide.mcu.externaltools.gnu-tools-for-stm32.10.3-2021.10.win32_1.0.0.202111181127/tools/bin/../lib/gcc/arm-none-eabi/10.3.1/../../../../arm-none-eabi/lib/thumb/v7e-m/nofp\libnosys.a(_exit.o)
 .debug_frame   0x0000000000000000       0x20 c:/st/stm32cubeide_1.10.1/stm32cubeide/plugins/com.st.stm32cube.ide.mcu.externaltools.gnu-tools-for-stm32.10.3-2021.10.win32_1.0.0.202111181127/tools/bin/../lib/gcc/arm-none-eabi/10.3.1/../../../../arm-none-eabi/lib/thumb/v7e-m/nofp\libnosys.a(_exit.o)
 .ARM.attributes
                0x0000000000000000       0x2e c:/st/stm32cubeide_1.10.1/stm32cubeide/plugins/com.st.stm32cube.ide.mcu.externaltools.gnu-tools-for-stm32.10.3-2021.10.win32_1.0.0.202111181127/tools/bin/../lib/gcc/arm-none-eabi/10.3.1/../../../../arm-none-eabi/lib/thumb/v7e-m/nofp\libnosys.a(_exit.o)
 .text          0x0000000000000000        0x0 c:/st/stm32cubeide_1.10.1/stm32cubeide/plugins/com.st.stm32cube.ide.mcu.externaltools.gnu-tools-for-stm32.10.3-2021.10.win32_1.0.0.202111181127/tools/bin/../lib/gcc/arm-none-eabi/10.3.1/thumb/v7e-m/nofp/crtend.o
 .data          0x0000000000000000        0x0 c:/st/stm32cubeide_1.10.1/stm32cubeide/plugins/com.st.stm32cube.ide.mcu.externaltools.gnu-tools-for-stm32.10.3-2021.10.win32_1.0.0.202111181127/tools/bin/../lib/gcc/arm-none-eabi/10.3.1/thumb/v7e-m/nofp/crtend.o
 .bss           0x0000000000000000        0x0 c:/st/stm32cubeide_1.10.1/stm32cubeide/plugins/com.st.stm32cube.ide.mcu.externaltools.gnu-tools-for-stm32.10.3-2021.10.win32_1.0.0.202111181127/tools/bin/../lib/gcc/arm-none-eabi/10.3.1/thumb/v7e-m/nofp/crtend.o
 .rodata        0x0000000000000000       0x24 c:/st/stm32cubeide_1.10.1/stm32cubeide/plugins/com.st.stm32cube.ide.mcu.externaltools.gnu-tools-for-stm32.10.3-2021.10.win32_1.0.0.202111181127/tools/bin/../lib/gcc/arm-none-eabi/10.3.1/thumb/v7e-m/nofp/crtend.o
 .eh_frame      0x0000000000000000        0x4 c:/st/stm32cubeide_1.10.1/stm32cubeide/plugins/com.st.stm32cube.ide.mcu.externaltools.gnu-tools-for-stm32.10.3-2021.10.win32_1.0.0.202111181127/tools/bin/../lib/gcc/arm-none-eabi/10.3.1/thumb/v7e-m/nofp/crtend.o
 .ARM.attributes
                0x0000000000000000       0x2e c:/st/stm32cubeide_1.10.1/stm32cubeide/plugins/com.st.stm32cube.ide.mcu.externaltools.gnu-tools-for-stm32.10.3-2021.10.win32_1.0.0.202111181127/tools/bin/../lib/gcc/arm-none-eabi/10.3.1/thumb/v7e-m/nofp/crtend.o
 .text          0x0000000000000000        0x0 c:/st/stm32cubeide_1.10.1/stm32cubeide/plugins/com.st.stm32cube.ide.mcu.externaltools.gnu-tools-for-stm32.10.3-2021.10.win32_1.0.0.202111181127/tools/bin/../lib/gcc/arm-none-eabi/10.3.1/thumb/v7e-m/nofp/crtn.o
 .data          0x0000000000000000        0x0 c:/st/stm32cubeide_1.10.1/stm32cubeide/plugins/com.st.stm32cube.ide.mcu.externaltools.gnu-tools-for-stm32.10.3-2021.10.win32_1.0.0.202111181127/tools/bin/../lib/gcc/arm-none-eabi/10.3.1/thumb/v7e-m/nofp/crtn.o
 .bss           0x0000000000000000        0x0 c:/st/stm32cubeide_1.10.1/stm32cubeide/plugins/com.st.stm32cube.ide.mcu.externaltools.gnu-tools-for-stm32.10.3-2021.10.win32_1.0.0.202111181127/tools/bin/../lib/gcc/arm-none-eabi/10.3.1/thumb/v7e-m/nofp/crtn.o

Memory Configuration

Name             Origin             Length             Attributes
FLASH            0x0000000008000000 0x0000000000080000 xr
RAM              0x0000000020000000 0x0000000000010000 xrw
CCMRAM           0x0000000010000000 0x0000000000004000 rw
*default*        0x0000000000000000 0xffffffffffffffff

Linker script and memory map

LOAD c:/st/stm32cubeide_1.10.1/stm32cubeide/plugins/com.st.stm32cube.ide.mcu.externaltools.gnu-tools-for-stm32.10.3-2021.10.win32_1.0.0.202111181127/tools/bin/../lib/gcc/arm-none-eabi/10.3.1/thumb/v7e-m/nofp/crti.o
LOAD c:/st/stm32cubeide_1.10.1/stm32cubeide/plugins/com.st.stm32cube.ide.mcu.externaltools.gnu-tools-for-stm32.10.3-2021.10.win32_1.0.0.202111181127/tools/bin/../lib/gcc/arm-none-eabi/10.3.1/thumb/v7e-m/nofp/crtbegin.o
LOAD c:/st/stm32cubeide_1.10.1/stm32cubeide/plugins/com.st.stm32cube.ide.mcu.externaltools.gnu-tools-for-stm32.10.3-2021.10.win32_1.0.0.202111181127/tools/bin/../lib/gcc/arm-none-eabi/10.3.1/../../../../arm-none-eabi/lib/thumb/v7e-m/nofp/crt0.o
LOAD ./app/src/main.o
LOAD ./app/statup_stm32f303re.o
LOAD ./display/display.o
LOAD ./display/fonts.o
LOAD ./driver/src/gpio.o
LOAD ./driver/src/i2c.o
LOAD ./keypad/keypad.o
LOAD ./rtc/rtc.o
START GROUP
LOAD c:/st/stm32cubeide_1.10.1/stm32cubeide/plugins/com.st.stm32cube.ide.mcu.externaltools.gnu-tools-for-stm32.10.3-2021.10.win32_1.0.0.202111181127/tools/bin/../lib/gcc/arm-none-eabi/10.3.1/../../../../arm-none-eabi/lib/thumb/v7e-m/nofp\libc_nano.a
LOAD c:/st/stm32cubeide_1.10.1/stm32cubeide/plugins/com.st.stm32cube.ide.mcu.externaltools.gnu-tools-for-stm32.10.3-2021.10.win32_1.0.0.202111181127/tools/bin/../lib/gcc/arm-none-eabi/10.3.1/../../../../arm-none-eabi/lib/thumb/v7e-m/nofp\libm.a
END GROUP
START GROUP
LOAD c:/st/stm32cubeide_1.10.1/stm32cubeide/plugins/com.st.stm32cube.ide.mcu.externaltools.gnu-tools-for-stm32.10.3-2021.10.win32_1.0.0.202111181127/tools/bin/../lib/gcc/arm-none-eabi/10.3.1/thumb/v7e-m/nofp\libgcc.a
LOAD c:/st/stm32cubeide_1.10.1/stm32cubeide/plugins/com.st.stm32cube.ide.mcu.externaltools.gnu-tools-for-stm32.10.3-2021.10.win32_1.0.0.202111181127/tools/bin/../lib/gcc/arm-none-eabi/10.3.1/../../../../arm-none-eabi/lib/thumb/v7e-m/nofp\libc_nano.a
END GROUP
START GROUP
LOAD c:/st/stm32cubeide_1.10.1/stm32cubeide/plugins/com.st.stm32cube.ide.mcu.externaltools.gnu-tools-for-stm32.10.3-2021.10.win32_1.0.0.202111181127/tools/bin/../lib/gcc/arm-none-eabi/10.3.1/thumb/v7e-m/nofp\libgcc.a
LOAD c:/st/stm32cubeide_1.10.1/stm32cubeide/plugins/com.st.stm32cube.ide.mcu.externaltools.gnu-tools-for-stm32.10.3-2021.10.win32_1.0.0.202111181127/tools/bin/../lib/gcc/arm-none-eabi/10.3.1/../../../../arm-none-eabi/lib/thumb/v7e-m/nofp\libc_nano.a
LOAD c:/st/stm32cubeide_1.10.1/stm32cubeide/plugins/com.st.stm32cube.ide.mcu.externaltools.gnu-tools-for-stm32.10.3-2021.10.win32_1.0.0.202111181127/tools/bin/../lib/gcc/arm-none-eabi/10.3.1/../../../../arm-none-eabi/lib/thumb/v7e-m/nofp\libnosys.a
END GROUP
START GROUP
LOAD c:/st/stm32cubeide_1.10.1/stm32cubeide/plugins/com.st.stm32cube.ide.mcu.externaltools.gnu-tools-for-stm32.10.3-2021.10.win32_1.0.0.202111181127/tools/bin/../lib/gcc/arm-none-eabi/10.3.1/thumb/v7e-m/nofp\libgcc.a
LOAD c:/st/stm32cubeide_1.10.1/stm32cubeide/plugins/com.st.stm32cube.ide.mcu.externaltools.gnu-tools-for-stm32.10.3-2021.10.win32_1.0.0.202111181127/tools/bin/../lib/gcc/arm-none-eabi/10.3.1/../../../../arm-none-eabi/lib/thumb/v7e-m/nofp\libc_nano.a
LOAD c:/st/stm32cubeide_1.10.1/stm32cubeide/plugins/com.st.stm32cube.ide.mcu.externaltools.gnu-tools-for-stm32.10.3-2021.10.win32_1.0.0.202111181127/tools/bin/../lib/gcc/arm-none-eabi/10.3.1/../../../../arm-none-eabi/lib/thumb/v7e-m/nofp\libnosys.a
END GROUP
LOAD c:/st/stm32cubeide_1.10.1/stm32cubeide/plugins/com.st.stm32cube.ide.mcu.externaltools.gnu-tools-for-stm32.10.3-2021.10.win32_1.0.0.202111181127/tools/bin/../lib/gcc/arm-none-eabi/10.3.1/thumb/v7e-m/nofp/crtend.o
LOAD c:/st/stm32cubeide_1.10.1/stm32cubeide/plugins/com.st.stm32cube.ide.mcu.externaltools.gnu-tools-for-stm32.10.3-2021.10.win32_1.0.0.202111181127/tools/bin/../lib/gcc/arm-none-eabi/10.3.1/thumb/v7e-m/nofp/crtn.o
                0x0000000020010000                _estack = 0x20010000
                0x0000000000000200                _Min_Heap_Size = 0x200
                0x0000000000000400                _Min_Stack_Size = 0x400

.isr_vector     0x0000000008000000      0x194
                0x0000000008000000                . = ALIGN (0x4)
 *(.isr_vector)
 .isr_vector    0x0000000008000000      0x194 ./app/statup_stm32f303re.o
                0x0000000008000000                g_pfnVectors
                0x0000000008000194                . = ALIGN (0x4)

.text           0x0000000008000194     0x1234
                0x0000000008000194                . = ALIGN (0x4)
 *(.text)
 .text          0x0000000008000194       0x40 c:/st/stm32cubeide_1.10.1/stm32cubeide/plugins/com.st.stm32cube.ide.mcu.externaltools.gnu-tools-for-stm32.10.3-2021.10.win32_1.0.0.202111181127/tools/bin/../lib/gcc/arm-none-eabi/10.3.1/thumb/v7e-m/nofp/crtbegin.o
 *(.text*)
 .text.__NVIC_SetPriority
                0x00000000080001d4       0x54 ./app/src/main.o
 .text.main     0x0000000008000228      0x174 ./app/src/main.o
                0x0000000008000228                main
 .text.systick_enable
                0x000000000800039c       0x3c ./app/src/main.o
                0x000000000800039c                systick_enable
 .text.SysTick_Handler
                0x00000000080003d8       0x1c ./app/src/main.o
                0x00000000080003d8                SysTick_Handler
 .text.delay_ms
                0x00000000080003f4       0x2a ./app/src/main.o
                0x00000000080003f4                delay_ms
 *fill*         0x000000000800041e        0x2 
 .text.get_mtick
                0x0000000008000420       0x14 ./app/src/main.o
                0x0000000008000420                get_mtick
 .text.Reset_Handler
                0x0000000008000434       0x4c ./app/statup_stm32f303re.o
                0x0000000008000434                Reset_Handler
 .text.Default_Handler
                0x0000000008000480        0x2 ./app/statup_stm32f303re.o
                0x0000000008000480                RTC_Alarm_IRQHandler
                0x0000000008000480                TIM8_TRG_COM_IRQHandler
                0x0000000008000480                TIM8_CC_IRQHandler
                0x0000000008000480                DebugMon_Handler
                0x0000000008000480                SPI4_IRQHandler
                0x0000000008000480                TIM1_CC_IRQHandler
                0x0000000008000480                HardFault_Handler
                0x0000000008000480                USB_HP_IRQHandler
                0x0000000008000480                PVD_IRQHandler
                0x0000000008000480                TAMP_STAMP_IRQHandler
                0x0000000008000480                PendSV_Handler
                0x0000000008000480                NMI_Handler
                0x0000000008000480                EXTI3_IRQHandler
                0x0000000008000480                I2C3_ER_IRQHandler
                0x0000000008000480                USB_HP_CAN_TX_IRQHandler
                0x0000000008000480                EXTI0_IRQHandler
                0x0000000008000480                I2C2_EV_IRQHandler
                0x0000000008000480                FPU_IRQHandler
                0x0000000008000480                TIM1_UP_TIM16_IRQHandler
                0x0000000008000480                UsageFault_Handler
                0x0000000008000480                ADC1_2_IRQHandler
                0x0000000008000480                SPI1_IRQHandler
                0x0000000008000480                CAN_SCE_IRQHandler
                0x0000000008000480                TIM6_DAC_IRQHandler
                0x0000000008000480                TIM8_UP_IRQHandler
                0x0000000008000480                DMA2_Channel2_IRQHandler
                0x0000000008000480                DMA1_Channel4_IRQHandler
                0x0000000008000480                TIM20_TRG_COM_IRQHandler
                0x0000000008000480                USART3_IRQHandler
                0x0000000008000480                DMA1_Channel7_IRQHandler
                0x0000000008000480                UART5_IRQHandler
                0x0000000008000480                ADC3_IRQHandler
                0x0000000008000480                TIM4_IRQHandler
                0x0000000008000480                CAN_RX1_IRQHandler
                0x0000000008000480                DMA2_Channel1_IRQHandler
                0x0000000008000480                I2C1_EV_IRQHandler
                0x0000000008000480                DMA1_Channel6_IRQHandler
                0x0000000008000480                UART4_IRQHandler
                0x0000000008000480                DMA2_Channel4_IRQHandler
                0x0000000008000480                TIM3_IRQHandler
                0x0000000008000480                RCC_IRQHandler
                0x0000000008000480                TIM20_UP_IRQHandler
                0x0000000008000480                DMA1_Channel1_IRQHandler
                0x0000000008000480                Default_Handler
                0x0000000008000480                USBWakeUp_RMP_IRQHandler
                0x0000000008000480                EXTI15_10_IRQHandler
                0x0000000008000480                TIM7_IRQHandler
                0x0000000008000480                I2C3_EV_IRQHandler
                0x0000000008000480                EXTI9_5_IRQHandler
                0x0000000008000480                RTC_WKUP_IRQHandler
                0x0000000008000480                SPI2_IRQHandler
                0x0000000008000480                USB_LP_CAN_RX0_IRQHandler
                0x0000000008000480                MemManage_Handler
                0x0000000008000480                SVC_Handler
                0x0000000008000480                DMA2_Channel5_IRQHandler
                0x0000000008000480                DMA1_Channel5_IRQHandler
                0x0000000008000480                USB_LP_IRQHandler
                0x0000000008000480                EXTI4_IRQHandler
                0x0000000008000480                TIM1_TRG_COM_TIM17_IRQHandler
                0x0000000008000480                DMA1_Channel3_IRQHandler
                0x0000000008000480                ADC4_IRQHandler
                0x0000000008000480                WWDG_IRQHandler
                0x0000000008000480                TIM2_IRQHandler
                0x0000000008000480                COMP7_IRQHandler
                0x0000000008000480                COMP1_2_3_IRQHandler
                0x0000000008000480                EXTI1_IRQHandler
                0x0000000008000480                USART2_IRQHandler
                0x0000000008000480                COMP4_5_6_IRQHandler
                0x0000000008000480                TIM20_BRK_IRQHandler
                0x0000000008000480                I2C2_ER_IRQHandler
                0x0000000008000480                DMA1_Channel2_IRQHandler
                0x0000000008000480                TIM8_BRK_IRQHandler
                0x0000000008000480                FLASH_IRQHandler
                0x0000000008000480                TIM20_CC_IRQHandler
                0x0000000008000480                BusFault_Handler
                0x0000000008000480                USART1_IRQHandler
                0x0000000008000480                SPI3_IRQHandler
                0x0000000008000480                I2C1_ER_IRQHandler
                0x0000000008000480                FMC_IRQHandler
                0x0000000008000480                USBWakeUp_IRQHandler
                0x0000000008000480                DMA2_Channel3_IRQHandler
                0x0000000008000480                EXTI2_TSC_IRQHandler
                0x0000000008000480                TIM1_BRK_TIM15_IRQHandler
 .text.Display_DrawBitmap
                0x0000000008000482       0xc0 ./display/display.o
                0x0000000008000482                Display_DrawBitmap
 .text.Display_Init
                0x0000000008000542      0x21c ./display/display.o
                0x0000000008000542                Display_Init
 .text.Display_UpdateScreen
                0x000000000800075e       0x70 ./display/display.o
                0x000000000800075e                Display_UpdateScreen
 .text.Display_Fill
                0x00000000080007ce       0x2e ./display/display.o
                0x00000000080007ce                Display_Fill
 .text.Display_DrawPixel
                0x00000000080007fc       0xca ./display/display.o
                0x00000000080007fc                Display_DrawPixel
 .text.Display_Putc
                0x00000000080008c6      0x10e ./display/display.o
                0x00000000080008c6                Display_Putc
 .text.Display_I2C_WriteMulti
                0x00000000080009d4      0x11a ./display/display.o
                0x00000000080009d4                Display_I2C_WriteMulti
 .text.Display_I2C_Write
                0x0000000008000aee       0xae ./display/display.o
                0x0000000008000aee                Display_I2C_Write
 .text.gpio_clock_enable
                0x0000000008000b9c       0xe0 ./driver/src/gpio.o
                0x0000000008000b9c                gpio_clock_enable
 .text.reset_io
                0x0000000008000c7c       0x2a ./driver/src/gpio.o
                0x0000000008000c7c                reset_io
 .text.gpio_config_pin
                0x0000000008000ca6       0x6e ./driver/src/gpio.o
                0x0000000008000ca6                gpio_config_pin
 .text.gpio_set_pinState
                0x0000000008000d14       0x46 ./driver/src/gpio.o
                0x0000000008000d14                gpio_set_pinState
 *fill*         0x0000000008000d5a        0x2 
 .text.I2C_Init
                0x0000000008000d5c      0x1dc ./driver/src/i2c.o
                0x0000000008000d5c                I2C_Init
 .text.search_address
                0x0000000008000f38       0xd6 ./driver/src/i2c.o
                0x0000000008000f38                search_address
 *fill*         0x000000000800100e        0x2 
 .text.keypad_init
                0x0000000008001010       0x34 ./keypad/keypad.o
                0x0000000008001010                keypad_init
 .text.keypad_config_key_direction
                0x0000000008001044       0xd8 ./keypad/keypad.o
 .text.keypad_inverse_pin_direction
                0x000000000800111c       0xd8 ./keypad/keypad.o
 .text.keypad_get_pressedkey
                0x00000000080011f4      0x164 ./keypad/keypad.o
                0x00000000080011f4                keypad_get_pressedkey
 .text.__libc_init_array
                0x0000000008001358       0x48 c:/st/stm32cubeide_1.10.1/stm32cubeide/plugins/com.st.stm32cube.ide.mcu.externaltools.gnu-tools-for-stm32.10.3-2021.10.win32_1.0.0.202111181127/tools/bin/../lib/gcc/arm-none-eabi/10.3.1/../../../../arm-none-eabi/lib/thumb/v7e-m/nofp\libc_nano.a(lib_a-init.o)
                0x0000000008001358                __libc_init_array
 .text.memset   0x00000000080013a0       0x10 c:/st/stm32cubeide_1.10.1/stm32cubeide/plugins/com.st.stm32cube.ide.mcu.externaltools.gnu-tools-for-stm32.10.3-2021.10.win32_1.0.0.202111181127/tools/bin/../lib/gcc/arm-none-eabi/10.3.1/../../../../arm-none-eabi/lib/thumb/v7e-m/nofp\libc_nano.a(lib_a-memset.o)
                0x00000000080013a0                memset
 *(.glue_7)
 .glue_7        0x00000000080013b0        0x0 linker stubs
 *(.glue_7t)
 .glue_7t       0x00000000080013b0        0x0 linker stubs
 *(.eh_frame)
 .eh_frame      0x00000000080013b0        0x0 c:/st/stm32cubeide_1.10.1/stm32cubeide/plugins/com.st.stm32cube.ide.mcu.externaltools.gnu-tools-for-stm32.10.3-2021.10.win32_1.0.0.202111181127/tools/bin/../lib/gcc/arm-none-eabi/10.3.1/thumb/v7e-m/nofp/crtbegin.o
 *(.init)
 .init          0x00000000080013b0        0x4 c:/st/stm32cubeide_1.10.1/stm32cubeide/plugins/com.st.stm32cube.ide.mcu.externaltools.gnu-tools-for-stm32.10.3-2021.10.win32_1.0.0.202111181127/tools/bin/../lib/gcc/arm-none-eabi/10.3.1/thumb/v7e-m/nofp/crti.o
                0x00000000080013b0                _init
 .init          0x00000000080013b4        0x8 c:/st/stm32cubeide_1.10.1/stm32cubeide/plugins/com.st.stm32cube.ide.mcu.externaltools.gnu-tools-for-stm32.10.3-2021.10.win32_1.0.0.202111181127/tools/bin/../lib/gcc/arm-none-eabi/10.3.1/thumb/v7e-m/nofp/crtn.o
 *(.fini)
 .fini          0x00000000080013bc        0x4 c:/st/stm32cubeide_1.10.1/stm32cubeide/plugins/com.st.stm32cube.ide.mcu.externaltools.gnu-tools-for-stm32.10.3-2021.10.win32_1.0.0.202111181127/tools/bin/../lib/gcc/arm-none-eabi/10.3.1/thumb/v7e-m/nofp/crti.o
                0x00000000080013bc                _fini
 .fini          0x00000000080013c0        0x8 c:/st/stm32cubeide_1.10.1/stm32cubeide/plugins/com.st.stm32cube.ide.mcu.externaltools.gnu-tools-for-stm32.10.3-2021.10.win32_1.0.0.202111181127/tools/bin/../lib/gcc/arm-none-eabi/10.3.1/thumb/v7e-m/nofp/crtn.o
                0x00000000080013c8                . = ALIGN (0x4)
                0x00000000080013c8                _etext = .

.vfp11_veneer   0x00000000080013c8        0x0
 .vfp11_veneer  0x00000000080013c8        0x0 linker stubs

.v4_bx          0x00000000080013c8        0x0
 .v4_bx         0x00000000080013c8        0x0 linker stubs

.iplt           0x00000000080013c8        0x0
 .iplt          0x00000000080013c8        0x0 c:/st/stm32cubeide_1.10.1/stm32cubeide/plugins/com.st.stm32cube.ide.mcu.externaltools.gnu-tools-for-stm32.10.3-2021.10.win32_1.0.0.202111181127/tools/bin/../lib/gcc/arm-none-eabi/10.3.1/thumb/v7e-m/nofp/crtbegin.o

.rodata         0x00000000080013c8      0xf6c
                0x00000000080013c8                . = ALIGN (0x4)
 *(.rodata)
 *(.rodata*)
 .rodata.alarm_logo
                0x00000000080013c8      0x400 ./app/src/main.o
                0x00000000080013c8                alarm_logo
 .rodata.image_data
                0x00000000080017c8      0x400 ./app/src/main.o
 .rodata.Font7x10
                0x0000000008001bc8      0x76c ./display/fonts.o
                0x0000000008002334                . = ALIGN (0x4)

.rel.dyn        0x0000000008002334        0x0
 .rel.iplt      0x0000000008002334        0x0 c:/st/stm32cubeide_1.10.1/stm32cubeide/plugins/com.st.stm32cube.ide.mcu.externaltools.gnu-tools-for-stm32.10.3-2021.10.win32_1.0.0.202111181127/tools/bin/../lib/gcc/arm-none-eabi/10.3.1/thumb/v7e-m/nofp/crtbegin.o

.ARM.extab
 *(.ARM.extab* .gnu.linkonce.armextab.*)

.ARM            0x0000000008002334        0x0
                0x0000000008002334                __exidx_start = .
 *(.ARM.exidx*)
                0x0000000008002334                __exidx_end = .

.preinit_array  0x0000000008002334        0x0
                0x0000000008002334                PROVIDE (__preinit_array_start = .)
 *(.preinit_array*)
                0x0000000008002334                PROVIDE (__preinit_array_end = .)

.init_array     0x0000000008002334        0x4
                0x0000000008002334                PROVIDE (__init_array_start = .)
 *(SORT_BY_NAME(.init_array.*))
 *(.init_array*)
 .init_array    0x0000000008002334        0x4 c:/st/stm32cubeide_1.10.1/stm32cubeide/plugins/com.st.stm32cube.ide.mcu.externaltools.gnu-tools-for-stm32.10.3-2021.10.win32_1.0.0.202111181127/tools/bin/../lib/gcc/arm-none-eabi/10.3.1/thumb/v7e-m/nofp/crtbegin.o
                0x0000000008002338                PROVIDE (__init_array_end = .)

.fini_array     0x0000000008002338        0x4
                [!provide]                        PROVIDE (__fini_array_start = .)
 *(SORT_BY_NAME(.fini_array.*))
 *(.fini_array*)
 .fini_array    0x0000000008002338        0x4 c:/st/stm32cubeide_1.10.1/stm32cubeide/plugins/com.st.stm32cube.ide.mcu.externaltools.gnu-tools-for-stm32.10.3-2021.10.win32_1.0.0.202111181127/tools/bin/../lib/gcc/arm-none-eabi/10.3.1/thumb/v7e-m/nofp/crtbegin.o
                [!provide]                        PROVIDE (__fini_array_end = .)
                0x000000000800233c                _sidata = LOADADDR (.data)

.data           0x0000000020000000       0x1c load address 0x000000000800233c
                0x0000000020000000                . = ALIGN (0x4)
                0x0000000020000000                _sdata = .
 *(.data)
 *(.data*)
 .data.SystemCoreClock_
                0x0000000020000000        0x4 ./app/src/main.o
                0x0000000020000000                SystemCoreClock_
 .data.Font_7x10
                0x0000000020000004        0x8 ./display/fonts.o
                0x0000000020000004                Font_7x10
 .data.keys     0x000000002000000c       0x10 ./keypad/keypad.o
                0x000000002000000c                keys
                0x000000002000001c                . = ALIGN (0x4)
                0x000000002000001c                _edata = .
                0x0000000008002358                _siccmram = LOADADDR (.ccmram)

.igot.plt       0x000000002000001c        0x0 load address 0x0000000008002358
 .igot.plt      0x000000002000001c        0x0 c:/st/stm32cubeide_1.10.1/stm32cubeide/plugins/com.st.stm32cube.ide.mcu.externaltools.gnu-tools-for-stm32.10.3-2021.10.win32_1.0.0.202111181127/tools/bin/../lib/gcc/arm-none-eabi/10.3.1/thumb/v7e-m/nofp/crtbegin.o

.ccmram         0x0000000010000000        0x0 load address 0x0000000008002358
                0x0000000010000000                . = ALIGN (0x4)
                0x0000000010000000                _sccmram = .
 *(.ccmram)
 *(.ccmram*)
                0x0000000010000000                . = ALIGN (0x4)
                0x0000000010000000                _eccmram = .
                0x0000000010000000                . = ALIGN (0x4)

.bss            0x000000002000001c      0xc54
                0x000000002000001c                _sbss = .
                0x000000002000001c                __bss_start__ = _sbss
 *(.bss)
 .bss           0x000000002000001c       0x1c c:/st/stm32cubeide_1.10.1/stm32cubeide/plugins/com.st.stm32cube.ide.mcu.externaltools.gnu-tools-for-stm32.10.3-2021.10.win32_1.0.0.202111181127/tools/bin/../lib/gcc/arm-none-eabi/10.3.1/thumb/v7e-m/nofp/crtbegin.o
 *(.bss*)
 .bss.mtick     0x0000000020000038        0x4 ./app/src/main.o
                0x0000000020000038                mtick
 .bss.data      0x000000002000003c        0x1 ./app/src/main.o
                0x000000002000003c                data
 *fill*         0x000000002000003d        0x3 
 .bss.lcd1      0x0000000020000040      0x40c ./app/src/main.o
                0x0000000020000040                lcd1
 .bss.lcd2      0x000000002000044c      0x40c ./app/src/main.o
                0x000000002000044c                lcd2
 .bss.lcd3      0x0000000020000858      0x40c ./app/src/main.o
                0x0000000020000858                lcd3
 .bss.keypad_port
                0x0000000020000c64        0x4 ./keypad/keypad.o
                0x0000000020000c64                keypad_port
 .bss.start_pin
                0x0000000020000c68        0x4 ./keypad/keypad.o
                0x0000000020000c68                start_pin
 .bss.state     0x0000000020000c6c        0x1 ./keypad/keypad.o
                0x0000000020000c6c                state
 *(COMMON)
                0x0000000020000c70                . = ALIGN (0x4)
 *fill*         0x0000000020000c6d        0x3 
                0x0000000020000c70                _ebss = .
                0x0000000020000c70                __bss_end__ = _ebss

._user_heap_stack
                0x0000000020000c70      0x600
                0x0000000020000c70                . = ALIGN (0x8)
                [!provide]                        PROVIDE (end = .)
                [!provide]                        PROVIDE (_end = .)
                0x0000000020000e70                . = (. + _Min_Heap_Size)
 *fill*         0x0000000020000c70      0x200 
                0x0000000020001270                . = (. + _Min_Stack_Size)
 *fill*         0x0000000020000e70      0x400 
                0x0000000020001270                . = ALIGN (0x8)

/DISCARD/
 libc.a(*)
 libm.a(*)
 libgcc.a(*)

.ARM.attributes
                0x0000000000000000       0x2a
 *(.ARM.attributes)
 .ARM.attributes
                0x0000000000000000       0x1e c:/st/stm32cubeide_1.10.1/stm32cubeide/plugins/com.st.stm32cube.ide.mcu.externaltools.gnu-tools-for-stm32.10.3-2021.10.win32_1.0.0.202111181127/tools/bin/../lib/gcc/arm-none-eabi/10.3.1/thumb/v7e-m/nofp/crti.o
 .ARM.attributes
                0x000000000000001e       0x2e c:/st/stm32cubeide_1.10.1/stm32cubeide/plugins/com.st.stm32cube.ide.mcu.externaltools.gnu-tools-for-stm32.10.3-2021.10.win32_1.0.0.202111181127/tools/bin/../lib/gcc/arm-none-eabi/10.3.1/thumb/v7e-m/nofp/crtbegin.o
 .ARM.attributes
                0x000000000000004c       0x2e ./app/src/main.o
 .ARM.attributes
                0x000000000000007a       0x21 ./app/statup_stm32f303re.o
 .ARM.attributes
                0x000000000000009b       0x2e ./display/display.o
 .ARM.attributes
                0x00000000000000c9       0x2e ./display/fonts.o
 .ARM.attributes
                0x00000000000000f7       0x2e ./driver/src/gpio.o
 .ARM.attributes
                0x0000000000000125       0x2e ./driver/src/i2c.o
 .ARM.attributes
                0x0000000000000153       0x2e ./keypad/keypad.o
 .ARM.attributes
                0x0000000000000181       0x2e c:/st/stm32cubeide_1.10.1/stm32cubeide/plugins/com.st.stm32cube.ide.mcu.externaltools.gnu-tools-for-stm32.10.3-2021.10.win32_1.0.0.202111181127/tools/bin/../lib/gcc/arm-none-eabi/10.3.1/../../../../arm-none-eabi/lib/thumb/v7e-m/nofp\libc_nano.a(lib_a-init.o)
 .ARM.attributes
                0x00000000000001af       0x2e c:/st/stm32cubeide_1.10.1/stm32cubeide/plugins/com.st.stm32cube.ide.mcu.externaltools.gnu-tools-for-stm32.10.3-2021.10.win32_1.0.0.202111181127/tools/bin/../lib/gcc/arm-none-eabi/10.3.1/../../../../arm-none-eabi/lib/thumb/v7e-m/nofp\libc_nano.a(lib_a-memset.o)
 .ARM.attributes
                0x00000000000001dd       0x1e c:/st/stm32cubeide_1.10.1/stm32cubeide/plugins/com.st.stm32cube.ide.mcu.externaltools.gnu-tools-for-stm32.10.3-2021.10.win32_1.0.0.202111181127/tools/bin/../lib/gcc/arm-none-eabi/10.3.1/thumb/v7e-m/nofp/crtn.o
OUTPUT(WiSe2223_GruppeK3_s_Projektaufgabe_Digitaluhr.elf elf32-littlearm)
LOAD linker stubs
LOAD c:/st/stm32cubeide_1.10.1/stm32cubeide/plugins/com.st.stm32cube.ide.mcu.externaltools.gnu-tools-for-stm32.10.3-2021.10.win32_1.0.0.202111181127/tools/bin/../lib/gcc/arm-none-eabi/10.3.1/../../../../arm-none-eabi/lib/thumb/v7e-m/nofp\libc.a
LOAD c:/st/stm32cubeide_1.10.1/stm32cubeide/plugins/com.st.stm32cube.ide.mcu.externaltools.gnu-tools-for-stm32.10.3-2021.10.win32_1.0.0.202111181127/tools/bin/../lib/gcc/arm-none-eabi/10.3.1/../../../../arm-none-eabi/lib/thumb/v7e-m/nofp\libm.a
LOAD c:/st/stm32cubeide_1.10.1/stm32cubeide/plugins/com.st.stm32cube.ide.mcu.externaltools.gnu-tools-for-stm32.10.3-2021.10.win32_1.0.0.202111181127/tools/bin/../lib/gcc/arm-none-eabi/10.3.1/thumb/v7e-m/nofp\libgcc.a

.debug_info     0x0000000000000000     0x2424
 .debug_info    0x0000000000000000      0xdee ./app/src/main.o
 .debug_info    0x0000000000000dee       0x22 ./app/statup_stm32f303re.o
 .debug_info    0x0000000000000e10      0x7b3 ./display/display.o
 .debug_info    0x00000000000015c3      0x174 ./display/fonts.o
 .debug_info    0x0000000000001737      0x3f7 ./driver/src/gpio.o
 .debug_info    0x0000000000001b2e      0x4a5 ./driver/src/i2c.o
 .debug_info    0x0000000000001fd3      0x451 ./keypad/keypad.o

.debug_abbrev   0x0000000000000000      0x9e8
 .debug_abbrev  0x0000000000000000      0x2cb ./app/src/main.o
 .debug_abbrev  0x00000000000002cb       0x12 ./app/statup_stm32f303re.o
 .debug_abbrev  0x00000000000002dd      0x259 ./display/display.o
 .debug_abbrev  0x0000000000000536       0xad ./display/fonts.o
 .debug_abbrev  0x00000000000005e3      0x11b ./driver/src/gpio.o
 .debug_abbrev  0x00000000000006fe      0x175 ./driver/src/i2c.o
 .debug_abbrev  0x0000000000000873      0x175 ./keypad/keypad.o

.debug_aranges  0x0000000000000000      0x1b8
 .debug_aranges
                0x0000000000000000       0x48 ./app/src/main.o
 .debug_aranges
                0x0000000000000048       0x28 ./app/statup_stm32f303re.o
 .debug_aranges
                0x0000000000000070       0x88 ./display/display.o
 .debug_aranges
                0x00000000000000f8       0x18 ./display/fonts.o
 .debug_aranges
                0x0000000000000110       0x38 ./driver/src/gpio.o
 .debug_aranges
                0x0000000000000148       0x38 ./driver/src/i2c.o
 .debug_aranges
                0x0000000000000180       0x38 ./keypad/keypad.o

.debug_ranges   0x0000000000000000      0x148
 .debug_ranges  0x0000000000000000       0x38 ./app/src/main.o
 .debug_ranges  0x0000000000000038       0x20 ./app/statup_stm32f303re.o
 .debug_ranges  0x0000000000000058       0x78 ./display/display.o
 .debug_ranges  0x00000000000000d0       0x28 ./driver/src/gpio.o
 .debug_ranges  0x00000000000000f8       0x28 ./driver/src/i2c.o
 .debug_ranges  0x0000000000000120       0x28 ./keypad/keypad.o

.debug_macro    0x0000000000000000    0x18808
 .debug_macro   0x0000000000000000      0x261 ./app/src/main.o
 .debug_macro   0x0000000000000261      0xa5a ./app/src/main.o
 .debug_macro   0x0000000000000cbb       0x28 ./app/src/main.o
 .debug_macro   0x0000000000000ce3       0x22 ./app/src/main.o
 .debug_macro   0x0000000000000d05       0x8e ./app/src/main.o
 .debug_macro   0x0000000000000d93       0x51 ./app/src/main.o
 .debug_macro   0x0000000000000de4      0x103 ./app/src/main.o
 .debug_macro   0x0000000000000ee7       0x6a ./app/src/main.o
 .debug_macro   0x0000000000000f51      0x1df ./app/src/main.o
 .debug_macro   0x0000000000001130       0x1c ./app/src/main.o
 .debug_macro   0x000000000000114c       0x22 ./app/src/main.o
 .debug_macro   0x000000000000116e       0xd9 ./app/src/main.o
 .debug_macro   0x0000000000001247     0x102d ./app/src/main.o
 .debug_macro   0x0000000000002274      0x11f ./app/src/main.o
 .debug_macro   0x0000000000002393    0x1535a ./app/src/main.o
 .debug_macro   0x00000000000176ed       0x2e ./app/src/main.o
 .debug_macro   0x000000000001771b       0x34 ./app/src/main.o
 .debug_macro   0x000000000001774f       0x6d ./app/src/main.o
 .debug_macro   0x00000000000177bc       0x34 ./app/src/main.o
 .debug_macro   0x00000000000177f0       0x52 ./app/src/main.o
 .debug_macro   0x0000000000017842       0x18 ./app/src/main.o
 .debug_macro   0x000000000001785a       0x3c ./app/src/main.o
 .debug_macro   0x0000000000017896       0x34 ./app/src/main.o
 .debug_macro   0x00000000000178ca      0x174 ./app/src/main.o
 .debug_macro   0x0000000000017a3e       0x16 ./app/src/main.o
 .debug_macro   0x0000000000017a54       0x43 ./app/src/main.o
 .debug_macro   0x0000000000017a97       0x34 ./app/src/main.o
 .debug_macro   0x0000000000017acb       0x10 ./app/src/main.o
 .debug_macro   0x0000000000017adb       0x58 ./app/src/main.o
 .debug_macro   0x0000000000017b33       0x71 ./app/src/main.o
 .debug_macro   0x0000000000017ba4       0x1c ./app/src/main.o
 .debug_macro   0x0000000000017bc0      0x12a ./app/src/main.o
 .debug_macro   0x0000000000017cea      0x341 ./app/src/main.o
 .debug_macro   0x000000000001802b       0x10 ./app/src/main.o
 .debug_macro   0x000000000001803b       0x35 ./app/src/main.o
 .debug_macro   0x0000000000018070       0x20 ./app/src/main.o
 .debug_macro   0x0000000000018090       0x10 ./app/src/main.o
 .debug_macro   0x00000000000180a0       0x16 ./app/src/main.o
 .debug_macro   0x00000000000180b6       0x16 ./app/src/main.o
 .debug_macro   0x00000000000180cc       0x29 ./app/src/main.o
 .debug_macro   0x00000000000180f5       0x16 ./app/src/main.o
 .debug_macro   0x000000000001810b       0x64 ./app/src/main.o
 .debug_macro   0x000000000001816f      0x22a ./display/display.o
 .debug_macro   0x0000000000018399      0x1a5 ./display/fonts.o
 .debug_macro   0x000000000001853e       0xd6 ./driver/src/gpio.o
 .debug_macro   0x0000000000018614       0xe0 ./driver/src/i2c.o
 .debug_macro   0x00000000000186f4       0x28 ./driver/src/i2c.o
 .debug_macro   0x000000000001871c       0xec ./keypad/keypad.o

.debug_line     0x0000000000000000     0x2c0d
 .debug_line    0x0000000000000000      0x901 ./app/src/main.o
 .debug_line    0x0000000000000901       0x78 ./app/statup_stm32f303re.o
 .debug_line    0x0000000000000979      0xa69 ./display/display.o
 .debug_line    0x00000000000013e2      0x5aa ./display/fonts.o
 .debug_line    0x000000000000198c      0x5a8 ./driver/src/gpio.o
 .debug_line    0x0000000000001f34      0x6f0 ./driver/src/i2c.o
 .debug_line    0x0000000000002624      0x5e9 ./keypad/keypad.o

.debug_str      0x0000000000000000    0x86e2e
 .debug_str     0x0000000000000000    0x86989 ./app/src/main.o
                                      0x86d06 (size before relaxing)
 .debug_str     0x0000000000086989       0x2a ./app/statup_stm32f303re.o
                                         0x84 (size before relaxing)
 .debug_str     0x00000000000869b3      0x31e ./display/display.o
                                      0x86488 (size before relaxing)
 .debug_str     0x0000000000086cd1       0x1c ./display/fonts.o
                                      0x85f64 (size before relaxing)
 .debug_str     0x0000000000086ced       0x39 ./driver/src/gpio.o
                                      0x83028 (size before relaxing)
 .debug_str     0x0000000000086d26       0x2f ./driver/src/i2c.o
                                      0x82f41 (size before relaxing)
 .debug_str     0x0000000000086d55       0xd9 ./keypad/keypad.o
                                      0x830d0 (size before relaxing)

.comment        0x0000000000000000       0x50
 .comment       0x0000000000000000       0x50 ./app/src/main.o
                                         0x51 (size before relaxing)
 .comment       0x0000000000000050       0x51 ./display/display.o
 .comment       0x0000000000000050       0x51 ./display/fonts.o
 .comment       0x0000000000000050       0x51 ./driver/src/gpio.o
 .comment       0x0000000000000050       0x51 ./driver/src/i2c.o
 .comment       0x0000000000000050       0x51 ./keypad/keypad.o

.debug_frame    0x0000000000000000      0x54c
 .debug_frame   0x0000000000000000       0xd8 ./app/src/main.o
 .debug_frame   0x00000000000000d8      0x228 ./display/display.o
 .debug_frame   0x0000000000000300       0xb0 ./driver/src/gpio.o
 .debug_frame   0x00000000000003b0       0xa8 ./driver/src/i2c.o
 .debug_frame   0x0000000000000458       0xa8 ./keypad/keypad.o
 .debug_frame   0x0000000000000500       0x2c c:/st/stm32cubeide_1.10.1/stm32cubeide/plugins/com.st.stm32cube.ide.mcu.externaltools.gnu-tools-for-stm32.10.3-2021.10.win32_1.0.0.202111181127/tools/bin/../lib/gcc/arm-none-eabi/10.3.1/../../../../arm-none-eabi/lib/thumb/v7e-m/nofp\libc_nano.a(lib_a-init.o)
 .debug_frame   0x000000000000052c       0x20 c:/st/stm32cubeide_1.10.1/stm32cubeide/plugins/com.st.stm32cube.ide.mcu.externaltools.gnu-tools-for-stm32.10.3-2021.10.win32_1.0.0.202111181127/tools/bin/../lib/gcc/arm-none-eabi/10.3.1/../../../../arm-none-eabi/lib/thumb/v7e-m/nofp\libc_nano.a(lib_a-memset.o)
