Archive member included to satisfy reference by file (symbol)

c:/st/stm32cubeide_1.10.1/stm32cubeide/plugins/com.st.stm32cube.ide.mcu.externaltools.gnu-tools-for-stm32.10.3-2021.10.win32_1.0.0.202111181127/tools/bin/../lib/gcc/arm-none-eabi/10.3.1/../../../../arm-none-eabi/lib/thumb/v7e-m/nofp\libc_nano.a(lib_a-exit.o)
                              c:/st/stm32cubeide_1.10.1/stm32cubeide/plugins/com.st.stm32cube.ide.mcu.externaltools.gnu-tools-for-stm32.10.3-2021.10.win32_1.0.0.202111181127/tools/bin/../lib/gcc/arm-none-eabi/10.3.1/../../../../arm-none-eabi/lib/thumb/v7e-m/nofp/crt0.o (exit)
c:/st/stm32cubeide_1.10.1/stm32cubeide/plugins/com.st.stm32cube.ide.mcu.externaltools.gnu-tools-for-stm32.10.3-2021.10.win32_1.0.0.202111181127/tools/bin/../lib/gcc/arm-none-eabi/10.3.1/../../../../arm-none-eabi/lib/thumb/v7e-m/nofp\libc_nano.a(lib_a-impure.o)
                              c:/st/stm32cubeide_1.10.1/stm32cubeide/plugins/com.st.stm32cube.ide.mcu.externaltools.gnu-tools-for-stm32.10.3-2021.10.win32_1.0.0.202111181127/tools/bin/../lib/gcc/arm-none-eabi/10.3.1/../../../../arm-none-eabi/lib/thumb/v7e-m/nofp\libc_nano.a(lib_a-exit.o) (_global_impure_ptr)
c:/st/stm32cubeide_1.10.1/stm32cubeide/plugins/com.st.stm32cube.ide.mcu.externaltools.gnu-tools-for-stm32.10.3-2021.10.win32_1.0.0.202111181127/tools/bin/../lib/gcc/arm-none-eabi/10.3.1/../../../../arm-none-eabi/lib/thumb/v7e-m/nofp\libc_nano.a(lib_a-init.o)
                              c:/st/stm32cubeide_1.10.1/stm32cubeide/plugins/com.st.stm32cube.ide.mcu.externaltools.gnu-tools-for-stm32.10.3-2021.10.win32_1.0.0.202111181127/tools/bin/../lib/gcc/arm-none-eabi/10.3.1/../../../../arm-none-eabi/lib/thumb/v7e-m/nofp/crt0.o (__libc_init_array)
c:/st/stm32cubeide_1.10.1/stm32cubeide/plugins/com.st.stm32cube.ide.mcu.externaltools.gnu-tools-for-stm32.10.3-2021.10.win32_1.0.0.202111181127/tools/bin/../lib/gcc/arm-none-eabi/10.3.1/../../../../arm-none-eabi/lib/thumb/v7e-m/nofp\libc_nano.a(lib_a-memset.o)
                              c:/st/stm32cubeide_1.10.1/stm32cubeide/plugins/com.st.stm32cube.ide.mcu.externaltools.gnu-tools-for-stm32.10.3-2021.10.win32_1.0.0.202111181127/tools/bin/../lib/gcc/arm-none-eabi/10.3.1/../../../../arm-none-eabi/lib/thumb/v7e-m/nofp/crt0.o (memset)
c:/st/stm32cubeide_1.10.1/stm32cubeide/plugins/com.st.stm32cube.ide.mcu.externaltools.gnu-tools-for-stm32.10.3-2021.10.win32_1.0.0.202111181127/tools/bin/../lib/gcc/arm-none-eabi/10.3.1/../../../../arm-none-eabi/lib/thumb/v7e-m/nofp\libnosys.a(_exit.o)
                              c:/st/stm32cubeide_1.10.1/stm32cubeide/plugins/com.st.stm32cube.ide.mcu.externaltools.gnu-tools-for-stm32.10.3-2021.10.win32_1.0.0.202111181127/tools/bin/../lib/gcc/arm-none-eabi/10.3.1/../../../../arm-none-eabi/lib/thumb/v7e-m/nofp\libc_nano.a(lib_a-exit.o) (_exit)

Discarded input sections

 .text          0x0000000000000000        0x0 c:/st/stm32cubeide_1.10.1/stm32cubeide/plugins/com.st.stm32cube.ide.mcu.externaltools.gnu-tools-for-stm32.10.3-2021.10.win32_1.0.0.202111181127/tools/bin/../lib/gcc/arm-none-eabi/10.3.1/thumb/v7e-m/nofp/crti.o
 .data          0x0000000000000000        0x0 c:/st/stm32cubeide_1.10.1/stm32cubeide/plugins/com.st.stm32cube.ide.mcu.externaltools.gnu-tools-for-stm32.10.3-2021.10.win32_1.0.0.202111181127/tools/bin/../lib/gcc/arm-none-eabi/10.3.1/thumb/v7e-m/nofp/crti.o
 .bss           0x0000000000000000        0x0 c:/st/stm32cubeide_1.10.1/stm32cubeide/plugins/com.st.stm32cube.ide.mcu.externaltools.gnu-tools-for-stm32.10.3-2021.10.win32_1.0.0.202111181127/tools/bin/../lib/gcc/arm-none-eabi/10.3.1/thumb/v7e-m/nofp/crti.o
 .data          0x0000000000000000        0x4 c:/st/stm32cubeide_1.10.1/stm32cubeide/plugins/com.st.stm32cube.ide.mcu.externaltools.gnu-tools-for-stm32.10.3-2021.10.win32_1.0.0.202111181127/tools/bin/../lib/gcc/arm-none-eabi/10.3.1/thumb/v7e-m/nofp/crtbegin.o
 .rodata        0x0000000000000000       0x24 c:/st/stm32cubeide_1.10.1/stm32cubeide/plugins/com.st.stm32cube.ide.mcu.externaltools.gnu-tools-for-stm32.10.3-2021.10.win32_1.0.0.202111181127/tools/bin/../lib/gcc/arm-none-eabi/10.3.1/thumb/v7e-m/nofp/crtbegin.o
 .text          0x0000000000000000       0x7c c:/st/stm32cubeide_1.10.1/stm32cubeide/plugins/com.st.stm32cube.ide.mcu.externaltools.gnu-tools-for-stm32.10.3-2021.10.win32_1.0.0.202111181127/tools/bin/../lib/gcc/arm-none-eabi/10.3.1/../../../../arm-none-eabi/lib/thumb/v7e-m/nofp/crt0.o
 .data          0x0000000000000000        0x0 c:/st/stm32cubeide_1.10.1/stm32cubeide/plugins/com.st.stm32cube.ide.mcu.externaltools.gnu-tools-for-stm32.10.3-2021.10.win32_1.0.0.202111181127/tools/bin/../lib/gcc/arm-none-eabi/10.3.1/../../../../arm-none-eabi/lib/thumb/v7e-m/nofp/crt0.o
 .bss           0x0000000000000000        0x0 c:/st/stm32cubeide_1.10.1/stm32cubeide/plugins/com.st.stm32cube.ide.mcu.externaltools.gnu-tools-for-stm32.10.3-2021.10.win32_1.0.0.202111181127/tools/bin/../lib/gcc/arm-none-eabi/10.3.1/../../../../arm-none-eabi/lib/thumb/v7e-m/nofp/crt0.o
 .ARM.extab     0x0000000000000000        0x0 c:/st/stm32cubeide_1.10.1/stm32cubeide/plugins/com.st.stm32cube.ide.mcu.externaltools.gnu-tools-for-stm32.10.3-2021.10.win32_1.0.0.202111181127/tools/bin/../lib/gcc/arm-none-eabi/10.3.1/../../../../arm-none-eabi/lib/thumb/v7e-m/nofp/crt0.o
 .ARM.exidx     0x0000000000000000       0x10 c:/st/stm32cubeide_1.10.1/stm32cubeide/plugins/com.st.stm32cube.ide.mcu.externaltools.gnu-tools-for-stm32.10.3-2021.10.win32_1.0.0.202111181127/tools/bin/../lib/gcc/arm-none-eabi/10.3.1/../../../../arm-none-eabi/lib/thumb/v7e-m/nofp/crt0.o
 .ARM.attributes
                0x0000000000000000       0x1c c:/st/stm32cubeide_1.10.1/stm32cubeide/plugins/com.st.stm32cube.ide.mcu.externaltools.gnu-tools-for-stm32.10.3-2021.10.win32_1.0.0.202111181127/tools/bin/../lib/gcc/arm-none-eabi/10.3.1/../../../../arm-none-eabi/lib/thumb/v7e-m/nofp/crt0.o
 .group         0x0000000000000000        0xc ./app/src/main.o
 .group         0x0000000000000000        0xc ./app/src/main.o
 .group         0x0000000000000000        0xc ./app/src/main.o
 .group         0x0000000000000000        0xc ./app/src/main.o
 .group         0x0000000000000000        0xc ./app/src/main.o
 .group         0x0000000000000000        0xc ./app/src/main.o
 .group         0x0000000000000000        0xc ./app/src/main.o
 .group         0x0000000000000000        0xc ./app/src/main.o
 .group         0x0000000000000000        0xc ./app/src/main.o
 .group         0x0000000000000000        0xc ./app/src/main.o
 .group         0x0000000000000000        0xc ./app/src/main.o
 .group         0x0000000000000000        0xc ./app/src/main.o
 .group         0x0000000000000000        0xc ./app/src/main.o
 .group         0x0000000000000000        0xc ./app/src/main.o
 .group         0x0000000000000000        0xc ./app/src/main.o
 .group         0x0000000000000000        0xc ./app/src/main.o
 .group         0x0000000000000000        0xc ./app/src/main.o
 .group         0x0000000000000000        0xc ./app/src/main.o
 .text          0x0000000000000000        0x0 ./app/src/main.o
 .data          0x0000000000000000        0x0 ./app/src/main.o
 .bss           0x0000000000000000        0x0 ./app/src/main.o
 .bss.data      0x0000000000000000        0x1 ./app/src/main.o
 .bss.i         0x0000000000000000        0x1 ./app/src/main.o
 .text          0x0000000000000000       0x14 ./app/statup_stm32f303re.o
 .data          0x0000000000000000        0x0 ./app/statup_stm32f303re.o
 .bss           0x0000000000000000        0x0 ./app/statup_stm32f303re.o
 .group         0x0000000000000000        0xc ./driver/src/gpio.o
 .group         0x0000000000000000        0xc ./driver/src/gpio.o
 .group         0x0000000000000000        0xc ./driver/src/gpio.o
 .group         0x0000000000000000        0xc ./driver/src/gpio.o
 .group         0x0000000000000000        0xc ./driver/src/gpio.o
 .group         0x0000000000000000        0xc ./driver/src/gpio.o
 .group         0x0000000000000000        0xc ./driver/src/gpio.o
 .group         0x0000000000000000        0xc ./driver/src/gpio.o
 .group         0x0000000000000000        0xc ./driver/src/gpio.o
 .group         0x0000000000000000        0xc ./driver/src/gpio.o
 .group         0x0000000000000000        0xc ./driver/src/gpio.o
 .group         0x0000000000000000        0xc ./driver/src/gpio.o
 .group         0x0000000000000000        0xc ./driver/src/gpio.o
 .group         0x0000000000000000        0xc ./driver/src/gpio.o
 .group         0x0000000000000000        0xc ./driver/src/gpio.o
 .group         0x0000000000000000        0xc ./driver/src/gpio.o
 .group         0x0000000000000000        0xc ./driver/src/gpio.o
 .text          0x0000000000000000        0x0 ./driver/src/gpio.o
 .data          0x0000000000000000        0x0 ./driver/src/gpio.o
 .bss           0x0000000000000000        0x0 ./driver/src/gpio.o
 .debug_macro   0x0000000000000000      0xa5a ./driver/src/gpio.o
 .debug_macro   0x0000000000000000       0x28 ./driver/src/gpio.o
 .debug_macro   0x0000000000000000       0x22 ./driver/src/gpio.o
 .debug_macro   0x0000000000000000       0x8e ./driver/src/gpio.o
 .debug_macro   0x0000000000000000       0x51 ./driver/src/gpio.o
 .debug_macro   0x0000000000000000      0x103 ./driver/src/gpio.o
 .debug_macro   0x0000000000000000       0x6a ./driver/src/gpio.o
 .debug_macro   0x0000000000000000      0x1df ./driver/src/gpio.o
 .debug_macro   0x0000000000000000       0x1c ./driver/src/gpio.o
 .debug_macro   0x0000000000000000       0x22 ./driver/src/gpio.o
 .debug_macro   0x0000000000000000       0xd9 ./driver/src/gpio.o
 .debug_macro   0x0000000000000000     0x102d ./driver/src/gpio.o
 .debug_macro   0x0000000000000000      0x11f ./driver/src/gpio.o
 .debug_macro   0x0000000000000000    0x1535a ./driver/src/gpio.o
 .debug_macro   0x0000000000000000       0x34 ./driver/src/gpio.o
 .debug_macro   0x0000000000000000       0x6d ./driver/src/gpio.o
 .debug_macro   0x0000000000000000       0x34 ./driver/src/gpio.o
 .group         0x0000000000000000        0xc ./driver/src/i2c.o
 .group         0x0000000000000000        0xc ./driver/src/i2c.o
 .group         0x0000000000000000        0xc ./driver/src/i2c.o
 .group         0x0000000000000000        0xc ./driver/src/i2c.o
 .group         0x0000000000000000        0xc ./driver/src/i2c.o
 .group         0x0000000000000000        0xc ./driver/src/i2c.o
 .group         0x0000000000000000        0xc ./driver/src/i2c.o
 .group         0x0000000000000000        0xc ./driver/src/i2c.o
 .group         0x0000000000000000        0xc ./driver/src/i2c.o
 .group         0x0000000000000000        0xc ./driver/src/i2c.o
 .group         0x0000000000000000        0xc ./driver/src/i2c.o
 .group         0x0000000000000000        0xc ./driver/src/i2c.o
 .group         0x0000000000000000        0xc ./driver/src/i2c.o
 .group         0x0000000000000000        0xc ./driver/src/i2c.o
 .group         0x0000000000000000        0xc ./driver/src/i2c.o
 .group         0x0000000000000000        0xc ./driver/src/i2c.o
 .group         0x0000000000000000        0xc ./driver/src/i2c.o
 .text          0x0000000000000000        0x0 ./driver/src/i2c.o
 .data          0x0000000000000000        0x0 ./driver/src/i2c.o
 .bss           0x0000000000000000        0x0 ./driver/src/i2c.o
 .text.search_address
                0x0000000000000000       0x8e ./driver/src/i2c.o
 .debug_macro   0x0000000000000000      0xa5a ./driver/src/i2c.o
 .debug_macro   0x0000000000000000       0x34 ./driver/src/i2c.o
 .debug_macro   0x0000000000000000       0x28 ./driver/src/i2c.o
 .debug_macro   0x0000000000000000       0x22 ./driver/src/i2c.o
 .debug_macro   0x0000000000000000       0x8e ./driver/src/i2c.o
 .debug_macro   0x0000000000000000       0x51 ./driver/src/i2c.o
 .debug_macro   0x0000000000000000      0x103 ./driver/src/i2c.o
 .debug_macro   0x0000000000000000       0x6a ./driver/src/i2c.o
 .debug_macro   0x0000000000000000      0x1df ./driver/src/i2c.o
 .debug_macro   0x0000000000000000       0x1c ./driver/src/i2c.o
 .debug_macro   0x0000000000000000       0x22 ./driver/src/i2c.o
 .debug_macro   0x0000000000000000       0xd9 ./driver/src/i2c.o
 .debug_macro   0x0000000000000000     0x102d ./driver/src/i2c.o
 .debug_macro   0x0000000000000000      0x11f ./driver/src/i2c.o
 .debug_macro   0x0000000000000000    0x1535a ./driver/src/i2c.o
 .debug_macro   0x0000000000000000       0x6d ./driver/src/i2c.o
 .group         0x0000000000000000        0xc ./keypad/keypad.o
 .group         0x0000000000000000        0xc ./keypad/keypad.o
 .group         0x0000000000000000        0xc ./keypad/keypad.o
 .group         0x0000000000000000        0xc ./keypad/keypad.o
 .group         0x0000000000000000        0xc ./keypad/keypad.o
 .group         0x0000000000000000        0xc ./keypad/keypad.o
 .group         0x0000000000000000        0xc ./keypad/keypad.o
 .group         0x0000000000000000        0xc ./keypad/keypad.o
 .group         0x0000000000000000        0xc ./keypad/keypad.o
 .group         0x0000000000000000        0xc ./keypad/keypad.o
 .group         0x0000000000000000        0xc ./keypad/keypad.o
 .group         0x0000000000000000        0xc ./keypad/keypad.o
 .group         0x0000000000000000        0xc ./keypad/keypad.o
 .group         0x0000000000000000        0xc ./keypad/keypad.o
 .group         0x0000000000000000        0xc ./keypad/keypad.o
 .group         0x0000000000000000        0xc ./keypad/keypad.o
 .group         0x0000000000000000        0xc ./keypad/keypad.o
 .text          0x0000000000000000        0x0 ./keypad/keypad.o
 .data          0x0000000000000000        0x0 ./keypad/keypad.o
 .bss           0x0000000000000000        0x0 ./keypad/keypad.o
 .debug_macro   0x0000000000000000      0xa5a ./keypad/keypad.o
 .debug_macro   0x0000000000000000       0x34 ./keypad/keypad.o
 .debug_macro   0x0000000000000000       0x28 ./keypad/keypad.o
 .debug_macro   0x0000000000000000       0x22 ./keypad/keypad.o
 .debug_macro   0x0000000000000000       0x8e ./keypad/keypad.o
 .debug_macro   0x0000000000000000       0x51 ./keypad/keypad.o
 .debug_macro   0x0000000000000000      0x103 ./keypad/keypad.o
 .debug_macro   0x0000000000000000       0x6a ./keypad/keypad.o
 .debug_macro   0x0000000000000000      0x1df ./keypad/keypad.o
 .debug_macro   0x0000000000000000       0x1c ./keypad/keypad.o
 .debug_macro   0x0000000000000000       0x22 ./keypad/keypad.o
 .debug_macro   0x0000000000000000       0xd9 ./keypad/keypad.o
 .debug_macro   0x0000000000000000     0x102d ./keypad/keypad.o
 .debug_macro   0x0000000000000000      0x11f ./keypad/keypad.o
 .debug_macro   0x0000000000000000    0x1535a ./keypad/keypad.o
 .debug_macro   0x0000000000000000       0x6d ./keypad/keypad.o
 .debug_macro   0x0000000000000000       0x34 ./keypad/keypad.o
 .text          0x0000000000000000        0x0 c:/st/stm32cubeide_1.10.1/stm32cubeide/plugins/com.st.stm32cube.ide.mcu.externaltools.gnu-tools-for-stm32.10.3-2021.10.win32_1.0.0.202111181127/tools/bin/../lib/gcc/arm-none-eabi/10.3.1/../../../../arm-none-eabi/lib/thumb/v7e-m/nofp\libc_nano.a(lib_a-exit.o)
 .data          0x0000000000000000        0x0 c:/st/stm32cubeide_1.10.1/stm32cubeide/plugins/com.st.stm32cube.ide.mcu.externaltools.gnu-tools-for-stm32.10.3-2021.10.win32_1.0.0.202111181127/tools/bin/../lib/gcc/arm-none-eabi/10.3.1/../../../../arm-none-eabi/lib/thumb/v7e-m/nofp\libc_nano.a(lib_a-exit.o)
 .bss           0x0000000000000000        0x0 c:/st/stm32cubeide_1.10.1/stm32cubeide/plugins/com.st.stm32cube.ide.mcu.externaltools.gnu-tools-for-stm32.10.3-2021.10.win32_1.0.0.202111181127/tools/bin/../lib/gcc/arm-none-eabi/10.3.1/../../../../arm-none-eabi/lib/thumb/v7e-m/nofp\libc_nano.a(lib_a-exit.o)
 .text.exit     0x0000000000000000       0x28 c:/st/stm32cubeide_1.10.1/stm32cubeide/plugins/com.st.stm32cube.ide.mcu.externaltools.gnu-tools-for-stm32.10.3-2021.10.win32_1.0.0.202111181127/tools/bin/../lib/gcc/arm-none-eabi/10.3.1/../../../../arm-none-eabi/lib/thumb/v7e-m/nofp\libc_nano.a(lib_a-exit.o)
 .debug_frame   0x0000000000000000       0x28 c:/st/stm32cubeide_1.10.1/stm32cubeide/plugins/com.st.stm32cube.ide.mcu.externaltools.gnu-tools-for-stm32.10.3-2021.10.win32_1.0.0.202111181127/tools/bin/../lib/gcc/arm-none-eabi/10.3.1/../../../../arm-none-eabi/lib/thumb/v7e-m/nofp\libc_nano.a(lib_a-exit.o)
 .ARM.attributes
                0x0000000000000000       0x2e c:/st/stm32cubeide_1.10.1/stm32cubeide/plugins/com.st.stm32cube.ide.mcu.externaltools.gnu-tools-for-stm32.10.3-2021.10.win32_1.0.0.202111181127/tools/bin/../lib/gcc/arm-none-eabi/10.3.1/../../../../arm-none-eabi/lib/thumb/v7e-m/nofp\libc_nano.a(lib_a-exit.o)
 .text          0x0000000000000000        0x0 c:/st/stm32cubeide_1.10.1/stm32cubeide/plugins/com.st.stm32cube.ide.mcu.externaltools.gnu-tools-for-stm32.10.3-2021.10.win32_1.0.0.202111181127/tools/bin/../lib/gcc/arm-none-eabi/10.3.1/../../../../arm-none-eabi/lib/thumb/v7e-m/nofp\libc_nano.a(lib_a-impure.o)
 .data          0x0000000000000000        0x0 c:/st/stm32cubeide_1.10.1/stm32cubeide/plugins/com.st.stm32cube.ide.mcu.externaltools.gnu-tools-for-stm32.10.3-2021.10.win32_1.0.0.202111181127/tools/bin/../lib/gcc/arm-none-eabi/10.3.1/../../../../arm-none-eabi/lib/thumb/v7e-m/nofp\libc_nano.a(lib_a-impure.o)
 .bss           0x0000000000000000        0x0 c:/st/stm32cubeide_1.10.1/stm32cubeide/plugins/com.st.stm32cube.ide.mcu.externaltools.gnu-tools-for-stm32.10.3-2021.10.win32_1.0.0.202111181127/tools/bin/../lib/gcc/arm-none-eabi/10.3.1/../../../../arm-none-eabi/lib/thumb/v7e-m/nofp\libc_nano.a(lib_a-impure.o)
 .data._impure_ptr
                0x0000000000000000        0x4 c:/st/stm32cubeide_1.10.1/stm32cubeide/plugins/com.st.stm32cube.ide.mcu.externaltools.gnu-tools-for-stm32.10.3-2021.10.win32_1.0.0.202111181127/tools/bin/../lib/gcc/arm-none-eabi/10.3.1/../../../../arm-none-eabi/lib/thumb/v7e-m/nofp\libc_nano.a(lib_a-impure.o)
 .data.impure_data
                0x0000000000000000       0x60 c:/st/stm32cubeide_1.10.1/stm32cubeide/plugins/com.st.stm32cube.ide.mcu.externaltools.gnu-tools-for-stm32.10.3-2021.10.win32_1.0.0.202111181127/tools/bin/../lib/gcc/arm-none-eabi/10.3.1/../../../../arm-none-eabi/lib/thumb/v7e-m/nofp\libc_nano.a(lib_a-impure.o)
 .rodata._global_impure_ptr
                0x0000000000000000        0x4 c:/st/stm32cubeide_1.10.1/stm32cubeide/plugins/com.st.stm32cube.ide.mcu.externaltools.gnu-tools-for-stm32.10.3-2021.10.win32_1.0.0.202111181127/tools/bin/../lib/gcc/arm-none-eabi/10.3.1/../../../../arm-none-eabi/lib/thumb/v7e-m/nofp\libc_nano.a(lib_a-impure.o)
 .ARM.attributes
                0x0000000000000000       0x2e c:/st/stm32cubeide_1.10.1/stm32cubeide/plugins/com.st.stm32cube.ide.mcu.externaltools.gnu-tools-for-stm32.10.3-2021.10.win32_1.0.0.202111181127/tools/bin/../lib/gcc/arm-none-eabi/10.3.1/../../../../arm-none-eabi/lib/thumb/v7e-m/nofp\libc_nano.a(lib_a-impure.o)
 .text          0x0000000000000000        0x0 c:/st/stm32cubeide_1.10.1/stm32cubeide/plugins/com.st.stm32cube.ide.mcu.externaltools.gnu-tools-for-stm32.10.3-2021.10.win32_1.0.0.202111181127/tools/bin/../lib/gcc/arm-none-eabi/10.3.1/../../../../arm-none-eabi/lib/thumb/v7e-m/nofp\libc_nano.a(lib_a-init.o)
 .data          0x0000000000000000        0x0 c:/st/stm32cubeide_1.10.1/stm32cubeide/plugins/com.st.stm32cube.ide.mcu.externaltools.gnu-tools-for-stm32.10.3-2021.10.win32_1.0.0.202111181127/tools/bin/../lib/gcc/arm-none-eabi/10.3.1/../../../../arm-none-eabi/lib/thumb/v7e-m/nofp\libc_nano.a(lib_a-init.o)
 .bss           0x0000000000000000        0x0 c:/st/stm32cubeide_1.10.1/stm32cubeide/plugins/com.st.stm32cube.ide.mcu.externaltools.gnu-tools-for-stm32.10.3-2021.10.win32_1.0.0.202111181127/tools/bin/../lib/gcc/arm-none-eabi/10.3.1/../../../../arm-none-eabi/lib/thumb/v7e-m/nofp\libc_nano.a(lib_a-init.o)
 .text          0x0000000000000000        0x0 c:/st/stm32cubeide_1.10.1/stm32cubeide/plugins/com.st.stm32cube.ide.mcu.externaltools.gnu-tools-for-stm32.10.3-2021.10.win32_1.0.0.202111181127/tools/bin/../lib/gcc/arm-none-eabi/10.3.1/../../../../arm-none-eabi/lib/thumb/v7e-m/nofp\libc_nano.a(lib_a-memset.o)
 .data          0x0000000000000000        0x0 c:/st/stm32cubeide_1.10.1/stm32cubeide/plugins/com.st.stm32cube.ide.mcu.externaltools.gnu-tools-for-stm32.10.3-2021.10.win32_1.0.0.202111181127/tools/bin/../lib/gcc/arm-none-eabi/10.3.1/../../../../arm-none-eabi/lib/thumb/v7e-m/nofp\libc_nano.a(lib_a-memset.o)
 .bss           0x0000000000000000        0x0 c:/st/stm32cubeide_1.10.1/stm32cubeide/plugins/com.st.stm32cube.ide.mcu.externaltools.gnu-tools-for-stm32.10.3-2021.10.win32_1.0.0.202111181127/tools/bin/../lib/gcc/arm-none-eabi/10.3.1/../../../../arm-none-eabi/lib/thumb/v7e-m/nofp\libc_nano.a(lib_a-memset.o)
 .text.memset   0x0000000000000000       0x10 c:/st/stm32cubeide_1.10.1/stm32cubeide/plugins/com.st.stm32cube.ide.mcu.externaltools.gnu-tools-for-stm32.10.3-2021.10.win32_1.0.0.202111181127/tools/bin/../lib/gcc/arm-none-eabi/10.3.1/../../../../arm-none-eabi/lib/thumb/v7e-m/nofp\libc_nano.a(lib_a-memset.o)
 .debug_frame   0x0000000000000000       0x20 c:/st/stm32cubeide_1.10.1/stm32cubeide/plugins/com.st.stm32cube.ide.mcu.externaltools.gnu-tools-for-stm32.10.3-2021.10.win32_1.0.0.202111181127/tools/bin/../lib/gcc/arm-none-eabi/10.3.1/../../../../arm-none-eabi/lib/thumb/v7e-m/nofp\libc_nano.a(lib_a-memset.o)
 .ARM.attributes
                0x0000000000000000       0x2e c:/st/stm32cubeide_1.10.1/stm32cubeide/plugins/com.st.stm32cube.ide.mcu.externaltools.gnu-tools-for-stm32.10.3-2021.10.win32_1.0.0.202111181127/tools/bin/../lib/gcc/arm-none-eabi/10.3.1/../../../../arm-none-eabi/lib/thumb/v7e-m/nofp\libc_nano.a(lib_a-memset.o)
 .text          0x0000000000000000        0x0 c:/st/stm32cubeide_1.10.1/stm32cubeide/plugins/com.st.stm32cube.ide.mcu.externaltools.gnu-tools-for-stm32.10.3-2021.10.win32_1.0.0.202111181127/tools/bin/../lib/gcc/arm-none-eabi/10.3.1/../../../../arm-none-eabi/lib/thumb/v7e-m/nofp\libnosys.a(_exit.o)
 .data          0x0000000000000000        0x0 c:/st/stm32cubeide_1.10.1/stm32cubeide/plugins/com.st.stm32cube.ide.mcu.externaltools.gnu-tools-for-stm32.10.3-2021.10.win32_1.0.0.202111181127/tools/bin/../lib/gcc/arm-none-eabi/10.3.1/../../../../arm-none-eabi/lib/thumb/v7e-m/nofp\libnosys.a(_exit.o)
 .bss           0x0000000000000000        0x0 c:/st/stm32cubeide_1.10.1/stm32cubeide/plugins/com.st.stm32cube.ide.mcu.externaltools.gnu-tools-for-stm32.10.3-2021.10.win32_1.0.0.202111181127/tools/bin/../lib/gcc/arm-none-eabi/10.3.1/../../../../arm-none-eabi/lib/thumb/v7e-m/nofp\libnosys.a(_exit.o)
 .text._exit    0x0000000000000000        0x2 c:/st/stm32cubeide_1.10.1/stm32cubeide/plugins/com.st.stm32cube.ide.mcu.externaltools.gnu-tools-for-stm32.10.3-2021.10.win32_1.0.0.202111181127/tools/bin/../lib/gcc/arm-none-eabi/10.3.1/../../../../arm-none-eabi/lib/thumb/v7e-m/nofp\libnosys.a(_exit.o)
 .debug_frame   0x0000000000000000       0x20 c:/st/stm32cubeide_1.10.1/stm32cubeide/plugins/com.st.stm32cube.ide.mcu.externaltools.gnu-tools-for-stm32.10.3-2021.10.win32_1.0.0.202111181127/tools/bin/../lib/gcc/arm-none-eabi/10.3.1/../../../../arm-none-eabi/lib/thumb/v7e-m/nofp\libnosys.a(_exit.o)
 .ARM.attributes
                0x0000000000000000       0x2e c:/st/stm32cubeide_1.10.1/stm32cubeide/plugins/com.st.stm32cube.ide.mcu.externaltools.gnu-tools-for-stm32.10.3-2021.10.win32_1.0.0.202111181127/tools/bin/../lib/gcc/arm-none-eabi/10.3.1/../../../../arm-none-eabi/lib/thumb/v7e-m/nofp\libnosys.a(_exit.o)
 .text          0x0000000000000000        0x0 c:/st/stm32cubeide_1.10.1/stm32cubeide/plugins/com.st.stm32cube.ide.mcu.externaltools.gnu-tools-for-stm32.10.3-2021.10.win32_1.0.0.202111181127/tools/bin/../lib/gcc/arm-none-eabi/10.3.1/thumb/v7e-m/nofp/crtend.o
 .data          0x0000000000000000        0x0 c:/st/stm32cubeide_1.10.1/stm32cubeide/plugins/com.st.stm32cube.ide.mcu.externaltools.gnu-tools-for-stm32.10.3-2021.10.win32_1.0.0.202111181127/tools/bin/../lib/gcc/arm-none-eabi/10.3.1/thumb/v7e-m/nofp/crtend.o
 .bss           0x0000000000000000        0x0 c:/st/stm32cubeide_1.10.1/stm32cubeide/plugins/com.st.stm32cube.ide.mcu.externaltools.gnu-tools-for-stm32.10.3-2021.10.win32_1.0.0.202111181127/tools/bin/../lib/gcc/arm-none-eabi/10.3.1/thumb/v7e-m/nofp/crtend.o
 .rodata        0x0000000000000000       0x24 c:/st/stm32cubeide_1.10.1/stm32cubeide/plugins/com.st.stm32cube.ide.mcu.externaltools.gnu-tools-for-stm32.10.3-2021.10.win32_1.0.0.202111181127/tools/bin/../lib/gcc/arm-none-eabi/10.3.1/thumb/v7e-m/nofp/crtend.o
 .eh_frame      0x0000000000000000        0x4 c:/st/stm32cubeide_1.10.1/stm32cubeide/plugins/com.st.stm32cube.ide.mcu.externaltools.gnu-tools-for-stm32.10.3-2021.10.win32_1.0.0.202111181127/tools/bin/../lib/gcc/arm-none-eabi/10.3.1/thumb/v7e-m/nofp/crtend.o
 .ARM.attributes
                0x0000000000000000       0x2e c:/st/stm32cubeide_1.10.1/stm32cubeide/plugins/com.st.stm32cube.ide.mcu.externaltools.gnu-tools-for-stm32.10.3-2021.10.win32_1.0.0.202111181127/tools/bin/../lib/gcc/arm-none-eabi/10.3.1/thumb/v7e-m/nofp/crtend.o
 .text          0x0000000000000000        0x0 c:/st/stm32cubeide_1.10.1/stm32cubeide/plugins/com.st.stm32cube.ide.mcu.externaltools.gnu-tools-for-stm32.10.3-2021.10.win32_1.0.0.202111181127/tools/bin/../lib/gcc/arm-none-eabi/10.3.1/thumb/v7e-m/nofp/crtn.o
 .data          0x0000000000000000        0x0 c:/st/stm32cubeide_1.10.1/stm32cubeide/plugins/com.st.stm32cube.ide.mcu.externaltools.gnu-tools-for-stm32.10.3-2021.10.win32_1.0.0.202111181127/tools/bin/../lib/gcc/arm-none-eabi/10.3.1/thumb/v7e-m/nofp/crtn.o
 .bss           0x0000000000000000        0x0 c:/st/stm32cubeide_1.10.1/stm32cubeide/plugins/com.st.stm32cube.ide.mcu.externaltools.gnu-tools-for-stm32.10.3-2021.10.win32_1.0.0.202111181127/tools/bin/../lib/gcc/arm-none-eabi/10.3.1/thumb/v7e-m/nofp/crtn.o

Memory Configuration

Name             Origin             Length             Attributes
FLASH            0x0000000008000000 0x0000000000080000 xr
RAM              0x0000000020000000 0x0000000000010000 xrw
CCMRAM           0x0000000010000000 0x0000000000004000 rw
*default*        0x0000000000000000 0xffffffffffffffff

Linker script and memory map

LOAD c:/st/stm32cubeide_1.10.1/stm32cubeide/plugins/com.st.stm32cube.ide.mcu.externaltools.gnu-tools-for-stm32.10.3-2021.10.win32_1.0.0.202111181127/tools/bin/../lib/gcc/arm-none-eabi/10.3.1/thumb/v7e-m/nofp/crti.o
LOAD c:/st/stm32cubeide_1.10.1/stm32cubeide/plugins/com.st.stm32cube.ide.mcu.externaltools.gnu-tools-for-stm32.10.3-2021.10.win32_1.0.0.202111181127/tools/bin/../lib/gcc/arm-none-eabi/10.3.1/thumb/v7e-m/nofp/crtbegin.o
LOAD c:/st/stm32cubeide_1.10.1/stm32cubeide/plugins/com.st.stm32cube.ide.mcu.externaltools.gnu-tools-for-stm32.10.3-2021.10.win32_1.0.0.202111181127/tools/bin/../lib/gcc/arm-none-eabi/10.3.1/../../../../arm-none-eabi/lib/thumb/v7e-m/nofp/crt0.o
LOAD ./app/src/main.o
LOAD ./app/statup_stm32f303re.o
LOAD ./driver/src/gpio.o
LOAD ./driver/src/i2c.o
LOAD ./keypad/keypad.o
START GROUP
LOAD c:/st/stm32cubeide_1.10.1/stm32cubeide/plugins/com.st.stm32cube.ide.mcu.externaltools.gnu-tools-for-stm32.10.3-2021.10.win32_1.0.0.202111181127/tools/bin/../lib/gcc/arm-none-eabi/10.3.1/../../../../arm-none-eabi/lib/thumb/v7e-m/nofp\libc_nano.a
LOAD c:/st/stm32cubeide_1.10.1/stm32cubeide/plugins/com.st.stm32cube.ide.mcu.externaltools.gnu-tools-for-stm32.10.3-2021.10.win32_1.0.0.202111181127/tools/bin/../lib/gcc/arm-none-eabi/10.3.1/../../../../arm-none-eabi/lib/thumb/v7e-m/nofp\libm.a
END GROUP
START GROUP
LOAD c:/st/stm32cubeide_1.10.1/stm32cubeide/plugins/com.st.stm32cube.ide.mcu.externaltools.gnu-tools-for-stm32.10.3-2021.10.win32_1.0.0.202111181127/tools/bin/../lib/gcc/arm-none-eabi/10.3.1/thumb/v7e-m/nofp\libgcc.a
LOAD c:/st/stm32cubeide_1.10.1/stm32cubeide/plugins/com.st.stm32cube.ide.mcu.externaltools.gnu-tools-for-stm32.10.3-2021.10.win32_1.0.0.202111181127/tools/bin/../lib/gcc/arm-none-eabi/10.3.1/../../../../arm-none-eabi/lib/thumb/v7e-m/nofp\libc_nano.a
END GROUP
START GROUP
LOAD c:/st/stm32cubeide_1.10.1/stm32cubeide/plugins/com.st.stm32cube.ide.mcu.externaltools.gnu-tools-for-stm32.10.3-2021.10.win32_1.0.0.202111181127/tools/bin/../lib/gcc/arm-none-eabi/10.3.1/thumb/v7e-m/nofp\libgcc.a
LOAD c:/st/stm32cubeide_1.10.1/stm32cubeide/plugins/com.st.stm32cube.ide.mcu.externaltools.gnu-tools-for-stm32.10.3-2021.10.win32_1.0.0.202111181127/tools/bin/../lib/gcc/arm-none-eabi/10.3.1/../../../../arm-none-eabi/lib/thumb/v7e-m/nofp\libc_nano.a
LOAD c:/st/stm32cubeide_1.10.1/stm32cubeide/plugins/com.st.stm32cube.ide.mcu.externaltools.gnu-tools-for-stm32.10.3-2021.10.win32_1.0.0.202111181127/tools/bin/../lib/gcc/arm-none-eabi/10.3.1/../../../../arm-none-eabi/lib/thumb/v7e-m/nofp\libnosys.a
END GROUP
START GROUP
LOAD c:/st/stm32cubeide_1.10.1/stm32cubeide/plugins/com.st.stm32cube.ide.mcu.externaltools.gnu-tools-for-stm32.10.3-2021.10.win32_1.0.0.202111181127/tools/bin/../lib/gcc/arm-none-eabi/10.3.1/thumb/v7e-m/nofp\libgcc.a
LOAD c:/st/stm32cubeide_1.10.1/stm32cubeide/plugins/com.st.stm32cube.ide.mcu.externaltools.gnu-tools-for-stm32.10.3-2021.10.win32_1.0.0.202111181127/tools/bin/../lib/gcc/arm-none-eabi/10.3.1/../../../../arm-none-eabi/lib/thumb/v7e-m/nofp\libc_nano.a
LOAD c:/st/stm32cubeide_1.10.1/stm32cubeide/plugins/com.st.stm32cube.ide.mcu.externaltools.gnu-tools-for-stm32.10.3-2021.10.win32_1.0.0.202111181127/tools/bin/../lib/gcc/arm-none-eabi/10.3.1/../../../../arm-none-eabi/lib/thumb/v7e-m/nofp\libnosys.a
END GROUP
LOAD c:/st/stm32cubeide_1.10.1/stm32cubeide/plugins/com.st.stm32cube.ide.mcu.externaltools.gnu-tools-for-stm32.10.3-2021.10.win32_1.0.0.202111181127/tools/bin/../lib/gcc/arm-none-eabi/10.3.1/thumb/v7e-m/nofp/crtend.o
LOAD c:/st/stm32cubeide_1.10.1/stm32cubeide/plugins/com.st.stm32cube.ide.mcu.externaltools.gnu-tools-for-stm32.10.3-2021.10.win32_1.0.0.202111181127/tools/bin/../lib/gcc/arm-none-eabi/10.3.1/thumb/v7e-m/nofp/crtn.o
                0x0000000020010000                _estack = 0x20010000
                0x0000000000000200                _Min_Heap_Size = 0x200
                0x0000000000000400                _Min_Stack_Size = 0x400

.isr_vector     0x0000000008000000      0x194
                0x0000000008000000                . = ALIGN (0x4)
 *(.isr_vector)
 .isr_vector    0x0000000008000000      0x194 ./app/statup_stm32f303re.o
                0x0000000008000000                g_pfnVectors
                0x0000000008000194                . = ALIGN (0x4)

.text           0x0000000008000194      0xb28
                0x0000000008000194                . = ALIGN (0x4)
 *(.text)
 .text          0x0000000008000194       0x40 c:/st/stm32cubeide_1.10.1/stm32cubeide/plugins/com.st.stm32cube.ide.mcu.externaltools.gnu-tools-for-stm32.10.3-2021.10.win32_1.0.0.202111181127/tools/bin/../lib/gcc/arm-none-eabi/10.3.1/thumb/v7e-m/nofp/crtbegin.o
 *(.text*)
 .text.__NVIC_SetPriority
                0x00000000080001d4       0x54 ./app/src/main.o
 .text.main     0x0000000008000228       0xcc ./app/src/main.o
                0x0000000008000228                main
 .text.systick_enable
                0x00000000080002f4       0x3c ./app/src/main.o
                0x00000000080002f4                systick_enable
 .text.SysTick_Handler
                0x0000000008000330       0x1c ./app/src/main.o
                0x0000000008000330                SysTick_Handler
 .text.delay_ms
                0x000000000800034c       0x2a ./app/src/main.o
                0x000000000800034c                delay_ms
 *fill*         0x0000000008000376        0x2 
 .text.get_mtick
                0x0000000008000378       0x14 ./app/src/main.o
                0x0000000008000378                get_mtick
 .text.Reset_Handler
                0x000000000800038c       0x4c ./app/statup_stm32f303re.o
                0x000000000800038c                Reset_Handler
 .text.Default_Handler
                0x00000000080003d8        0x2 ./app/statup_stm32f303re.o
                0x00000000080003d8                RTC_Alarm_IRQHandler
                0x00000000080003d8                TIM8_TRG_COM_IRQHandler
                0x00000000080003d8                TIM8_CC_IRQHandler
                0x00000000080003d8                DebugMon_Handler
                0x00000000080003d8                SPI4_IRQHandler
                0x00000000080003d8                TIM1_CC_IRQHandler
                0x00000000080003d8                HardFault_Handler
                0x00000000080003d8                USB_HP_IRQHandler
                0x00000000080003d8                PVD_IRQHandler
                0x00000000080003d8                TAMP_STAMP_IRQHandler
                0x00000000080003d8                PendSV_Handler
                0x00000000080003d8                NMI_Handler
                0x00000000080003d8                EXTI3_IRQHandler
                0x00000000080003d8                I2C3_ER_IRQHandler
                0x00000000080003d8                USB_HP_CAN_TX_IRQHandler
                0x00000000080003d8                EXTI0_IRQHandler
                0x00000000080003d8                I2C2_EV_IRQHandler
                0x00000000080003d8                FPU_IRQHandler
                0x00000000080003d8                TIM1_UP_TIM16_IRQHandler
                0x00000000080003d8                UsageFault_Handler
                0x00000000080003d8                ADC1_2_IRQHandler
                0x00000000080003d8                SPI1_IRQHandler
                0x00000000080003d8                CAN_SCE_IRQHandler
                0x00000000080003d8                TIM6_DAC_IRQHandler
                0x00000000080003d8                TIM8_UP_IRQHandler
                0x00000000080003d8                DMA2_Channel2_IRQHandler
                0x00000000080003d8                DMA1_Channel4_IRQHandler
                0x00000000080003d8                TIM20_TRG_COM_IRQHandler
                0x00000000080003d8                USART3_IRQHandler
                0x00000000080003d8                DMA1_Channel7_IRQHandler
                0x00000000080003d8                UART5_IRQHandler
                0x00000000080003d8                ADC3_IRQHandler
                0x00000000080003d8                TIM4_IRQHandler
                0x00000000080003d8                CAN_RX1_IRQHandler
                0x00000000080003d8                DMA2_Channel1_IRQHandler
                0x00000000080003d8                I2C1_EV_IRQHandler
                0x00000000080003d8                DMA1_Channel6_IRQHandler
                0x00000000080003d8                UART4_IRQHandler
                0x00000000080003d8                DMA2_Channel4_IRQHandler
                0x00000000080003d8                TIM3_IRQHandler
                0x00000000080003d8                RCC_IRQHandler
                0x00000000080003d8                TIM20_UP_IRQHandler
                0x00000000080003d8                DMA1_Channel1_IRQHandler
                0x00000000080003d8                Default_Handler
                0x00000000080003d8                USBWakeUp_RMP_IRQHandler
                0x00000000080003d8                EXTI15_10_IRQHandler
                0x00000000080003d8                TIM7_IRQHandler
                0x00000000080003d8                I2C3_EV_IRQHandler
                0x00000000080003d8                EXTI9_5_IRQHandler
                0x00000000080003d8                RTC_WKUP_IRQHandler
                0x00000000080003d8                SPI2_IRQHandler
                0x00000000080003d8                USB_LP_CAN_RX0_IRQHandler
                0x00000000080003d8                MemManage_Handler
                0x00000000080003d8                SVC_Handler
                0x00000000080003d8                DMA2_Channel5_IRQHandler
                0x00000000080003d8                DMA1_Channel5_IRQHandler
                0x00000000080003d8                USB_LP_IRQHandler
                0x00000000080003d8                EXTI4_IRQHandler
                0x00000000080003d8                TIM1_TRG_COM_TIM17_IRQHandler
                0x00000000080003d8                DMA1_Channel3_IRQHandler
                0x00000000080003d8                ADC4_IRQHandler
                0x00000000080003d8                WWDG_IRQHandler
                0x00000000080003d8                TIM2_IRQHandler
                0x00000000080003d8                COMP7_IRQHandler
                0x00000000080003d8                COMP1_2_3_IRQHandler
                0x00000000080003d8                EXTI1_IRQHandler
                0x00000000080003d8                USART2_IRQHandler
                0x00000000080003d8                COMP4_5_6_IRQHandler
                0x00000000080003d8                TIM20_BRK_IRQHandler
                0x00000000080003d8                I2C2_ER_IRQHandler
                0x00000000080003d8                DMA1_Channel2_IRQHandler
                0x00000000080003d8                TIM8_BRK_IRQHandler
                0x00000000080003d8                FLASH_IRQHandler
                0x00000000080003d8                TIM20_CC_IRQHandler
                0x00000000080003d8                BusFault_Handler
                0x00000000080003d8                USART1_IRQHandler
                0x00000000080003d8                SPI3_IRQHandler
                0x00000000080003d8                I2C1_ER_IRQHandler
                0x00000000080003d8                FMC_IRQHandler
                0x00000000080003d8                USBWakeUp_IRQHandler
                0x00000000080003d8                DMA2_Channel3_IRQHandler
                0x00000000080003d8                EXTI2_TSC_IRQHandler
                0x00000000080003d8                TIM1_BRK_TIM15_IRQHandler
 *fill*         0x00000000080003da        0x2 
 .text.gpio_clock_enable
                0x00000000080003dc       0xe0 ./driver/src/gpio.o
                0x00000000080003dc                gpio_clock_enable
 .text.reset_io
                0x00000000080004bc       0x2a ./driver/src/gpio.o
                0x00000000080004bc                reset_io
 .text.gpio_config_pin
                0x00000000080004e6       0x6e ./driver/src/gpio.o
                0x00000000080004e6                gpio_config_pin
 .text.gpio_set_pinState
                0x0000000008000554       0x46 ./driver/src/gpio.o
                0x0000000008000554                gpio_set_pinState
 *fill*         0x000000000800059a        0x2 
 .text.I2C_Init
                0x000000000800059c      0x1dc ./driver/src/i2c.o
                0x000000000800059c                I2C_Init
 .text.I2C_Write
                0x0000000008000778      0x11e ./driver/src/i2c.o
                0x0000000008000778                I2C_Write
 .text.I2C_Read
                0x0000000008000896       0xa0 ./driver/src/i2c.o
                0x0000000008000896                I2C_Read
 *fill*         0x0000000008000936        0x2 
 .text.keypad_init
                0x0000000008000938       0x34 ./keypad/keypad.o
                0x0000000008000938                keypad_init
 .text.keypad_inverse_pin_direction
                0x000000000800096c       0xc0 ./keypad/keypad.o
 .text.keypad_config_key_direction
                0x0000000008000a2c       0xc0 ./keypad/keypad.o
 .text.keypad_get_pressedkey
                0x0000000008000aec      0x170 ./keypad/keypad.o
                0x0000000008000aec                keypad_get_pressedkey
 .text.__libc_init_array
                0x0000000008000c5c       0x48 c:/st/stm32cubeide_1.10.1/stm32cubeide/plugins/com.st.stm32cube.ide.mcu.externaltools.gnu-tools-for-stm32.10.3-2021.10.win32_1.0.0.202111181127/tools/bin/../lib/gcc/arm-none-eabi/10.3.1/../../../../arm-none-eabi/lib/thumb/v7e-m/nofp\libc_nano.a(lib_a-init.o)
                0x0000000008000c5c                __libc_init_array
 *(.glue_7)
 .glue_7        0x0000000008000ca4        0x0 linker stubs
 *(.glue_7t)
 .glue_7t       0x0000000008000ca4        0x0 linker stubs
 *(.eh_frame)
 .eh_frame      0x0000000008000ca4        0x0 c:/st/stm32cubeide_1.10.1/stm32cubeide/plugins/com.st.stm32cube.ide.mcu.externaltools.gnu-tools-for-stm32.10.3-2021.10.win32_1.0.0.202111181127/tools/bin/../lib/gcc/arm-none-eabi/10.3.1/thumb/v7e-m/nofp/crtbegin.o
 *(.init)
 .init          0x0000000008000ca4        0x4 c:/st/stm32cubeide_1.10.1/stm32cubeide/plugins/com.st.stm32cube.ide.mcu.externaltools.gnu-tools-for-stm32.10.3-2021.10.win32_1.0.0.202111181127/tools/bin/../lib/gcc/arm-none-eabi/10.3.1/thumb/v7e-m/nofp/crti.o
                0x0000000008000ca4                _init
 .init          0x0000000008000ca8        0x8 c:/st/stm32cubeide_1.10.1/stm32cubeide/plugins/com.st.stm32cube.ide.mcu.externaltools.gnu-tools-for-stm32.10.3-2021.10.win32_1.0.0.202111181127/tools/bin/../lib/gcc/arm-none-eabi/10.3.1/thumb/v7e-m/nofp/crtn.o
 *(.fini)
 .fini          0x0000000008000cb0        0x4 c:/st/stm32cubeide_1.10.1/stm32cubeide/plugins/com.st.stm32cube.ide.mcu.externaltools.gnu-tools-for-stm32.10.3-2021.10.win32_1.0.0.202111181127/tools/bin/../lib/gcc/arm-none-eabi/10.3.1/thumb/v7e-m/nofp/crti.o
                0x0000000008000cb0                _fini
 .fini          0x0000000008000cb4        0x8 c:/st/stm32cubeide_1.10.1/stm32cubeide/plugins/com.st.stm32cube.ide.mcu.externaltools.gnu-tools-for-stm32.10.3-2021.10.win32_1.0.0.202111181127/tools/bin/../lib/gcc/arm-none-eabi/10.3.1/thumb/v7e-m/nofp/crtn.o
                0x0000000008000cbc                . = ALIGN (0x4)
                0x0000000008000cbc                _etext = .

.vfp11_veneer   0x0000000008000cbc        0x0
 .vfp11_veneer  0x0000000008000cbc        0x0 linker stubs

.v4_bx          0x0000000008000cbc        0x0
 .v4_bx         0x0000000008000cbc        0x0 linker stubs

.iplt           0x0000000008000cbc        0x0
 .iplt          0x0000000008000cbc        0x0 c:/st/stm32cubeide_1.10.1/stm32cubeide/plugins/com.st.stm32cube.ide.mcu.externaltools.gnu-tools-for-stm32.10.3-2021.10.win32_1.0.0.202111181127/tools/bin/../lib/gcc/arm-none-eabi/10.3.1/thumb/v7e-m/nofp/crtbegin.o

.rel.dyn        0x0000000008000cbc        0x0
 .rel.iplt      0x0000000008000cbc        0x0 c:/st/stm32cubeide_1.10.1/stm32cubeide/plugins/com.st.stm32cube.ide.mcu.externaltools.gnu-tools-for-stm32.10.3-2021.10.win32_1.0.0.202111181127/tools/bin/../lib/gcc/arm-none-eabi/10.3.1/thumb/v7e-m/nofp/crtbegin.o

.rodata         0x0000000008000cbc        0x0
                0x0000000008000cbc                . = ALIGN (0x4)
 *(.rodata)
 *(.rodata*)
                0x0000000008000cbc                . = ALIGN (0x4)

.ARM.extab
 *(.ARM.extab* .gnu.linkonce.armextab.*)

.ARM            0x0000000008000cbc        0x0
                0x0000000008000cbc                __exidx_start = .
 *(.ARM.exidx*)
                0x0000000008000cbc                __exidx_end = .

.preinit_array  0x0000000008000cbc        0x0
                0x0000000008000cbc                PROVIDE (__preinit_array_start = .)
 *(.preinit_array*)
                0x0000000008000cbc                PROVIDE (__preinit_array_end = .)

.init_array     0x0000000008000cbc        0x4
                0x0000000008000cbc                PROVIDE (__init_array_start = .)
 *(SORT_BY_NAME(.init_array.*))
 *(.init_array*)
 .init_array    0x0000000008000cbc        0x4 c:/st/stm32cubeide_1.10.1/stm32cubeide/plugins/com.st.stm32cube.ide.mcu.externaltools.gnu-tools-for-stm32.10.3-2021.10.win32_1.0.0.202111181127/tools/bin/../lib/gcc/arm-none-eabi/10.3.1/thumb/v7e-m/nofp/crtbegin.o
                0x0000000008000cc0                PROVIDE (__init_array_end = .)

.fini_array     0x0000000008000cc0        0x4
                [!provide]                        PROVIDE (__fini_array_start = .)
 *(SORT_BY_NAME(.fini_array.*))
 *(.fini_array*)
 .fini_array    0x0000000008000cc0        0x4 c:/st/stm32cubeide_1.10.1/stm32cubeide/plugins/com.st.stm32cube.ide.mcu.externaltools.gnu-tools-for-stm32.10.3-2021.10.win32_1.0.0.202111181127/tools/bin/../lib/gcc/arm-none-eabi/10.3.1/thumb/v7e-m/nofp/crtbegin.o
                [!provide]                        PROVIDE (__fini_array_end = .)
                0x0000000008000cc4                _sidata = LOADADDR (.data)

.data           0x0000000020000000       0x10 load address 0x0000000008000cc4
                0x0000000020000000                . = ALIGN (0x4)
                0x0000000020000000                _sdata = .
 *(.data)
 *(.data*)
 .data.SystemCoreClock_
                0x0000000020000000        0x4 ./app/src/main.o
                0x0000000020000000                SystemCoreClock_
 .data.keys     0x0000000020000004        0xc ./keypad/keypad.o
                0x0000000020000004                keys
                0x0000000020000010                . = ALIGN (0x4)
                0x0000000020000010                _edata = .
                0x0000000008000cd4                _siccmram = LOADADDR (.ccmram)

.igot.plt       0x0000000020000010        0x0 load address 0x0000000008000cd4
 .igot.plt      0x0000000020000010        0x0 c:/st/stm32cubeide_1.10.1/stm32cubeide/plugins/com.st.stm32cube.ide.mcu.externaltools.gnu-tools-for-stm32.10.3-2021.10.win32_1.0.0.202111181127/tools/bin/../lib/gcc/arm-none-eabi/10.3.1/thumb/v7e-m/nofp/crtbegin.o

.ccmram         0x0000000010000000        0x0 load address 0x0000000008000cd4
                0x0000000010000000                . = ALIGN (0x4)
                0x0000000010000000                _sccmram = .
 *(.ccmram)
 *(.ccmram*)
                0x0000000010000000                . = ALIGN (0x4)
                0x0000000010000000                _eccmram = .
                0x0000000010000000                . = ALIGN (0x4)

.bss            0x0000000020000010       0x30
                0x0000000020000010                _sbss = .
                0x0000000020000010                __bss_start__ = _sbss
 *(.bss)
 .bss           0x0000000020000010       0x1c c:/st/stm32cubeide_1.10.1/stm32cubeide/plugins/com.st.stm32cube.ide.mcu.externaltools.gnu-tools-for-stm32.10.3-2021.10.win32_1.0.0.202111181127/tools/bin/../lib/gcc/arm-none-eabi/10.3.1/thumb/v7e-m/nofp/crtbegin.o
 *(.bss*)
 .bss.mtick     0x000000002000002c        0x4 ./app/src/main.o
                0x000000002000002c                mtick
 .bss.error     0x0000000020000030        0x4 ./app/src/main.o
                0x0000000020000030                error
 .bss.keypad_port
                0x0000000020000034        0x4 ./keypad/keypad.o
                0x0000000020000034                keypad_port
 .bss.start_pin
                0x0000000020000038        0x4 ./keypad/keypad.o
                0x0000000020000038                start_pin
 .bss.state     0x000000002000003c        0x1 ./keypad/keypad.o
                0x000000002000003c                state
 *(COMMON)
                0x0000000020000040                . = ALIGN (0x4)
 *fill*         0x000000002000003d        0x3 
                0x0000000020000040                _ebss = .
                0x0000000020000040                __bss_end__ = _ebss

._user_heap_stack
                0x0000000020000040      0x600
                0x0000000020000040                . = ALIGN (0x8)
                [!provide]                        PROVIDE (end = .)
                [!provide]                        PROVIDE (_end = .)
                0x0000000020000240                . = (. + _Min_Heap_Size)
 *fill*         0x0000000020000040      0x200 
                0x0000000020000640                . = (. + _Min_Stack_Size)
 *fill*         0x0000000020000240      0x400 
                0x0000000020000640                . = ALIGN (0x8)

/DISCARD/
 libc.a(*)
 libm.a(*)
 libgcc.a(*)

.ARM.attributes
                0x0000000000000000       0x2a
 *(.ARM.attributes)
 .ARM.attributes
                0x0000000000000000       0x1e c:/st/stm32cubeide_1.10.1/stm32cubeide/plugins/com.st.stm32cube.ide.mcu.externaltools.gnu-tools-for-stm32.10.3-2021.10.win32_1.0.0.202111181127/tools/bin/../lib/gcc/arm-none-eabi/10.3.1/thumb/v7e-m/nofp/crti.o
 .ARM.attributes
                0x000000000000001e       0x2e c:/st/stm32cubeide_1.10.1/stm32cubeide/plugins/com.st.stm32cube.ide.mcu.externaltools.gnu-tools-for-stm32.10.3-2021.10.win32_1.0.0.202111181127/tools/bin/../lib/gcc/arm-none-eabi/10.3.1/thumb/v7e-m/nofp/crtbegin.o
 .ARM.attributes
                0x000000000000004c       0x2e ./app/src/main.o
 .ARM.attributes
                0x000000000000007a       0x21 ./app/statup_stm32f303re.o
 .ARM.attributes
                0x000000000000009b       0x2e ./driver/src/gpio.o
 .ARM.attributes
                0x00000000000000c9       0x2e ./driver/src/i2c.o
 .ARM.attributes
                0x00000000000000f7       0x2e ./keypad/keypad.o
 .ARM.attributes
                0x0000000000000125       0x2e c:/st/stm32cubeide_1.10.1/stm32cubeide/plugins/com.st.stm32cube.ide.mcu.externaltools.gnu-tools-for-stm32.10.3-2021.10.win32_1.0.0.202111181127/tools/bin/../lib/gcc/arm-none-eabi/10.3.1/../../../../arm-none-eabi/lib/thumb/v7e-m/nofp\libc_nano.a(lib_a-init.o)
 .ARM.attributes
                0x0000000000000153       0x1e c:/st/stm32cubeide_1.10.1/stm32cubeide/plugins/com.st.stm32cube.ide.mcu.externaltools.gnu-tools-for-stm32.10.3-2021.10.win32_1.0.0.202111181127/tools/bin/../lib/gcc/arm-none-eabi/10.3.1/thumb/v7e-m/nofp/crtn.o
OUTPUT(WiSe2223_GruppeK3_s_Projektaufgabe_Digitalihr.elf elf32-littlearm)
LOAD linker stubs
LOAD c:/st/stm32cubeide_1.10.1/stm32cubeide/plugins/com.st.stm32cube.ide.mcu.externaltools.gnu-tools-for-stm32.10.3-2021.10.win32_1.0.0.202111181127/tools/bin/../lib/gcc/arm-none-eabi/10.3.1/../../../../arm-none-eabi/lib/thumb/v7e-m/nofp\libc.a
LOAD c:/st/stm32cubeide_1.10.1/stm32cubeide/plugins/com.st.stm32cube.ide.mcu.externaltools.gnu-tools-for-stm32.10.3-2021.10.win32_1.0.0.202111181127/tools/bin/../lib/gcc/arm-none-eabi/10.3.1/../../../../arm-none-eabi/lib/thumb/v7e-m/nofp\libm.a
LOAD c:/st/stm32cubeide_1.10.1/stm32cubeide/plugins/com.st.stm32cube.ide.mcu.externaltools.gnu-tools-for-stm32.10.3-2021.10.win32_1.0.0.202111181127/tools/bin/../lib/gcc/arm-none-eabi/10.3.1/thumb/v7e-m/nofp\libgcc.a

.debug_info     0x0000000000000000     0x183c
 .debug_info    0x0000000000000000      0xb5d ./app/src/main.o
 .debug_info    0x0000000000000b5d       0x22 ./app/statup_stm32f303re.o
 .debug_info    0x0000000000000b7f      0x3f7 ./driver/src/gpio.o
 .debug_info    0x0000000000000f76      0x475 ./driver/src/i2c.o
 .debug_info    0x00000000000013eb      0x451 ./keypad/keypad.o

.debug_abbrev   0x0000000000000000      0x662
 .debug_abbrev  0x0000000000000000      0x267 ./app/src/main.o
 .debug_abbrev  0x0000000000000267       0x12 ./app/statup_stm32f303re.o
 .debug_abbrev  0x0000000000000279      0x11b ./driver/src/gpio.o
 .debug_abbrev  0x0000000000000394      0x159 ./driver/src/i2c.o
 .debug_abbrev  0x00000000000004ed      0x175 ./keypad/keypad.o

.debug_aranges  0x0000000000000000      0x118
 .debug_aranges
                0x0000000000000000       0x48 ./app/src/main.o
 .debug_aranges
                0x0000000000000048       0x28 ./app/statup_stm32f303re.o
 .debug_aranges
                0x0000000000000070       0x38 ./driver/src/gpio.o
 .debug_aranges
                0x00000000000000a8       0x38 ./driver/src/i2c.o
 .debug_aranges
                0x00000000000000e0       0x38 ./keypad/keypad.o

.debug_ranges   0x0000000000000000       0xd0
 .debug_ranges  0x0000000000000000       0x38 ./app/src/main.o
 .debug_ranges  0x0000000000000038       0x20 ./app/statup_stm32f303re.o
 .debug_ranges  0x0000000000000058       0x28 ./driver/src/gpio.o
 .debug_ranges  0x0000000000000080       0x28 ./driver/src/i2c.o
 .debug_ranges  0x00000000000000a8       0x28 ./keypad/keypad.o

.debug_macro    0x0000000000000000    0x17946
 .debug_macro   0x0000000000000000       0xf9 ./app/src/main.o
 .debug_macro   0x00000000000000f9      0xa5a ./app/src/main.o
 .debug_macro   0x0000000000000b53       0x28 ./app/src/main.o
 .debug_macro   0x0000000000000b7b       0x22 ./app/src/main.o
 .debug_macro   0x0000000000000b9d       0x8e ./app/src/main.o
 .debug_macro   0x0000000000000c2b       0x51 ./app/src/main.o
 .debug_macro   0x0000000000000c7c      0x103 ./app/src/main.o
 .debug_macro   0x0000000000000d7f       0x6a ./app/src/main.o
 .debug_macro   0x0000000000000de9      0x1df ./app/src/main.o
 .debug_macro   0x0000000000000fc8       0x1c ./app/src/main.o
 .debug_macro   0x0000000000000fe4       0x22 ./app/src/main.o
 .debug_macro   0x0000000000001006       0xd9 ./app/src/main.o
 .debug_macro   0x00000000000010df     0x102d ./app/src/main.o
 .debug_macro   0x000000000000210c      0x11f ./app/src/main.o
 .debug_macro   0x000000000000222b    0x1535a ./app/src/main.o
 .debug_macro   0x0000000000017585       0x28 ./app/src/main.o
 .debug_macro   0x00000000000175ad       0x34 ./app/src/main.o
 .debug_macro   0x00000000000175e1       0x6d ./app/src/main.o
 .debug_macro   0x000000000001764e       0x34 ./app/src/main.o
 .debug_macro   0x0000000000017682       0xd6 ./driver/src/gpio.o
 .debug_macro   0x0000000000017758       0xe0 ./driver/src/i2c.o
 .debug_macro   0x0000000000017838       0x22 ./driver/src/i2c.o
 .debug_macro   0x000000000001785a       0xec ./keypad/keypad.o

.debug_line     0x0000000000000000     0x1900
 .debug_line    0x0000000000000000      0x644 ./app/src/main.o
 .debug_line    0x0000000000000644       0x78 ./app/statup_stm32f303re.o
 .debug_line    0x00000000000006bc      0x5a8 ./driver/src/gpio.o
 .debug_line    0x0000000000000c64      0x6bb ./driver/src/i2c.o
 .debug_line    0x000000000000131f      0x5e1 ./keypad/keypad.o

.debug_str      0x0000000000000000    0x835f2
 .debug_str     0x0000000000000000    0x8346d ./app/src/main.o
                                      0x8373a (size before relaxing)
 .debug_str     0x000000000008346d       0x2a ./app/statup_stm32f303re.o
                                         0x84 (size before relaxing)
 .debug_str     0x0000000000083497       0x39 ./driver/src/gpio.o
                                      0x83028 (size before relaxing)
 .debug_str     0x00000000000834d0       0x3e ./driver/src/i2c.o
                                      0x82f27 (size before relaxing)
 .debug_str     0x000000000008350e       0xe4 ./keypad/keypad.o
                                      0x830d0 (size before relaxing)

.comment        0x0000000000000000       0x50
 .comment       0x0000000000000000       0x50 ./app/src/main.o
                                         0x51 (size before relaxing)
 .comment       0x0000000000000050       0x51 ./driver/src/gpio.o
 .comment       0x0000000000000050       0x51 ./driver/src/i2c.o
 .comment       0x0000000000000050       0x51 ./keypad/keypad.o

.debug_frame    0x0000000000000000      0x304
 .debug_frame   0x0000000000000000       0xd8 ./app/src/main.o
 .debug_frame   0x00000000000000d8       0xb0 ./driver/src/gpio.o
 .debug_frame   0x0000000000000188       0xa8 ./driver/src/i2c.o
 .debug_frame   0x0000000000000230       0xa8 ./keypad/keypad.o
 .debug_frame   0x00000000000002d8       0x2c c:/st/stm32cubeide_1.10.1/stm32cubeide/plugins/com.st.stm32cube.ide.mcu.externaltools.gnu-tools-for-stm32.10.3-2021.10.win32_1.0.0.202111181127/tools/bin/../lib/gcc/arm-none-eabi/10.3.1/../../../../arm-none-eabi/lib/thumb/v7e-m/nofp\libc_nano.a(lib_a-init.o)
