Archive member included to satisfy reference by file (symbol)

c:/st/stm32cubeide_1.10.1/stm32cubeide/plugins/com.st.stm32cube.ide.mcu.externaltools.gnu-tools-for-stm32.10.3-2021.10.win32_1.0.0.202111181127/tools/bin/../lib/gcc/arm-none-eabi/10.3.1/../../../../arm-none-eabi/lib/thumb/v7e-m/nofp\libc_nano.a(lib_a-exit.o)
                              c:/st/stm32cubeide_1.10.1/stm32cubeide/plugins/com.st.stm32cube.ide.mcu.externaltools.gnu-tools-for-stm32.10.3-2021.10.win32_1.0.0.202111181127/tools/bin/../lib/gcc/arm-none-eabi/10.3.1/../../../../arm-none-eabi/lib/thumb/v7e-m/nofp/crt0.o (exit)
c:/st/stm32cubeide_1.10.1/stm32cubeide/plugins/com.st.stm32cube.ide.mcu.externaltools.gnu-tools-for-stm32.10.3-2021.10.win32_1.0.0.202111181127/tools/bin/../lib/gcc/arm-none-eabi/10.3.1/../../../../arm-none-eabi/lib/thumb/v7e-m/nofp\libc_nano.a(lib_a-impure.o)
                              c:/st/stm32cubeide_1.10.1/stm32cubeide/plugins/com.st.stm32cube.ide.mcu.externaltools.gnu-tools-for-stm32.10.3-2021.10.win32_1.0.0.202111181127/tools/bin/../lib/gcc/arm-none-eabi/10.3.1/../../../../arm-none-eabi/lib/thumb/v7e-m/nofp\libc_nano.a(lib_a-exit.o) (_global_impure_ptr)
c:/st/stm32cubeide_1.10.1/stm32cubeide/plugins/com.st.stm32cube.ide.mcu.externaltools.gnu-tools-for-stm32.10.3-2021.10.win32_1.0.0.202111181127/tools/bin/../lib/gcc/arm-none-eabi/10.3.1/../../../../arm-none-eabi/lib/thumb/v7e-m/nofp\libc_nano.a(lib_a-init.o)
                              c:/st/stm32cubeide_1.10.1/stm32cubeide/plugins/com.st.stm32cube.ide.mcu.externaltools.gnu-tools-for-stm32.10.3-2021.10.win32_1.0.0.202111181127/tools/bin/../lib/gcc/arm-none-eabi/10.3.1/../../../../arm-none-eabi/lib/thumb/v7e-m/nofp/crt0.o (__libc_init_array)
c:/st/stm32cubeide_1.10.1/stm32cubeide/plugins/com.st.stm32cube.ide.mcu.externaltools.gnu-tools-for-stm32.10.3-2021.10.win32_1.0.0.202111181127/tools/bin/../lib/gcc/arm-none-eabi/10.3.1/../../../../arm-none-eabi/lib/thumb/v7e-m/nofp\libc_nano.a(lib_a-memset.o)
                              c:/st/stm32cubeide_1.10.1/stm32cubeide/plugins/com.st.stm32cube.ide.mcu.externaltools.gnu-tools-for-stm32.10.3-2021.10.win32_1.0.0.202111181127/tools/bin/../lib/gcc/arm-none-eabi/10.3.1/../../../../arm-none-eabi/lib/thumb/v7e-m/nofp/crt0.o (memset)
c:/st/stm32cubeide_1.10.1/stm32cubeide/plugins/com.st.stm32cube.ide.mcu.externaltools.gnu-tools-for-stm32.10.3-2021.10.win32_1.0.0.202111181127/tools/bin/../lib/gcc/arm-none-eabi/10.3.1/../../../../arm-none-eabi/lib/thumb/v7e-m/nofp\libc_nano.a(lib_a-sprintf.o)
                              ./app/src/main.o (sprintf)
c:/st/stm32cubeide_1.10.1/stm32cubeide/plugins/com.st.stm32cube.ide.mcu.externaltools.gnu-tools-for-stm32.10.3-2021.10.win32_1.0.0.202111181127/tools/bin/../lib/gcc/arm-none-eabi/10.3.1/../../../../arm-none-eabi/lib/thumb/v7e-m/nofp\libc_nano.a(lib_a-strncmp.o)
                              ./app/src/main.o (strncmp)
c:/st/stm32cubeide_1.10.1/stm32cubeide/plugins/com.st.stm32cube.ide.mcu.externaltools.gnu-tools-for-stm32.10.3-2021.10.win32_1.0.0.202111181127/tools/bin/../lib/gcc/arm-none-eabi/10.3.1/../../../../arm-none-eabi/lib/thumb/v7e-m/nofp\libc_nano.a(lib_a-nano-svfprintf.o)
                              c:/st/stm32cubeide_1.10.1/stm32cubeide/plugins/com.st.stm32cube.ide.mcu.externaltools.gnu-tools-for-stm32.10.3-2021.10.win32_1.0.0.202111181127/tools/bin/../lib/gcc/arm-none-eabi/10.3.1/../../../../arm-none-eabi/lib/thumb/v7e-m/nofp\libc_nano.a(lib_a-sprintf.o) (_svfprintf_r)
c:/st/stm32cubeide_1.10.1/stm32cubeide/plugins/com.st.stm32cube.ide.mcu.externaltools.gnu-tools-for-stm32.10.3-2021.10.win32_1.0.0.202111181127/tools/bin/../lib/gcc/arm-none-eabi/10.3.1/../../../../arm-none-eabi/lib/thumb/v7e-m/nofp\libc_nano.a(lib_a-nano-vfprintf_i.o)
                              c:/st/stm32cubeide_1.10.1/stm32cubeide/plugins/com.st.stm32cube.ide.mcu.externaltools.gnu-tools-for-stm32.10.3-2021.10.win32_1.0.0.202111181127/tools/bin/../lib/gcc/arm-none-eabi/10.3.1/../../../../arm-none-eabi/lib/thumb/v7e-m/nofp\libc_nano.a(lib_a-nano-svfprintf.o) (_printf_i)
c:/st/stm32cubeide_1.10.1/stm32cubeide/plugins/com.st.stm32cube.ide.mcu.externaltools.gnu-tools-for-stm32.10.3-2021.10.win32_1.0.0.202111181127/tools/bin/../lib/gcc/arm-none-eabi/10.3.1/../../../../arm-none-eabi/lib/thumb/v7e-m/nofp\libc_nano.a(lib_a-memchr.o)
                              c:/st/stm32cubeide_1.10.1/stm32cubeide/plugins/com.st.stm32cube.ide.mcu.externaltools.gnu-tools-for-stm32.10.3-2021.10.win32_1.0.0.202111181127/tools/bin/../lib/gcc/arm-none-eabi/10.3.1/../../../../arm-none-eabi/lib/thumb/v7e-m/nofp\libc_nano.a(lib_a-nano-svfprintf.o) (memchr)
c:/st/stm32cubeide_1.10.1/stm32cubeide/plugins/com.st.stm32cube.ide.mcu.externaltools.gnu-tools-for-stm32.10.3-2021.10.win32_1.0.0.202111181127/tools/bin/../lib/gcc/arm-none-eabi/10.3.1/../../../../arm-none-eabi/lib/thumb/v7e-m/nofp\libc_nano.a(lib_a-memcpy-stub.o)
[...]
Memory Configuration

Name             Origin             Length             Attributes
FLASH            0x0000000008000000 0x0000000000080000 xr
RAM              0x0000000020000000 0x0000000000010000 xrw
CCMRAM           0x0000000010000000 0x0000000000004000 rw
*default*        0x0000000000000000 0xffffffffffffffff

Linker script and memory map

LOAD c:/st/stm32cubeide_1.10.1/stm32cubeide/plugins/com.st.stm32cube.ide.mcu.externaltools.gnu-tools-for-stm32.10.3-2021.10.win32_1.0.0.202111181127/tools/bin/../lib/gcc/arm-none-eabi/10.3.1/thumb/v7e-m/nofp/crti.o
LOAD c:/st/stm32cubeide_1.10.1/stm32cubeide/plugins/com.st.stm32cube.ide.mcu.externaltools.gnu-tools-for-stm32.10.3-2021.10.win32_1.0.0.202111181127/tools/bin/../lib/gcc/arm-none-eabi/10.3.1/thumb/v7e-m/nofp/crtbegin.o
LOAD c:/st/stm32cubeide_1.10.1/stm32cubeide/plugins/com.st.stm32cube.ide.mcu.externaltools.gnu-tools-for-stm32.10.3-2021.10.win32_1.0.0.202111181127/tools/bin/../lib/gcc/arm-none-eabi/10.3.1/../../../../arm-none-eabi/lib/thumb/v7e-m/nofp/crt0.o
LOAD ./app/src/main.o
LOAD ./app/statup_stm32f303re.o
LOAD ./display/display.o
LOAD ./display/fonts.o
LOAD ./driver/src/gpio.o
LOAD ./driver/src/i2c.o
LOAD ./keypad/keypad.o
LOAD ./rtc/rtc.o
START GROUP
LOAD c:/st/stm32cubeide_1.10.1/stm32cubeide/plugins/com.st.stm32cube.ide.mcu.externaltools.gnu-tools-for-stm32.10.3-2021.10.win32_1.0.0.202111181127/tools/bin/../lib/gcc/arm-none-eabi/10.3.1/../../../../arm-none-eabi/lib/thumb/v7e-m/nofp\libc_nano.a
LOAD c:/st/stm32cubeide_1.10.1/stm32cubeide/plugins/com.st.stm32cube.ide.mcu.externaltools.gnu-tools-for-stm32.10.3-2021.10.win32_1.0.0.202111181127/tools/bin/../lib/gcc/arm-none-eabi/10.3.1/../../../../arm-none-eabi/lib/thumb/v7e-m/nofp\libm.a
END GROUP
START GROUP
LOAD c:/st/stm32cubeide_1.10.1/stm32cubeide/plugins/com.st.stm32cube.ide.mcu.externaltools.gnu-tools-for-stm32.10.3-2021.10.win32_1.0.0.202111181127/tools/bin/../lib/gcc/arm-none-eabi/10.3.1/thumb/v7e-m/nofp\libgcc.a
LOAD c:/st/stm32cubeide_1.10.1/stm32cubeide/plugins/com.st.stm32cube.ide.mcu.externaltools.gnu-tools-for-stm32.10.3-2021.10.win32_1.0.0.202111181127/tools/bin/../lib/gcc/arm-none-eabi/10.3.1/../../../../arm-none-eabi/lib/thumb/v7e-m/nofp\libc_nano.a
END GROUP
START GROUP
LOAD c:/st/stm32cubeide_1.10.1/stm32cubeide/plugins/com.st.stm32cube.ide.mcu.externaltools.gnu-tools-for-stm32.10.3-2021.10.win32_1.0.0.202111181127/tools/bin/../lib/gcc/arm-none-eabi/10.3.1/thumb/v7e-m/nofp\libgcc.a
LOAD c:/st/stm32cubeide_1.10.1/stm32cubeide/plugins/com.st.stm32cube.ide.mcu.externaltools.gnu-tools-for-stm32.10.3-2021.10.win32_1.0.0.202111181127/tools/bin/../lib/gcc/arm-none-eabi/10.3.1/../../../../arm-none-eabi/lib/thumb/v7e-m/nofp\libc_nano.a
LOAD c:/st/stm32cubeide_1.10.1/stm32cubeide/plugins/com.st.stm32cube.ide.mcu.externaltools.gnu-tools-for-stm32.10.3-2021.10.win32_1.0.0.202111181127/tools/bin/../lib/gcc/arm-none-eabi/10.3.1/../../../../arm-none-eabi/lib/thumb/v7e-m/nofp\libnosys.a
END GROUP
START GROUP
LOAD c:/st/stm32cubeide_1.10.1/stm32cubeide/plugins/com.st.stm32cube.ide.mcu.externaltools.gnu-tools-for-stm32.10.3-2021.10.win32_1.0.0.202111181127/tools/bin/../lib/gcc/arm-none-eabi/10.3.1/thumb/v7e-m/nofp\libgcc.a
LOAD c:/st/stm32cubeide_1.10.1/stm32cubeide/plugins/com.st.stm32cube.ide.mcu.externaltools.gnu-tools-for-stm32.10.3-2021.10.win32_1.0.0.202111181127/tools/bin/../lib/gcc/arm-none-eabi/10.3.1/../../../../arm-none-eabi/lib/thumb/v7e-m/nofp\libc_nano.a
LOAD c:/st/stm32cubeide_1.10.1/stm32cubeide/plugins/com.st.stm32cube.ide.mcu.externaltools.gnu-tools-for-stm32.10.3-2021.10.win32_1.0.0.202111181127/tools/bin/../lib/gcc/arm-none-eabi/10.3.1/../../../../arm-none-eabi/lib/thumb/v7e-m/nofp\libnosys.a
END GROUP
LOAD c:/st/stm32cubeide_1.10.1/stm32cubeide/plugins/com.st.stm32cube.ide.mcu.externaltools.gnu-tools-for-stm32.10.3-2021.10.win32_1.0.0.202111181127/tools/bin/../lib/gcc/arm-none-eabi/10.3.1/thumb/v7e-m/nofp/crtend.o
LOAD c:/st/stm32cubeide_1.10.1/stm32cubeide/plugins/com.st.stm32cube.ide.mcu.externaltools.gnu-tools-for-stm32.10.3-2021.10.win32_1.0.0.202111181127/tools/bin/../lib/gcc/arm-none-eabi/10.3.1/thumb/v7e-m/nofp/crtn.o
                0x0000000020010000                _estack = 0x20010000
                0x0000000000000200                _Min_Heap_Size = 0x200
                0x0000000000000400                _Min_Stack_Size = 0x400

.isr_vector     0x0000000008000000      0x194
                0x0000000008000000                . = ALIGN (0x4)
 *(.isr_vector)
 .isr_vector    0x0000000008000000      0x194 ./app/statup_stm32f303re.o
                0x0000000008000000                g_pfnVectors
                0x0000000008000194                . = ALIGN (0x4)

.text           0x00000000080001a0     0x2874
                0x00000000080001a0                . = ALIGN (0x4)
 *(.text)
 .text          0x00000000080001a0       0x40 c:/st/stm32cubeide_1.10.1/stm32cubeide/plugins/com.st.stm32cube.ide.mcu.externaltools.gnu-tools-for-stm32.10.3-2021.10.win32_1.0.0.202111181127/tools/bin/../lib/gcc/arm-none-eabi/10.3.1/thumb/v7e-m/nofp/crtbegin.o
 .text          0x00000000080001e0       0xa0 c:/st/stm32cubeide_1.10.1/stm32cubeide/plugins/com.st.stm32cube.ide.mcu.externaltools.gnu-tools-for-stm32.10.3-2021.10.win32_1.0.0.202111181127/tools/bin/../lib/gcc/arm-none-eabi/10.3.1/../../../../arm-none-eabi/lib/thumb/v7e-m/nofp\libc_nano.a(lib_a-memchr.o)
                0x00000000080001e0                memchr
 *(.text*)
 .text.__NVIC_SetPriority
                0x0000000008000280       0x54 ./app/src/main.o
 .text.my_alarm1_callback
                0x00000000080002d4       0x14 ./app/src/main.o
                0x00000000080002d4                my_alarm1_callback
 .text.main     0x00000000080002e8      0x7c0 ./app/src/main.o
                0x00000000080002e8                main
 .text.handle_user_input
                0x0000000008000aa8       0x38 ./app/src/main.o
                0x0000000008000aa8                handle_user_input
 .text.key_to_digit
                0x0000000008000ae0       0x18 ./app/src/main.o
 .text.handle_2_digit_input
                0x0000000008000af8      0x144 ./app/src/main.o
                0x0000000008000af8                handle_2_digit_input
 .text.systick_enable
                0x0000000008000c3c       0x3c ./app/src/main.o
                0x0000000008000c3c                systick_enable
 .text.SysTick_Handler
                0x0000000008000c78       0x1c ./app/src/main.o
                0x0000000008000c78                SysTick_Handler
 .text.delay_ms
                0x0000000008000c94       0x2a ./app/src/main.o
                0x0000000008000c94                delay_ms
 *fill*         0x0000000008000cbe        0x2 
 .text.get_mtick
                0x0000000008000cc0       0x14 ./app/src/main.o
                0x0000000008000cc0                get_mtick
 .text.Reset_Handler
                0x0000000008000cd4       0x4c ./app/statup_stm32f303re.o
                0x0000000008000cd4                Reset_Handler
 .text.Default_Handler
                0x0000000008000d20        0x2 ./app/statup_stm32f303re.o
                0x0000000008000d20                RTC_Alarm_IRQHandler
                0x0000000008000d20                TIM8_TRG_COM_IRQHandler
                0x0000000008000d20                TIM8_CC_IRQHandler
                0x0000000008000d20                DebugMon_Handler
                0x0000000008000d20                SPI4_IRQHandler
                0x0000000008000d20                TIM1_CC_IRQHandler
                0x0000000008000d20                HardFault_Handler
                0x0000000008000d20                USB_HP_IRQHandler
                0x0000000008000d20                PVD_IRQHandler
                0x0000000008000d20                TAMP_STAMP_IRQHandler
                0x0000000008000d20                PendSV_Handler
                0x0000000008000d20                NMI_Handler
                0x0000000008000d20                EXTI3_IRQHandler
                0x0000000008000d20                I2C3_ER_IRQHandler
                0x0000000008000d20                USB_HP_CAN_TX_IRQHandler
                0x0000000008000d20                EXTI0_IRQHandler
                0x0000000008000d20                I2C2_EV_IRQHandler
                0x0000000008000d20                FPU_IRQHandler
                0x0000000008000d20                TIM1_UP_TIM16_IRQHandler
                0x0000000008000d20                UsageFault_Handler
                0x0000000008000d20                ADC1_2_IRQHandler
                0x0000000008000d20                SPI1_IRQHandler
                0x0000000008000d20                CAN_SCE_IRQHandler
                0x0000000008000d20                TIM6_DAC_IRQHandler
                0x0000000008000d20                TIM8_UP_IRQHandler
                0x0000000008000d20                DMA2_Channel2_IRQHandler
                0x0000000008000d20                DMA1_Channel4_IRQHandler
                0x0000000008000d20                TIM20_TRG_COM_IRQHandler
                0x0000000008000d20                USART3_IRQHandler
                0x0000000008000d20                DMA1_Channel7_IRQHandler
                0x0000000008000d20                UART5_IRQHandler
                0x0000000008000d20                ADC3_IRQHandler
                0x0000000008000d20                TIM4_IRQHandler
                0x0000000008000d20                CAN_RX1_IRQHandler
                0x0000000008000d20                DMA2_Channel1_IRQHandler
                0x0000000008000d20                I2C1_EV_IRQHandler
                0x0000000008000d20                DMA1_Channel6_IRQHandler
                0x0000000008000d20                UART4_IRQHandler
                0x0000000008000d20                DMA2_Channel4_IRQHandler
                0x0000000008000d20                TIM3_IRQHandler
                0x0000000008000d20                RCC_IRQHandler
                0x0000000008000d20                TIM20_UP_IRQHandler
                0x0000000008000d20                DMA1_Channel1_IRQHandler
                0x0000000008000d20                Default_Handler
                0x0000000008000d20                USBWakeUp_RMP_IRQHandler
                0x0000000008000d20                EXTI15_10_IRQHandler
                0x0000000008000d20                TIM7_IRQHandler
                0x0000000008000d20                I2C3_EV_IRQHandler
                0x0000000008000d20                EXTI9_5_IRQHandler
                0x0000000008000d20                RTC_WKUP_IRQHandler
                0x0000000008000d20                SPI2_IRQHandler
                0x0000000008000d20                USB_LP_CAN_RX0_IRQHandler
                0x0000000008000d20                MemManage_Handler
                0x0000000008000d20                SVC_Handler
                0x0000000008000d20                DMA2_Channel5_IRQHandler
                0x0000000008000d20                DMA1_Channel5_IRQHandler
                0x0000000008000d20                USB_LP_IRQHandler
                0x0000000008000d20                EXTI4_IRQHandler
                0x0000000008000d20                TIM1_TRG_COM_TIM17_IRQHandler
                0x0000000008000d20                DMA1_Channel3_IRQHandler
                0x0000000008000d20                ADC4_IRQHandler
                0x0000000008000d20                WWDG_IRQHandler
                0x0000000008000d20                TIM2_IRQHandler
                0x0000000008000d20                COMP7_IRQHandler
                0x0000000008000d20                COMP1_2_3_IRQHandler
                0x0000000008000d20                EXTI1_IRQHandler
                0x0000000008000d20                USART2_IRQHandler
                0x0000000008000d20                COMP4_5_6_IRQHandler
                0x0000000008000d20                TIM20_BRK_IRQHandler
                0x0000000008000d20                I2C2_ER_IRQHandler
                0x0000000008000d20                DMA1_Channel2_IRQHandler
                0x0000000008000d20                TIM8_BRK_IRQHandler
                0x0000000008000d20                FLASH_IRQHandler
                0x0000000008000d20                TIM20_CC_IRQHandler
                0x0000000008000d20                BusFault_Handler
                0x0000000008000d20                USART1_IRQHandler
                0x0000000008000d20                SPI3_IRQHandler
                0x0000000008000d20                I2C1_ER_IRQHandler
                0x0000000008000d20                FMC_IRQHandler
                0x0000000008000d20                USBWakeUp_IRQHandler
                0x0000000008000d20                DMA2_Channel3_IRQHandler
                0x0000000008000d20                EXTI2_TSC_IRQHandler
                0x0000000008000d20                TIM1_BRK_TIM15_IRQHandler
 .text.Display_DrawBitmap
                0x0000000008000d22       0xc0 ./display/display.o
                0x0000000008000d22                Display_DrawBitmap
 .text.Display_Init
                0x0000000008000de2      0x21c ./display/display.o
                0x0000000008000de2                Display_Init
 .text.Display_UpdateScreen
                0x0000000008000ffe       0x70 ./display/display.o
                0x0000000008000ffe                Display_UpdateScreen
 .text.Display_Fill
                0x000000000800106e       0x2e ./display/display.o
                0x000000000800106e                Display_Fill
 .text.Display_DrawPixel
                0x000000000800109c       0xca ./display/display.o
                0x000000000800109c                Display_DrawPixel
 .text.Display_GotoXY
                0x0000000008001166       0x2a ./display/display.o
                0x0000000008001166                Display_GotoXY
 .text.Display_Putc
                0x0000000008001190      0x10e ./display/display.o
                0x0000000008001190                Display_Putc
 .text.Display_Puts
                0x000000000800129e       0x4a ./display/display.o
                0x000000000800129e                Display_Puts
 .text.Display_Clear
                0x00000000080012e8       0x1e ./display/display.o
                0x00000000080012e8                Display_Clear
 .text.Display_I2C_WriteMulti
                0x0000000008001306      0x11a ./display/display.o
                0x0000000008001306                Display_I2C_WriteMulti
 .text.Display_I2C_Write
                0x0000000008001420       0xae ./display/display.o
                0x0000000008001420                Display_I2C_Write
 *fill*         0x00000000080014ce        0x2 
 .text.gpio_clock_enable
                0x00000000080014d0       0xe0 ./driver/src/gpio.o
                0x00000000080014d0                gpio_clock_enable
 .text.reset_io
                0x00000000080015b0       0x2a ./driver/src/gpio.o
                0x00000000080015b0                reset_io
 .text.gpio_config_pin
                0x00000000080015da       0x6e ./driver/src/gpio.o
                0x00000000080015da                gpio_config_pin
 .text.gpio_set_pinState
                0x0000000008001648       0x46 ./driver/src/gpio.o
                0x0000000008001648                gpio_set_pinState
 *fill*         0x000000000800168e        0x2 
 .text.I2C_Init
                0x0000000008001690      0x1dc ./driver/src/i2c.o
                0x0000000008001690                I2C_Init
 .text.I2C_Write
                0x000000000800186c       0x92 ./driver/src/i2c.o
                0x000000000800186c                I2C_Write
 .text.I2C_Read
                0x00000000080018fe       0x96 ./driver/src/i2c.o
                0x00000000080018fe                I2C_Read
 .text.keypad_init
                0x0000000008001994       0x34 ./keypad/keypad.o
                0x0000000008001994                keypad_init
 .text.keypad_config_key_direction
                0x00000000080019c8       0xd8 ./keypad/keypad.o
 .text.keypad_inverse_pin_direction
                0x0000000008001aa0       0xd8 ./keypad/keypad.o
 .text.keypad_get_pressedkey
                0x0000000008001b78      0x164 ./keypad/keypad.o
                0x0000000008001b78                keypad_get_pressedkey
 .text.rtc_write_reg
                0x0000000008001cdc       0x38 ./rtc/rtc.o
 .text.rtc_init
                0x0000000008001d14       0x1c ./rtc/rtc.o
                0x0000000008001d14                rtc_init
 .text.rtc_get_reg
                0x0000000008001d30       0x3c ./rtc/rtc.o
                0x0000000008001d30                rtc_get_reg
 .text.rtc_get_time
                0x0000000008001d6c       0xf8 ./rtc/rtc.o
                0x0000000008001d6c                rtc_get_time
 .text.rtc_get_date
                0x0000000008001e64       0x96 ./rtc/rtc.o
                0x0000000008001e64                rtc_get_date
 *fill*         0x0000000008001efa        0x2 
 .text.rtc_set_alarm
                0x0000000008001efc      0x124 ./rtc/rtc.o
                0x0000000008001efc                rtc_set_alarm
 .text.rtc_is_alarm_set
                0x0000000008002020       0x2e ./rtc/rtc.o
                0x0000000008002020                rtc_is_alarm_set
 *fill*         0x000000000800204e        0x2 
 .text.rtc_set_alarm_callback
                0x0000000008002050       0x1c ./rtc/rtc.o
                0x0000000008002050                rtc_set_alarm_callback
 .text.rtc_update
                0x000000000800206c       0x1c ./rtc/rtc.o
                0x000000000800206c                rtc_update
 .text.__libc_init_array
                0x0000000008002088       0x48 c:/st/stm32cubeide_1.10.1/stm32cubeide/plugins/com.st.stm32cube.ide.mcu.externaltools.gnu-tools-for-stm32.10.3-2021.10.win32_1.0.0.202111181127/tools/bin/../lib/gcc/arm-none-eabi/10.3.1/../../../../arm-none-eabi/lib/thumb/v7e-m/nofp\libc_nano.a(lib_a-init.o)
                0x0000000008002088                __libc_init_array
 .text.memset   0x00000000080020d0       0x10 c:/st/stm32cubeide_1.10.1/stm32cubeide/plugins/com.st.stm32cube.ide.mcu.externaltools.gnu-tools-for-stm32.10.3-2021.10.win32_1.0.0.202111181127/tools/bin/../lib/gcc/arm-none-eabi/10.3.1/../../../../arm-none-eabi/lib/thumb/v7e-m/nofp\libc_nano.a(lib_a-memset.o)
                0x00000000080020d0                memset
 .text.sprintf  0x00000000080020e0       0x40 c:/st/stm32cubeide_1.10.1/stm32cubeide/plugins/com.st.stm32cube.ide.mcu.externaltools.gnu-tools-for-stm32.10.3-2021.10.win32_1.0.0.202111181127/tools/bin/../lib/gcc/arm-none-eabi/10.3.1/../../../../arm-none-eabi/lib/thumb/v7e-m/nofp\libc_nano.a(lib_a-sprintf.o)
                0x00000000080020e0                siprintf
                0x00000000080020e0                sprintf
 .text.strncmp  0x0000000008002120       0x28 c:/st/stm32cubeide_1.10.1/stm32cubeide/plugins/com.st.stm32cube.ide.mcu.externaltools.gnu-tools-for-stm32.10.3-2021.10.win32_1.0.0.202111181127/tools/bin/../lib/gcc/arm-none-eabi/10.3.1/../../../../arm-none-eabi/lib/thumb/v7e-m/nofp\libc_nano.a(lib_a-strncmp.o)
                0x0000000008002120                strncmp
 .text.__ssputs_r
                0x0000000008002148       0xb6 c:/st/stm32cubeide_1.10.1/stm32cubeide/plugins/com.st.stm32cube.ide.mcu.externaltools.gnu-tools-for-stm32.10.3-2021.10.win32_1.0.0.202111181127/tools/bin/../lib/gcc/arm-none-eabi/10.3.1/../../../../arm-none-eabi/lib/thumb/v7e-m/nofp\libc_nano.a(lib_a-nano-svfprintf.o)
                0x0000000008002148                __ssputs_r
 *fill*         0x00000000080021fe        0x2 
 .text._svfprintf_r
                0x0000000008002200      0x200 c:/st/stm32cubeide_1.10.1/stm32cubeide/plugins/com.st.stm32cube.ide.mcu.externaltools.gnu-tools-for-stm32.10.3-2021.10.win32_1.0.0.202111181127/tools/bin/../lib/gcc/arm-none-eabi/10.3.1/../../../../arm-none-eabi/lib/thumb/v7e-m/nofp\libc_nano.a(lib_a-nano-svfprintf.o)
                0x0000000008002200                _svfiprintf_r
                0x0000000008002200                _svfprintf_r
 .text._printf_common
                0x0000000008002400       0xda c:/st/stm32cubeide_1.10.1/stm32cubeide/plugins/com.st.stm32cube.ide.mcu.externaltools.gnu-tools-for-stm32.10.3-2021.10.win32_1.0.0.202111181127/tools/bin/../lib/gcc/arm-none-eabi/10.3.1/../../../../arm-none-eabi/lib/thumb/v7e-m/nofp\libc_nano.a(lib_a-nano-vfprintf_i.o)
                0x0000000008002400                _printf_common
 *fill*         0x00000000080024da        0x2 
 .text._printf_i
                0x00000000080024dc      0x24c c:/st/stm32cubeide_1.10.1/stm32cubeide/plugins/com.st.stm32cube.ide.mcu.externaltools.gnu-tools-for-stm32.10.3-2021.10.win32_1.0.0.202111181127/tools/bin/../lib/gcc/arm-none-eabi/10.3.1/../../../../arm-none-eabi/lib/thumb/v7e-m/nofp\libc_nano.a(lib_a-nano-vfprintf_i.o)
                0x00000000080024dc                _printf_i
 .text.memcpy   0x0000000008002728       0x1c c:/st/stm32cubeide_1.10.1/stm32cubeide/plugins/com.st.stm32cube.ide.mcu.externaltools.gnu-tools-for-stm32.10.3-2021.10.win32_1.0.0.202111181127/tools/bin/../lib/gcc/arm-none-eabi/10.3.1/../../../../arm-none-eabi/lib/thumb/v7e-m/nofp\libc_nano.a(lib_a-memcpy-stub.o)
                0x0000000008002728                memcpy
 .text.memmove  0x0000000008002744       0x34 c:/st/stm32cubeide_1.10.1/stm32cubeide/plugins/com.st.stm32cube.ide.mcu.externaltools.gnu-tools-for-stm32.10.3-2021.10.win32_1.0.0.202111181127/tools/bin/../lib/gcc/arm-none-eabi/10.3.1/../../../../arm-none-eabi/lib/thumb/v7e-m/nofp\libc_nano.a(lib_a-memmove.o)
                0x0000000008002744                memmove
 .text._free_r  0x0000000008002778       0x94 c:/st/stm32cubeide_1.10.1/stm32cubeide/plugins/com.st.stm32cube.ide.mcu.externaltools.gnu-tools-for-stm32.10.3-2021.10.win32_1.0.0.202111181127/tools/bin/../lib/gcc/arm-none-eabi/10.3.1/../../../../arm-none-eabi/lib/thumb/v7e-m/nofp\libc_nano.a(lib_a-nano-freer.o)
                0x0000000008002778                _free_r
 .text.sbrk_aligned
                0x000000000800280c       0x40 c:/st/stm32cubeide_1.10.1/stm32cubeide/plugins/com.st.stm32cube.ide.mcu.externaltools.gnu-tools-for-stm32.10.3-2021.10.win32_1.0.0.202111181127/tools/bin/../lib/gcc/arm-none-eabi/10.3.1/../../../../arm-none-eabi/lib/thumb/v7e-m/nofp\libc_nano.a(lib_a-nano-mallocr.o)
 .text._malloc_r
                0x000000000800284c       0xe8 c:/st/stm32cubeide_1.10.1/stm32cubeide/plugins/com.st.stm32cube.ide.mcu.externaltools.gnu-tools-for-stm32.10.3-2021.10.win32_1.0.0.202111181127/tools/bin/../lib/gcc/arm-none-eabi/10.3.1/../../../../arm-none-eabi/lib/thumb/v7e-m/nofp\libc_nano.a(lib_a-nano-mallocr.o)
                0x000000000800284c                _malloc_r
 .text._realloc_r
                0x0000000008002934       0x5e c:/st/stm32cubeide_1.10.1/stm32cubeide/plugins/com.st.stm32cube.ide.mcu.externaltools.gnu-tools-for-stm32.10.3-2021.10.win32_1.0.0.202111181127/tools/bin/../lib/gcc/arm-none-eabi/10.3.1/../../../../arm-none-eabi/lib/thumb/v7e-m/nofp\libc_nano.a(lib_a-nano-reallocr.o)
                0x0000000008002934                _realloc_r
 *fill*         0x0000000008002992        0x2 
 .text._sbrk_r  0x0000000008002994       0x20 c:/st/stm32cubeide_1.10.1/stm32cubeide/plugins/com.st.stm32cube.ide.mcu.externaltools.gnu-tools-for-stm32.10.3-2021.10.win32_1.0.0.202111181127/tools/bin/../lib/gcc/arm-none-eabi/10.3.1/../../../../arm-none-eabi/lib/thumb/v7e-m/nofp\libc_nano.a(lib_a-sbrkr.o)
                0x0000000008002994                _sbrk_r
 .text.__malloc_lock
                0x00000000080029b4        0xc c:/st/stm32cubeide_1.10.1/stm32cubeide/plugins/com.st.stm32cube.ide.mcu.externaltools.gnu-tools-for-stm32.10.3-2021.10.win32_1.0.0.202111181127/tools/bin/../lib/gcc/arm-none-eabi/10.3.1/../../../../arm-none-eabi/lib/thumb/v7e-m/nofp\libc_nano.a(lib_a-mlock.o)
                0x00000000080029b4                __malloc_lock
 .text.__malloc_unlock
                0x00000000080029c0        0xc c:/st/stm32cubeide_1.10.1/stm32cubeide/plugins/com.st.stm32cube.ide.mcu.externaltools.gnu-tools-for-stm32.10.3-2021.10.win32_1.0.0.202111181127/tools/bin/../lib/gcc/arm-none-eabi/10.3.1/../../../../arm-none-eabi/lib/thumb/v7e-m/nofp\libc_nano.a(lib_a-mlock.o)
                0x00000000080029c0                __malloc_unlock
 .text._malloc_usable_size_r
                0x00000000080029cc       0x10 c:/st/stm32cubeide_1.10.1/stm32cubeide/plugins/com.st.stm32cube.ide.mcu.externaltools.gnu-tools-for-stm32.10.3-2021.10.win32_1.0.0.202111181127/tools/bin/../lib/gcc/arm-none-eabi/10.3.1/../../../../arm-none-eabi/lib/thumb/v7e-m/nofp\libc_nano.a(lib_a-nano-msizer.o)
                0x00000000080029cc                _malloc_usable_size_r
 .text.__retarget_lock_acquire_recursive
                0x00000000080029dc        0x2 c:/st/stm32cubeide_1.10.1/stm32cubeide/plugins/com.st.stm32cube.ide.mcu.externaltools.gnu-tools-for-stm32.10.3-2021.10.win32_1.0.0.202111181127/tools/bin/../lib/gcc/arm-none-eabi/10.3.1/../../../../arm-none-eabi/lib/thumb/v7e-m/nofp\libc_nano.a(lib_a-lock.o)
                0x00000000080029dc                __retarget_lock_acquire_recursive
 .text.__retarget_lock_release_recursive
                0x00000000080029de        0x2 c:/st/stm32cubeide_1.10.1/stm32cubeide/plugins/com.st.stm32cube.ide.mcu.externaltools.gnu-tools-for-stm32.10.3-2021.10.win32_1.0.0.202111181127/tools/bin/../lib/gcc/arm-none-eabi/10.3.1/../../../../arm-none-eabi/lib/thumb/v7e-m/nofp\libc_nano.a(lib_a-lock.o)
                0x00000000080029de                __retarget_lock_release_recursive
 .text._sbrk    0x00000000080029e0       0x1c c:/st/stm32cubeide_1.10.1/stm32cubeide/plugins/com.st.stm32cube.ide.mcu.externaltools.gnu-tools-for-stm32.10.3-2021.10.win32_1.0.0.202111181127/tools/bin/../lib/gcc/arm-none-eabi/10.3.1/../../../../arm-none-eabi/lib/thumb/v7e-m/nofp\libnosys.a(sbrk.o)
                0x00000000080029e0                _sbrk
 *(.glue_7)
 .glue_7        0x00000000080029fc        0x0 linker stubs
 *(.glue_7t)
 .glue_7t       0x00000000080029fc        0x0 linker stubs
 *(.eh_frame)
 .eh_frame      0x00000000080029fc        0x0 c:/st/stm32cubeide_1.10.1/stm32cubeide/plugins/com.st.stm32cube.ide.mcu.externaltools.gnu-tools-for-stm32.10.3-2021.10.win32_1.0.0.202111181127/tools/bin/../lib/gcc/arm-none-eabi/10.3.1/thumb/v7e-m/nofp/crtbegin.o
 *(.init)
 .init          0x00000000080029fc        0x4 c:/st/stm32cubeide_1.10.1/stm32cubeide/plugins/com.st.stm32cube.ide.mcu.externaltools.gnu-tools-for-stm32.10.3-2021.10.win32_1.0.0.202111181127/tools/bin/../lib/gcc/arm-none-eabi/10.3.1/thumb/v7e-m/nofp/crti.o
                0x00000000080029fc                _init
 .init          0x0000000008002a00        0x8 c:/st/stm32cubeide_1.10.1/stm32cubeide/plugins/com.st.stm32cube.ide.mcu.externaltools.gnu-tools-for-stm32.10.3-2021.10.win32_1.0.0.202111181127/tools/bin/../lib/gcc/arm-none-eabi/10.3.1/thumb/v7e-m/nofp/crtn.o
 *(.fini)
 .fini          0x0000000008002a08        0x4 c:/st/stm32cubeide_1.10.1/stm32cubeide/plugins/com.st.stm32cube.ide.mcu.externaltools.gnu-tools-for-stm32.10.3-2021.10.win32_1.0.0.202111181127/tools/bin/../lib/gcc/arm-none-eabi/10.3.1/thumb/v7e-m/nofp/crti.o
                0x0000000008002a08                _fini
 .fini          0x0000000008002a0c        0x8 c:/st/stm32cubeide_1.10.1/stm32cubeide/plugins/com.st.stm32cube.ide.mcu.externaltools.gnu-tools-for-stm32.10.3-2021.10.win32_1.0.0.202111181127/tools/bin/../lib/gcc/arm-none-eabi/10.3.1/thumb/v7e-m/nofp/crtn.o
                0x0000000008002a14                . = ALIGN (0x4)
                0x0000000008002a14                _etext = .

.vfp11_veneer   0x0000000008002a14        0x0
 .vfp11_veneer  0x0000000008002a14        0x0 linker stubs

.v4_bx          0x0000000008002a14        0x0
 .v4_bx         0x0000000008002a14        0x0 linker stubs

.iplt           0x0000000008002a14        0x0
 .iplt          0x0000000008002a14        0x0 c:/st/stm32cubeide_1.10.1/stm32cubeide/plugins/com.st.stm32cube.ide.mcu.externaltools.gnu-tools-for-stm32.10.3-2021.10.win32_1.0.0.202111181127/tools/bin/../lib/gcc/arm-none-eabi/10.3.1/thumb/v7e-m/nofp/crtbegin.o

.rodata         0x0000000008002a14     0x19d8
                0x0000000008002a14                . = ALIGN (0x4)
 *(.rodata)
 .rodata        0x0000000008002a14       0xce ./app/src/main.o
 *(.rodata*)
 *fill*         0x0000000008002ae2        0x2 
 .rodata.titel_image
                0x0000000008002ae4      0x400 ./app/src/main.o
                0x0000000008002ae4                titel_image
 .rodata.submenu_item_lenght
                0x0000000008002ee4        0xc ./app/src/main.o
                0x0000000008002ee4                submenu_item_lenght
 .rodata.Font7x10
                0x0000000008002ef0      0x76c ./display/fonts.o
 .rodata.Font11x18
                0x000000000800365c      0xd5c ./display/fonts.o
 .rodata._svfprintf_r.str1.1
                0x00000000080043b8       0x11 c:/st/stm32cubeide_1.10.1/stm32cubeide/plugins/com.st.stm32cube.ide.mcu.externaltools.gnu-tools-for-stm32.10.3-2021.10.win32_1.0.0.202111181127/tools/bin/../lib/gcc/arm-none-eabi/10.3.1/../../../../arm-none-eabi/lib/thumb/v7e-m/nofp\libc_nano.a(lib_a-nano-svfprintf.o)
 .rodata._printf_i.str1.1
                0x00000000080043c9       0x22 c:/st/stm32cubeide_1.10.1/stm32cubeide/plugins/com.st.stm32cube.ide.mcu.externaltools.gnu-tools-for-stm32.10.3-2021.10.win32_1.0.0.202111181127/tools/bin/../lib/gcc/arm-none-eabi/10.3.1/../../../../arm-none-eabi/lib/thumb/v7e-m/nofp\libc_nano.a(lib_a-nano-vfprintf_i.o)
                0x00000000080043ec                . = ALIGN (0x4)
 *fill*         0x00000000080043eb        0x1 

.rel.dyn        0x00000000080043ec        0x0
 .rel.iplt      0x00000000080043ec        0x0 c:/st/stm32cubeide_1.10.1/stm32cubeide/plugins/com.st.stm32cube.ide.mcu.externaltools.gnu-tools-for-stm32.10.3-2021.10.win32_1.0.0.202111181127/tools/bin/../lib/gcc/arm-none-eabi/10.3.1/thumb/v7e-m/nofp/crtbegin.o

.ARM.extab
 *(.ARM.extab* .gnu.linkonce.armextab.*)

.ARM            0x00000000080043ec        0x0
                0x00000000080043ec                __exidx_start = .
 *(.ARM.exidx*)
                0x00000000080043ec                __exidx_end = .

.preinit_array  0x00000000080043ec        0x0
                0x00000000080043ec                PROVIDE (__preinit_array_start = .)
 *(.preinit_array*)
                0x00000000080043ec                PROVIDE (__preinit_array_end = .)

.init_array     0x00000000080043ec        0x4
                0x00000000080043ec                PROVIDE (__init_array_start = .)
 *(SORT_BY_NAME(.init_array.*))
 *(.init_array*)
 .init_array    0x00000000080043ec        0x4 c:/st/stm32cubeide_1.10.1/stm32cubeide/plugins/com.st.stm32cube.ide.mcu.externaltools.gnu-tools-for-stm32.10.3-2021.10.win32_1.0.0.202111181127/tools/bin/../lib/gcc/arm-none-eabi/10.3.1/thumb/v7e-m/nofp/crtbegin.o
                0x00000000080043f0                PROVIDE (__init_array_end = .)

.fini_array     0x00000000080043f0        0x4
                [!provide]                        PROVIDE (__fini_array_start = .)
 *(SORT_BY_NAME(.fini_array.*))
 *(.fini_array*)
 .fini_array    0x00000000080043f0        0x4 c:/st/stm32cubeide_1.10.1/stm32cubeide/plugins/com.st.stm32cube.ide.mcu.externaltools.gnu-tools-for-stm32.10.3-2021.10.win32_1.0.0.202111181127/tools/bin/../lib/gcc/arm-none-eabi/10.3.1/thumb/v7e-m/nofp/crtbegin.o
                [!provide]                        PROVIDE (__fini_array_end = .)
                0x00000000080043f4                _sidata = LOADADDR (.data)

.data           0x0000000020000000       0xd8 load address 0x00000000080043f4
                0x0000000020000000                . = ALIGN (0x4)
                0x0000000020000000                _sdata = .
 *(.data)
 *(.data*)
 .data.SystemCoreClock_
                0x0000000020000000        0x4 ./app/src/main.o
                0x0000000020000000                SystemCoreClock_
 .data.MENU     0x0000000020000004        0xc ./app/src/main.o
                0x0000000020000004                MENU
 .data.SUB_MENU_TIME
                0x0000000020000010        0xc ./app/src/main.o
                0x0000000020000010                SUB_MENU_TIME
 .data.SUB_MENU_DATE
                0x000000002000001c        0xc ./app/src/main.o
                0x000000002000001c                SUB_MENU_DATE
 .data.SUB_MENU_PARM
                0x0000000020000028       0x10 ./app/src/main.o
                0x0000000020000028                SUB_MENU_PARM
 .data.SUB_MENU
                0x0000000020000038        0xc ./app/src/main.o
                0x0000000020000038                SUB_MENU
 .data.LED_PORT
                0x0000000020000044        0x4 ./app/src/main.o
                0x0000000020000044                LED_PORT
 .data.LED_TAB  0x0000000020000048        0xc ./app/src/main.o
                0x0000000020000048                LED_TAB
 .data.Font_7x10
                0x0000000020000054        0x8 ./display/fonts.o
                0x0000000020000054                Font_7x10
 .data.Font_11x18
                0x000000002000005c        0x8 ./display/fonts.o
                0x000000002000005c                Font_11x18
 .data.keys     0x0000000020000064       0x10 ./keypad/keypad.o
                0x0000000020000064                keys
 .data._impure_ptr
                0x0000000020000074        0x4 c:/st/stm32cubeide_1.10.1/stm32cubeide/plugins/com.st.stm32cube.ide.mcu.externaltools.gnu-tools-for-stm32.10.3-2021.10.win32_1.0.0.202111181127/tools/bin/../lib/gcc/arm-none-eabi/10.3.1/../../../../arm-none-eabi/lib/thumb/v7e-m/nofp\libc_nano.a(lib_a-impure.o)
                0x0000000020000074                _impure_ptr
 .data.impure_data
                0x0000000020000078       0x60 c:/st/stm32cubeide_1.10.1/stm32cubeide/plugins/com.st.stm32cube.ide.mcu.externaltools.gnu-tools-for-stm32.10.3-2021.10.win32_1.0.0.202111181127/tools/bin/../lib/gcc/arm-none-eabi/10.3.1/../../../../arm-none-eabi/lib/thumb/v7e-m/nofp\libc_nano.a(lib_a-impure.o)
                0x00000000200000d8                . = ALIGN (0x4)
                0x00000000200000d8                _edata = .
                0x00000000080044cc                _siccmram = LOADADDR (.ccmram)

.igot.plt       0x00000000200000d8        0x0 load address 0x00000000080044cc
 .igot.plt      0x00000000200000d8        0x0 c:/st/stm32cubeide_1.10.1/stm32cubeide/plugins/com.st.stm32cube.ide.mcu.externaltools.gnu-tools-for-stm32.10.3-2021.10.win32_1.0.0.202111181127/tools/bin/../lib/gcc/arm-none-eabi/10.3.1/thumb/v7e-m/nofp/crtbegin.o

.ccmram         0x0000000010000000        0x0 load address 0x00000000080044cc
                0x0000000010000000                . = ALIGN (0x4)
                0x0000000010000000                _sccmram = .
 *(.ccmram)
 *(.ccmram*)
                0x0000000010000000                . = ALIGN (0x4)
                0x0000000010000000                _eccmram = .
                0x0000000010000000                . = ALIGN (0x4)

.bss            0x00000000200000d8      0xc8c
                0x00000000200000d8                _sbss = .
                0x00000000200000d8                __bss_start__ = _sbss
 *(.bss)
 .bss           0x00000000200000d8       0x1c c:/st/stm32cubeide_1.10.1/stm32cubeide/plugins/com.st.stm32cube.ide.mcu.externaltools.gnu-tools-for-stm32.10.3-2021.10.win32_1.0.0.202111181127/tools/bin/../lib/gcc/arm-none-eabi/10.3.1/thumb/v7e-m/nofp/crtbegin.o
 *(.bss*)
 .bss.mtick     0x00000000200000f4        0x4 ./app/src/main.o
                0x00000000200000f4                mtick
 .bss.lcd1      0x00000000200000f8      0x40c ./app/src/main.o
                0x00000000200000f8                lcd1
 .bss.lcd2      0x0000000020000504      0x40c ./app/src/main.o
                0x0000000020000504                lcd2
 .bss.lcd3      0x0000000020000910      0x40c ./app/src/main.o
                0x0000000020000910                lcd3
 .bss.sub_state_timer.7
                0x0000000020000d1c        0x4 ./app/src/main.o
 .bss.menu_index.6
                0x0000000020000d20        0x4 ./app/src/main.o
 .bss.menu_index_prev.5
                0x0000000020000d24        0x4 ./app/src/main.o
 .bss.submenu_index.4
                0x0000000020000d28        0x4 ./app/src/main.o
 .bss.selected_sub_menu_item.3
                0x0000000020000d2c        0x4 ./app/src/main.o
 .bss.inp_state.2
                0x0000000020000d30        0x1 ./app/src/main.o
 *fill*         0x0000000020000d31        0x3 
 .bss.input.1   0x0000000020000d34        0x4 ./app/src/main.o
 .bss.keypad_port
                0x0000000020000d38        0x4 ./keypad/keypad.o
                0x0000000020000d38                keypad_port
 .bss.start_pin
                0x0000000020000d3c        0x4 ./keypad/keypad.o
                0x0000000020000d3c                start_pin
 .bss.state     0x0000000020000d40        0x1 ./keypad/keypad.o
                0x0000000020000d40                state
 *fill*         0x0000000020000d41        0x3 
 .bss.rtc_i2c   0x0000000020000d44        0x4 ./rtc/rtc.o
                0x0000000020000d44                rtc_i2c
 .bss.tm        0x0000000020000d48        0x1 ./rtc/rtc.o
                0x0000000020000d48                tm
 *fill*         0x0000000020000d49        0x3 
 .bss.alarm1_callback
                0x0000000020000d4c        0x4 ./rtc/rtc.o
                0x0000000020000d4c                alarm1_callback
 .bss.__malloc_free_list
                0x0000000020000d50        0x4 c:/st/stm32cubeide_1.10.1/stm32cubeide/plugins/com.st.stm32cube.ide.mcu.externaltools.gnu-tools-for-stm32.10.3-2021.10.win32_1.0.0.202111181127/tools/bin/../lib/gcc/arm-none-eabi/10.3.1/../../../../arm-none-eabi/lib/thumb/v7e-m/nofp\libc_nano.a(lib_a-nano-mallocr.o)
                0x0000000020000d50                __malloc_free_list
 .bss.__malloc_sbrk_start
                0x0000000020000d54        0x4 c:/st/stm32cubeide_1.10.1/stm32cubeide/plugins/com.st.stm32cube.ide.mcu.externaltools.gnu-tools-for-stm32.10.3-2021.10.win32_1.0.0.202111181127/tools/bin/../lib/gcc/arm-none-eabi/10.3.1/../../../../arm-none-eabi/lib/thumb/v7e-m/nofp\libc_nano.a(lib_a-nano-mallocr.o)
                0x0000000020000d54                __malloc_sbrk_start
 .bss.errno     0x0000000020000d58        0x4 c:/st/stm32cubeide_1.10.1/stm32cubeide/plugins/com.st.stm32cube.ide.mcu.externaltools.gnu-tools-for-stm32.10.3-2021.10.win32_1.0.0.202111181127/tools/bin/../lib/gcc/arm-none-eabi/10.3.1/../../../../arm-none-eabi/lib/thumb/v7e-m/nofp\libc_nano.a(lib_a-reent.o)
                0x0000000020000d58                errno
 .bss.__lock___malloc_recursive_mutex
                0x0000000020000d5c        0x1 c:/st/stm32cubeide_1.10.1/stm32cubeide/plugins/com.st.stm32cube.ide.mcu.externaltools.gnu-tools-for-stm32.10.3-2021.10.win32_1.0.0.202111181127/tools/bin/../lib/gcc/arm-none-eabi/10.3.1/../../../../arm-none-eabi/lib/thumb/v7e-m/nofp\libc_nano.a(lib_a-lock.o)
                0x0000000020000d5c                __lock___malloc_recursive_mutex
 *fill*         0x0000000020000d5d        0x3 
 .bss.heap_end.0
                0x0000000020000d60        0x4 c:/st/stm32cubeide_1.10.1/stm32cubeide/plugins/com.st.stm32cube.ide.mcu.externaltools.gnu-tools-for-stm32.10.3-2021.10.win32_1.0.0.202111181127/tools/bin/../lib/gcc/arm-none-eabi/10.3.1/../../../../arm-none-eabi/lib/thumb/v7e-m/nofp\libnosys.a(sbrk.o)
 *(COMMON)
                0x0000000020000d64                . = ALIGN (0x4)
                0x0000000020000d64                _ebss = .
                0x0000000020000d64                __bss_end__ = _ebss

._user_heap_stack
                0x0000000020000d64      0x604
                0x0000000020000d68                . = ALIGN (0x8)
 *fill*         0x0000000020000d64        0x4 
                0x0000000020000d68                PROVIDE (end = .)
                [!provide]                        PROVIDE (_end = .)
                0x0000000020000f68                . = (. + _Min_Heap_Size)
 *fill*         0x0000000020000d68      0x200 
                0x0000000020001368                . = (. + _Min_Stack_Size)
 *fill*         0x0000000020000f68      0x400 
                0x0000000020001368                . = ALIGN (0x8)

/DISCARD/
 libc.a(*)
 libm.a(*)
 libgcc.a(*)

.ARM.attributes
                0x0000000000000000       0x2a
 *(.ARM.attributes)
 .ARM.attributes
                0x0000000000000000       0x1e c:/st/stm32cubeide_1.10.1/stm32cubeide/plugins/com.st.stm32cube.ide.mcu.externaltools.gnu-tools-for-stm32.10.3-2021.10.win32_1.0.0.202111181127/tools/bin/../lib/gcc/arm-none-eabi/10.3.1/thumb/v7e-m/nofp/crti.o
 .ARM.attributes
                0x000000000000001e       0x2e c:/st/stm32cubeide_1.10.1/stm32cubeide/plugins/com.st.stm32cube.ide.mcu.externaltools.gnu-tools-for-stm32.10.3-2021.10.win32_1.0.0.202111181127/tools/bin/../lib/gcc/arm-none-eabi/10.3.1/thumb/v7e-m/nofp/crtbegin.o
 .ARM.attributes
                0x000000000000004c       0x2e ./app/src/main.o
 .ARM.attributes
                0x000000000000007a       0x21 ./app/statup_stm32f303re.o
 .ARM.attributes
                0x000000000000009b       0x2e ./display/display.o
 .ARM.attributes
                0x00000000000000c9       0x2e ./display/fonts.o
 .ARM.attributes
                0x00000000000000f7       0x2e ./driver/src/gpio.o
 .ARM.attributes
                0x0000000000000125       0x2e ./driver/src/i2c.o
 .ARM.attributes
                0x0000000000000153       0x2e ./keypad/keypad.o
 .ARM.attributes
                0x0000000000000181       0x2e ./rtc/rtc.o
 .ARM.attributes
                0x00000000000001af       0x2e c:/st/stm32cubeide_1.10.1/stm32cubeide/plugins/com.st.stm32cube.ide.mcu.externaltools.gnu-tools-for-stm32.10.3-2021.10.win32_1.0.0.202111181127/tools/bin/../lib/gcc/arm-none-eabi/10.3.1/../../../../arm-none-eabi/lib/thumb/v7e-m/nofp\libc_nano.a(lib_a-impure.o)
 .ARM.attributes
                0x00000000000001dd       0x2e c:/st/stm32cubeide_1.10.1/stm32cubeide/plugins/com.st.stm32cube.ide.mcu.externaltools.gnu-tools-for-stm32.10.3-2021.10.win32_1.0.0.202111181127/tools/bin/../lib/gcc/arm-none-eabi/10.3.1/../../../../arm-none-eabi/lib/thumb/v7e-m/nofp\libc_nano.a(lib_a-init.o)
 .ARM.attributes
                0x000000000000020b       0x2e c:/st/stm32cubeide_1.10.1/stm32cubeide/plugins/com.st.stm32cube.ide.mcu.externaltools.gnu-tools-for-stm32.10.3-2021.10.win32_1.0.0.202111181127/tools/bin/../lib/gcc/arm-none-eabi/10.3.1/../../../../arm-none-eabi/lib/thumb/v7e-m/nofp\libc_nano.a(lib_a-memset.o)
 .ARM.attributes
                0x0000000000000239       0x2e c:/st/stm32cubeide_1.10.1/stm32cubeide/plugins/com.st.stm32cube.ide.mcu.externaltools.gnu-tools-for-stm32.10.3-2021.10.win32_1.0.0.202111181127/tools/bin/../lib/gcc/arm-none-eabi/10.3.1/../../../../arm-none-eabi/lib/thumb/v7e-m/nofp\libc_nano.a(lib_a-sprintf.o)
 .ARM.attributes
                0x0000000000000267       0x2e c:/st/stm32cubeide_1.10.1/stm32cubeide/plugins/com.st.stm32cube.ide.mcu.externaltools.gnu-tools-for-stm32.10.3-2021.10.win32_1.0.0.202111181127/tools/bin/../lib/gcc/arm-none-eabi/10.3.1/../../../../arm-none-eabi/lib/thumb/v7e-m/nofp\libc_nano.a(lib_a-strncmp.o)
 .ARM.attributes
                0x0000000000000295       0x2e c:/st/stm32cubeide_1.10.1/stm32cubeide/plugins/com.st.stm32cube.ide.mcu.externaltools.gnu-tools-for-stm32.10.3-2021.10.win32_1.0.0.202111181127/tools/bin/../lib/gcc/arm-none-eabi/10.3.1/../../../../arm-none-eabi/lib/thumb/v7e-m/nofp\libc_nano.a(lib_a-nano-svfprintf.o)
 .ARM.attributes
                0x00000000000002c3       0x2e c:/st/stm32cubeide_1.10.1/stm32cubeide/plugins/com.st.stm32cube.ide.mcu.externaltools.gnu-tools-for-stm32.10.3-2021.10.win32_1.0.0.202111181127/tools/bin/../lib/gcc/arm-none-eabi/10.3.1/../../../../arm-none-eabi/lib/thumb/v7e-m/nofp\libc_nano.a(lib_a-nano-vfprintf_i.o)
 .ARM.attributes
                0x00000000000002f1       0x1c c:/st/stm32cubeide_1.10.1/stm32cubeide/plugins/com.st.stm32cube.ide.mcu.externaltools.gnu-tools-for-stm32.10.3-2021.10.win32_1.0.0.202111181127/tools/bin/../lib/gcc/arm-none-eabi/10.3.1/../../../../arm-none-eabi/lib/thumb/v7e-m/nofp\libc_nano.a(lib_a-memchr.o)
 .ARM.attributes
                0x000000000000030d       0x2e c:/st/stm32cubeide_1.10.1/stm32cubeide/plugins/com.st.stm32cube.ide.mcu.externaltools.gnu-tools-for-stm32.10.3-2021.10.win32_1.0.0.202111181127/tools/bin/../lib/gcc/arm-none-eabi/10.3.1/../../../../arm-none-eabi/lib/thumb/v7e-m/nofp\libc_nano.a(lib_a-memcpy-stub.o)
 .ARM.attributes
                0x000000000000033b       0x2e c:/st/stm32cubeide_1.10.1/stm32cubeide/plugins/com.st.stm32cube.ide.mcu.externaltools.gnu-tools-for-stm32.10.3-2021.10.win32_1.0.0.202111181127/tools/bin/../lib/gcc/arm-none-eabi/10.3.1/../../../../arm-none-eabi/lib/thumb/v7e-m/nofp\libc_nano.a(lib_a-memmove.o)
 .ARM.attributes
                0x0000000000000369       0x2e c:/st/stm32cubeide_1.10.1/stm32cubeide/plugins/com.st.stm32cube.ide.mcu.externaltools.gnu-tools-for-stm32.10.3-2021.10.win32_1.0.0.202111181127/tools/bin/../lib/gcc/arm-none-eabi/10.3.1/../../../../arm-none-eabi/lib/thumb/v7e-m/nofp\libc_nano.a(lib_a-nano-freer.o)
 .ARM.attributes
                0x0000000000000397       0x2e c:/st/stm32cubeide_1.10.1/stm32cubeide/plugins/com.st.stm32cube.ide.mcu.externaltools.gnu-tools-for-stm32.10.3-2021.10.win32_1.0.0.202111181127/tools/bin/../lib/gcc/arm-none-eabi/10.3.1/../../../../arm-none-eabi/lib/thumb/v7e-m/nofp\libc_nano.a(lib_a-nano-mallocr.o)
 .ARM.attributes
                0x00000000000003c5       0x2e c:/st/stm32cubeide_1.10.1/stm32cubeide/plugins/com.st.stm32cube.ide.mcu.externaltools.gnu-tools-for-stm32.10.3-2021.10.win32_1.0.0.202111181127/tools/bin/../lib/gcc/arm-none-eabi/10.3.1/../../../../arm-none-eabi/lib/thumb/v7e-m/nofp\libc_nano.a(lib_a-nano-reallocr.o)
 .ARM.attributes
                0x00000000000003f3       0x2e c:/st/stm32cubeide_1.10.1/stm32cubeide/plugins/com.st.stm32cube.ide.mcu.externaltools.gnu-tools-for-stm32.10.3-2021.10.win32_1.0.0.202111181127/tools/bin/../lib/gcc/arm-none-eabi/10.3.1/../../../../arm-none-eabi/lib/thumb/v7e-m/nofp\libc_nano.a(lib_a-sbrkr.o)
 .ARM.attributes
                0x0000000000000421       0x2e c:/st/stm32cubeide_1.10.1/stm32cubeide/plugins/com.st.stm32cube.ide.mcu.externaltools.gnu-tools-for-stm32.10.3-2021.10.win32_1.0.0.202111181127/tools/bin/../lib/gcc/arm-none-eabi/10.3.1/../../../../arm-none-eabi/lib/thumb/v7e-m/nofp\libc_nano.a(lib_a-mlock.o)
 .ARM.attributes
                0x000000000000044f       0x2e c:/st/stm32cubeide_1.10.1/stm32cubeide/plugins/com.st.stm32cube.ide.mcu.externaltools.gnu-tools-for-stm32.10.3-2021.10.win32_1.0.0.202111181127/tools/bin/../lib/gcc/arm-none-eabi/10.3.1/../../../../arm-none-eabi/lib/thumb/v7e-m/nofp\libc_nano.a(lib_a-nano-msizer.o)
 .ARM.attributes
                0x000000000000047d       0x2e c:/st/stm32cubeide_1.10.1/stm32cubeide/plugins/com.st.stm32cube.ide.mcu.externaltools.gnu-tools-for-stm32.10.3-2021.10.win32_1.0.0.202111181127/tools/bin/../lib/gcc/arm-none-eabi/10.3.1/../../../../arm-none-eabi/lib/thumb/v7e-m/nofp\libc_nano.a(lib_a-reent.o)
 .ARM.attributes
                0x00000000000004ab       0x2e c:/st/stm32cubeide_1.10.1/stm32cubeide/plugins/com.st.stm32cube.ide.mcu.externaltools.gnu-tools-for-stm32.10.3-2021.10.win32_1.0.0.202111181127/tools/bin/../lib/gcc/arm-none-eabi/10.3.1/../../../../arm-none-eabi/lib/thumb/v7e-m/nofp\libc_nano.a(lib_a-lock.o)
 .ARM.attributes
                0x00000000000004d9       0x2e c:/st/stm32cubeide_1.10.1/stm32cubeide/plugins/com.st.stm32cube.ide.mcu.externaltools.gnu-tools-for-stm32.10.3-2021.10.win32_1.0.0.202111181127/tools/bin/../lib/gcc/arm-none-eabi/10.3.1/../../../../arm-none-eabi/lib/thumb/v7e-m/nofp\libnosys.a(sbrk.o)
 .ARM.attributes
                0x0000000000000507       0x1e c:/st/stm32cubeide_1.10.1/stm32cubeide/plugins/com.st.stm32cube.ide.mcu.externaltools.gnu-tools-for-stm32.10.3-2021.10.win32_1.0.0.202111181127/tools/bin/../lib/gcc/arm-none-eabi/10.3.1/thumb/v7e-m/nofp/crtn.o
OUTPUT(WiSe2223_GruppeK3_s_Projektaufgabe_Digitaluhr.elf elf32-littlearm)
LOAD linker stubs
LOAD c:/st/stm32cubeide_1.10.1/stm32cubeide/plugins/com.st.stm32cube.ide.mcu.externaltools.gnu-tools-for-stm32.10.3-2021.10.win32_1.0.0.202111181127/tools/bin/../lib/gcc/arm-none-eabi/10.3.1/../../../../arm-none-eabi/lib/thumb/v7e-m/nofp\libc.a
LOAD c:/st/stm32cubeide_1.10.1/stm32cubeide/plugins/com.st.stm32cube.ide.mcu.externaltools.gnu-tools-for-stm32.10.3-2021.10.win32_1.0.0.202111181127/tools/bin/../lib/gcc/arm-none-eabi/10.3.1/../../../../arm-none-eabi/lib/thumb/v7e-m/nofp\libm.a
LOAD c:/st/stm32cubeide_1.10.1/stm32cubeide/plugins/com.st.stm32cube.ide.mcu.externaltools.gnu-tools-for-stm32.10.3-2021.10.win32_1.0.0.202111181127/tools/bin/../lib/gcc/arm-none-eabi/10.3.1/thumb/v7e-m/nofp\libgcc.a

.debug_info     0x0000000000000000     0x30e8
 .debug_info    0x0000000000000000     0x1480 ./app/src/main.o
 .debug_info    0x0000000000001480       0x22 ./app/statup_stm32f303re.o
 .debug_info    0x00000000000014a2      0x7c3 ./display/display.o
 .debug_info    0x0000000000001c65      0x174 ./display/fonts.o
 .debug_info    0x0000000000001dd9      0x462 ./driver/src/gpio.o
 .debug_info    0x000000000000223b      0x492 ./driver/src/i2c.o
 .debug_info    0x00000000000026cd      0x451 ./keypad/keypad.o
 .debug_info    0x0000000000002b1e      0x5ca ./rtc/rtc.o

.debug_abbrev   0x0000000000000000      0xd7f
 .debug_abbrev  0x0000000000000000      0x3a5 ./app/src/main.o
 .debug_abbrev  0x00000000000003a5       0x12 ./app/statup_stm32f303re.o
 .debug_abbrev  0x00000000000003b7      0x259 ./display/display.o
 .debug_abbrev  0x0000000000000610       0xad ./display/fonts.o
 .debug_abbrev  0x00000000000006bd      0x12c ./driver/src/gpio.o
 .debug_abbrev  0x00000000000007e9      0x164 ./driver/src/i2c.o
 .debug_abbrev  0x000000000000094d      0x175 ./keypad/keypad.o
 .debug_abbrev  0x0000000000000ac2      0x2bd ./rtc/rtc.o

.debug_aranges  0x0000000000000000      0x268
 .debug_aranges
                0x0000000000000000       0x70 ./app/src/main.o
 .debug_aranges
                0x0000000000000070       0x28 ./app/statup_stm32f303re.o
 .debug_aranges
                0x0000000000000098       0x88 ./display/display.o
 .debug_aranges
                0x0000000000000120       0x18 ./display/fonts.o
 .debug_aranges
                0x0000000000000138       0x40 ./driver/src/gpio.o
 .debug_aranges
                0x0000000000000178       0x38 ./driver/src/i2c.o
 .debug_aranges
                0x00000000000001b0       0x38 ./keypad/keypad.o
 .debug_aranges
                0x00000000000001e8       0x80 ./rtc/rtc.o

.debug_ranges   0x0000000000000000      0x230
 .debug_ranges  0x0000000000000000       0xa8 ./app/src/main.o
 .debug_ranges  0x00000000000000a8       0x20 ./app/statup_stm32f303re.o
 .debug_ranges  0x00000000000000c8       0x78 ./display/display.o
 .debug_ranges  0x0000000000000140       0x30 ./driver/src/gpio.o
 .debug_ranges  0x0000000000000170       0x28 ./driver/src/i2c.o
 .debug_ranges  0x0000000000000198       0x28 ./keypad/keypad.o
 .debug_ranges  0x00000000000001c0       0x70 ./rtc/rtc.o

.debug_macro    0x0000000000000000    0x18f93
 .debug_macro   0x0000000000000000      0x32b ./app/src/main.o
 .debug_macro   0x000000000000032b      0xa5a ./app/src/main.o
 .debug_macro   0x0000000000000d85       0x28 ./app/src/main.o
 .debug_macro   0x0000000000000dad       0x22 ./app/src/main.o
 .debug_macro   0x0000000000000dcf       0x8e ./app/src/main.o
 .debug_macro   0x0000000000000e5d       0x51 ./app/src/main.o
 .debug_macro   0x0000000000000eae      0x103 ./app/src/main.o
 .debug_macro   0x0000000000000fb1       0x6a ./app/src/main.o
 .debug_macro   0x000000000000101b      0x1df ./app/src/main.o
 .debug_macro   0x00000000000011fa       0x1c ./app/src/main.o
 .debug_macro   0x0000000000001216       0x22 ./app/src/main.o
 .debug_macro   0x0000000000001238       0xd9 ./app/src/main.o
 .debug_macro   0x0000000000001311     0x102d ./app/src/main.o
 .debug_macro   0x000000000000233e      0x11f ./app/src/main.o
 .debug_macro   0x000000000000245d    0x1535a ./app/src/main.o
 .debug_macro   0x00000000000177b7       0x2e ./app/src/main.o
 .debug_macro   0x00000000000177e5       0x34 ./app/src/main.o
 .debug_macro   0x0000000000017819       0x6d ./app/src/main.o
 .debug_macro   0x0000000000017886       0x34 ./app/src/main.o
 .debug_macro   0x00000000000178ba       0x52 ./app/src/main.o
 .debug_macro   0x000000000001790c       0x18 ./app/src/main.o
 .debug_macro   0x0000000000017924       0x3c ./app/src/main.o
 .debug_macro   0x0000000000017960       0x34 ./app/src/main.o
 .debug_macro   0x0000000000017994       0x16 ./app/src/main.o
 .debug_macro   0x00000000000179aa       0x97 ./app/src/main.o
 .debug_macro   0x0000000000017a41      0x341 ./app/src/main.o
 .debug_macro   0x0000000000017d82       0xfd ./app/src/main.o
 .debug_macro   0x0000000000017e7f       0x10 ./app/src/main.o
 .debug_macro   0x0000000000017e8f       0x16 ./app/src/main.o
 .debug_macro   0x0000000000017ea5       0x43 ./app/src/main.o
 .debug_macro   0x0000000000017ee8       0x34 ./app/src/main.o
 .debug_macro   0x0000000000017f1c       0x10 ./app/src/main.o
 .debug_macro   0x0000000000017f2c       0x58 ./app/src/main.o
 .debug_macro   0x0000000000017f84       0x71 ./app/src/main.o
 .debug_macro   0x0000000000017ff5       0x1c ./app/src/main.o
 .debug_macro   0x0000000000018011      0x12a ./app/src/main.o
 .debug_macro   0x000000000001813b       0x10 ./app/src/main.o
 .debug_macro   0x000000000001814b       0x1c ./app/src/main.o
 .debug_macro   0x0000000000018167       0x52 ./app/src/main.o
 .debug_macro   0x00000000000181b9       0x22 ./app/src/main.o
 .debug_macro   0x00000000000181db       0x10 ./app/src/main.o
 .debug_macro   0x00000000000181eb       0x52 ./app/src/main.o
 .debug_macro   0x000000000001823d       0xd5 ./app/src/main.o
 .debug_macro   0x0000000000018312       0x1c ./app/src/main.o
 .debug_macro   0x000000000001832e       0x3d ./app/src/main.o
 .debug_macro   0x000000000001836b       0x16 ./app/src/main.o
 .debug_macro   0x0000000000018381      0x145 ./app/src/main.o
 .debug_macro   0x00000000000184c6       0x16 ./app/src/main.o
 .debug_macro   0x00000000000184dc       0x35 ./app/src/main.o
 .debug_macro   0x0000000000018511       0x20 ./app/src/main.o
 .debug_macro   0x0000000000018531       0x10 ./app/src/main.o
 .debug_macro   0x0000000000018541       0x16 ./app/src/main.o
 .debug_macro   0x0000000000018557       0x16 ./app/src/main.o
 .debug_macro   0x000000000001856d       0x29 ./app/src/main.o
 .debug_macro   0x0000000000018596       0x16 ./app/src/main.o
 .debug_macro   0x00000000000185ac       0x22 ./app/src/main.o
 .debug_macro   0x00000000000185ce       0x8e ./app/src/main.o
 .debug_macro   0x000000000001865c      0x23d ./display/display.o
 .debug_macro   0x0000000000018899      0x174 ./display/display.o
 .debug_macro   0x0000000000018a0d       0x10 ./display/display.o
 .debug_macro   0x0000000000018a1d       0x28 ./display/display.o
 .debug_macro   0x0000000000018a45      0x1a5 ./display/fonts.o
 .debug_macro   0x0000000000018bea       0xd6 ./driver/src/gpio.o
 .debug_macro   0x0000000000018cc0       0xe0 ./driver/src/i2c.o
 .debug_macro   0x0000000000018da0       0x28 ./driver/src/i2c.o
 .debug_macro   0x0000000000018dc8       0xec ./keypad/keypad.o
 .debug_macro   0x0000000000018eb4       0xdf ./rtc/rtc.o

.debug_line     0x0000000000000000     0x37aa
 .debug_line    0x0000000000000000      0xcd4 ./app/src/main.o
 .debug_line    0x0000000000000cd4       0x78 ./app/statup_stm32f303re.o
 .debug_line    0x0000000000000d4c      0xad3 ./display/display.o
 .debug_line    0x000000000000181f      0x5aa ./display/fonts.o
 .debug_line    0x0000000000001dc9      0x5d0 ./driver/src/gpio.o
 .debug_line    0x0000000000002399      0x6a2 ./driver/src/i2c.o
 .debug_line    0x0000000000002a3b      0x5e7 ./keypad/keypad.o
 .debug_line    0x0000000000003022      0x788 ./rtc/rtc.o

.debug_str      0x0000000000000000    0x8831a
 .debug_str     0x0000000000000000    0x87e01 ./app/src/main.o
                                      0x88194 (size before relaxing)
 .debug_str     0x0000000000087e01       0x2a ./app/statup_stm32f303re.o
                                         0x84 (size before relaxing)
 .debug_str     0x0000000000087e2b      0x2e9 ./display/display.o
                                      0x86511 (size before relaxing)
 .debug_str     0x0000000000088114       0x1c ./display/fonts.o
                                      0x85f64 (size before relaxing)
 .debug_str     0x0000000000088130       0x55 ./driver/src/gpio.o
                                      0x83058 (size before relaxing)
 .debug_str     0x0000000000088185       0x3c ./driver/src/i2c.o
                                      0x82f37 (size before relaxing)
 .debug_str     0x00000000000881c1       0xd3 ./keypad/keypad.o
                                      0x830d0 (size before relaxing)
 .debug_str     0x0000000000088294       0x86 ./rtc/rtc.o
                                      0x82ab9 (size before relaxing)

.comment        0x0000000000000000       0x50
 .comment       0x0000000000000000       0x50 ./app/src/main.o
                                         0x51 (size before relaxing)
 .comment       0x0000000000000050       0x51 ./display/display.o
 .comment       0x0000000000000050       0x51 ./display/fonts.o
 .comment       0x0000000000000050       0x51 ./driver/src/gpio.o
 .comment       0x0000000000000050       0x51 ./driver/src/i2c.o
 .comment       0x0000000000000050       0x51 ./keypad/keypad.o
 .comment       0x0000000000000050       0x51 ./rtc/rtc.o

.debug_frame    0x0000000000000000      0xc4c
 .debug_frame   0x0000000000000000      0x18c ./app/src/main.o
 .debug_frame   0x000000000000018c      0x228 ./display/display.o
 .debug_frame   0x00000000000003b4       0xd8 ./driver/src/gpio.o
 .debug_frame   0x000000000000048c       0xac ./driver/src/i2c.o
 .debug_frame   0x0000000000000538       0xa8 ./keypad/keypad.o
 .debug_frame   0x00000000000005e0      0x1e4 ./rtc/rtc.o
 .debug_frame   0x00000000000007c4       0x2c c:/st/stm32cubeide_1.10.1/stm32cubeide/plugins/com.st.stm32cube.ide.mcu.externaltools.gnu-tools-for-stm32.10.3-2021.10.win32_1.0.0.202111181127/tools/bin/../lib/gcc/arm-none-eabi/10.3.1/../../../../arm-none-eabi/lib/thumb/v7e-m/nofp\libc_nano.a(lib_a-init.o)
 .debug_frame   0x00000000000007f0       0x20 c:/st/stm32cubeide_1.10.1/stm32cubeide/plugins/com.st.stm32cube.ide.mcu.externaltools.gnu-tools-for-stm32.10.3-2021.10.win32_1.0.0.202111181127/tools/bin/../lib/gcc/arm-none-eabi/10.3.1/../../../../arm-none-eabi/lib/thumb/v7e-m/nofp\libc_nano.a(lib_a-memset.o)
 .debug_frame   0x0000000000000810       0x6c c:/st/stm32cubeide_1.10.1/stm32cubeide/plugins/com.st.stm32cube.ide.mcu.externaltools.gnu-tools-for-stm32.10.3-2021.10.win32_1.0.0.202111181127/tools/bin/../lib/gcc/arm-none-eabi/10.3.1/../../../../arm-none-eabi/lib/thumb/v7e-m/nofp\libc_nano.a(lib_a-sprintf.o)
 .debug_frame   0x000000000000087c       0x28 c:/st/stm32cubeide_1.10.1/stm32cubeide/plugins/com.st.stm32cube.ide.mcu.externaltools.gnu-tools-for-stm32.10.3-2021.10.win32_1.0.0.202111181127/tools/bin/../lib/gcc/arm-none-eabi/10.3.1/../../../../arm-none-eabi/lib/thumb/v7e-m/nofp\libc_nano.a(lib_a-strncmp.o)
 .debug_frame   0x00000000000008a4       0x90 c:/st/stm32cubeide_1.10.1/stm32cubeide/plugins/com.st.stm32cube.ide.mcu.externaltools.gnu-tools-for-stm32.10.3-2021.10.win32_1.0.0.202111181127/tools/bin/../lib/gcc/arm-none-eabi/10.3.1/../../../../arm-none-eabi/lib/thumb/v7e-m/nofp\libc_nano.a(lib_a-nano-svfprintf.o)
 .debug_frame   0x0000000000000934       0x60 c:/st/stm32cubeide_1.10.1/stm32cubeide/plugins/com.st.stm32cube.ide.mcu.externaltools.gnu-tools-for-stm32.10.3-2021.10.win32_1.0.0.202111181127/tools/bin/../lib/gcc/arm-none-eabi/10.3.1/../../../../arm-none-eabi/lib/thumb/v7e-m/nofp\libc_nano.a(lib_a-nano-vfprintf_i.o)
 .debug_frame   0x0000000000000994       0x28 c:/st/stm32cubeide_1.10.1/stm32cubeide/plugins/com.st.stm32cube.ide.mcu.externaltools.gnu-tools-for-stm32.10.3-2021.10.win32_1.0.0.202111181127/tools/bin/../lib/gcc/arm-none-eabi/10.3.1/../../../../arm-none-eabi/lib/thumb/v7e-m/nofp\libc_nano.a(lib_a-memcpy-stub.o)
 .debug_frame   0x00000000000009bc       0x28 c:/st/stm32cubeide_1.10.1/stm32cubeide/plugins/com.st.stm32cube.ide.mcu.externaltools.gnu-tools-for-stm32.10.3-2021.10.win32_1.0.0.202111181127/tools/bin/../lib/gcc/arm-none-eabi/10.3.1/../../../../arm-none-eabi/lib/thumb/v7e-m/nofp\libc_nano.a(lib_a-memmove.o)
 .debug_frame   0x00000000000009e4       0x38 c:/st/stm32cubeide_1.10.1/stm32cubeide/plugins/com.st.stm32cube.ide.mcu.externaltools.gnu-tools-for-stm32.10.3-2021.10.win32_1.0.0.202111181127/tools/bin/../lib/gcc/arm-none-eabi/10.3.1/../../../../arm-none-eabi/lib/thumb/v7e-m/nofp\libc_nano.a(lib_a-nano-freer.o)
 .debug_frame   0x0000000000000a1c       0x4c c:/st/stm32cubeide_1.10.1/stm32cubeide/plugins/com.st.stm32cube.ide.mcu.externaltools.gnu-tools-for-stm32.10.3-2021.10.win32_1.0.0.202111181127/tools/bin/../lib/gcc/arm-none-eabi/10.3.1/../../../../arm-none-eabi/lib/thumb/v7e-m/nofp\libc_nano.a(lib_a-nano-mallocr.o)
 .debug_frame   0x0000000000000a68       0x3c c:/st/stm32cubeide_1.10.1/stm32cubeide/plugins/com.st.stm32cube.ide.mcu.externaltools.gnu-tools-for-stm32.10.3-2021.10.win32_1.0.0.202111181127/tools/bin/../lib/gcc/arm-none-eabi/10.3.1/../../../../arm-none-eabi/lib/thumb/v7e-m/nofp\libc_nano.a(lib_a-nano-reallocr.o)
 .debug_frame   0x0000000000000aa4       0x2c c:/st/stm32cubeide_1.10.1/stm32cubeide/plugins/com.st.stm32cube.ide.mcu.externaltools.gnu-tools-for-stm32.10.3-2021.10.win32_1.0.0.202111181127/tools/bin/../lib/gcc/arm-none-eabi/10.3.1/../../../../arm-none-eabi/lib/thumb/v7e-m/nofp\libc_nano.a(lib_a-sbrkr.o)
 .debug_frame   0x0000000000000ad0       0x30 c:/st/stm32cubeide_1.10.1/stm32cubeide/plugins/com.st.stm32cube.ide.mcu.externaltools.gnu-tools-for-stm32.10.3-2021.10.win32_1.0.0.202111181127/tools/bin/../lib/gcc/arm-none-eabi/10.3.1/../../../../arm-none-eabi/lib/thumb/v7e-m/nofp\libc_nano.a(lib_a-mlock.o)
 .debug_frame   0x0000000000000b00       0x20 c:/st/stm32cubeide_1.10.1/stm32cubeide/plugins/com.st.stm32cube.ide.mcu.externaltools.gnu-tools-for-stm32.10.3-2021.10.win32_1.0.0.202111181127/tools/bin/../lib/gcc/arm-none-eabi/10.3.1/../../../../arm-none-eabi/lib/thumb/v7e-m/nofp\libc_nano.a(lib_a-nano-msizer.o)
 .debug_frame   0x0000000000000b20       0x5c c:/st/stm32cubeide_1.10.1/stm32cubeide/plugins/com.st.stm32cube.ide.mcu.externaltools.gnu-tools-for-stm32.10.3-2021.10.win32_1.0.0.202111181127/tools/bin/../lib/gcc/arm-none-eabi/10.3.1/../../../../arm-none-eabi/lib/thumb/v7e-m/nofp\libc_nano.a(lib_a-reent.o)
 .debug_frame   0x0000000000000b7c       0xb0 c:/st/stm32cubeide_1.10.1/stm32cubeide/plugins/com.st.stm32cube.ide.mcu.externaltools.gnu-tools-for-stm32.10.3-2021.10.win32_1.0.0.202111181127/tools/bin/../lib/gcc/arm-none-eabi/10.3.1/../../../../arm-none-eabi/lib/thumb/v7e-m/nofp\libc_nano.a(lib_a-lock.o)
 .debug_frame   0x0000000000000c2c       0x20 c:/st/stm32cubeide_1.10.1/stm32cubeide/plugins/com.st.stm32cube.ide.mcu.externaltools.gnu-tools-for-stm32.10.3-2021.10.win32_1.0.0.202111181127/tools/bin/../lib/gcc/arm-none-eabi/10.3.1/../../../../arm-none-eabi/lib/thumb/v7e-m/nofp\libnosys.a(sbrk.o)
