../rtc/rtc.c:9:13:rtc_write_reg	24	static
../rtc/rtc.c:19:13:rtc_read_reg	24	static
../rtc/rtc.c:25:6:rtc_init	16	static
../rtc/rtc.c:30:6:rtc_I2C_TimeOffset	8	static
../rtc/rtc.c:44:6:rtc_I2c_ReadAll	16	static
../rtc/rtc.c:56:6:rtc_I2C_Calculate	32	static
../rtc/rtc.c:127:9:rtc_get_reg	24	static
../rtc/rtc.c:140:6:rtc_get_time	24	static
../rtc/rtc.c:178:6:rtc_set_time	24	static
../rtc/rtc.c:205:6:rtc_set_date	24	static
../rtc/rtc.c:230:6:rtc_get_date	24	static
../rtc/rtc.c:248:6:rtc_set_alarm	24	static
