../rtc/rtc.c:18:13:rtc_write_reg	24	static
../rtc/rtc.c:41:6:rtc_init	16	static
../rtc/rtc.c:53:9:rtc_get_reg	24	static
../rtc/rtc.c:82:6:rtc_get_time	24	static
../rtc/rtc.c:136:6:rtc_set_time	24	static
../rtc/rtc.c:172:6:rtc_set_date	24	static
../rtc/rtc.c:205:6:rtc_get_date	24	static
../rtc/rtc.c:242:6:rtc_set_alarm	24	static
../rtc/rtc.c:290:6:rtc_get_alarm	24	static
../rtc/rtc.c:318:6:rtc_is_alarm_set	16	static
../rtc/rtc.c:338:6:rtc_alarm_clear	16	static
../rtc/rtc.c:358:6:rtc_set_alarm_callback	16	static
../rtc/rtc.c:369:6:rtc_update	8	static
