C:/Users/Lenovo/Desktop/Uni/Workspace/WiSe2223_GruppeK3_s_Projektaufgabe_Digitaluhr/app/inc/core_cm4.h:1816:22:__NVIC_SetPriority	16	static
../app/src/main.c:90:6:my_alarm1_callback	8	static
../app/src/main.c:112:5:main	104	static
../app/src/main.c:636:5:handle_user_input	24	static
../app/src/main.c:645:12:key_to_digit	16	static
../app/src/main.c:664:5:handle_2_digit_input	24	static
../app/src/main.c:755:5:handle_4_digit_input	16	static
../app/src/main.c:796:6:save_config	80	static
../app/src/main.c:926:6:systick_enable	8	static
../app/src/main.c:937:6:SysTick_Handler	4	static
../app/src/main.c:942:6:delay_ms	24	static
../app/src/main.c:949:10:get_mtick	4	static
