C:/Users/Lenovo/Desktop/Uni/Workspace/WiSe2223_GruppeK3_s_Projektaufgabe_Digitaluhr/app/inc/core_cm4.h:1816:22:__NVIC_SetPriority	16	static
../app/src/main.c:88:6:my_alarm1_callback	8	static
../app/src/main.c:100:5:main	112	static
../app/src/main.c:541:5:handle_user_input	24	static
../app/src/main.c:558:12:key_to_digit	16	static
../app/src/main.c:577:5:handle_2_digit_input	24	static
../app/src/main.c:668:5:handle_4_digit_input	16	static
../app/src/main.c:751:6:systick_enable	8	static
../app/src/main.c:762:6:SysTick_Handler	4	static
../app/src/main.c:767:6:delay_ms	24	static
../app/src/main.c:774:10:get_mtick	4	static
